{
    "apiVersion": "v1",
    "kind": "Pod",
    "metadata": {
        "creationTimestamp": "2026-09-18T15:11:45Z",
        "generation": 1,
        "name": "r2-name-regular-ok",
        "namespace": "study-consistency",
        "resourceVersion": "553",
        "uid": "c473e60a-bc05-4134-a1ec-90f2ac955738"
    },
    "spec": {
        "automountServiceAccountToken": false,
        "containers": [
            {
                "image": "study.local/approved/pause:3.10",
                "imagePullPolicy": "Never",
                "name": "study-probe",
                "resources": {},
                "securityContext": {
                    "allowPrivilegeEscalation": false,
                    "capabilities": {
                        "drop": [
                            "ALL"
                        ]
                    },
                    "readOnlyRootFilesystem": true,
                    "runAsGroup": 1000,
                    "runAsNonRoot": true,
                    "runAsUser": 1000,
                    "seccompProfile": {
                        "type": "RuntimeDefault"
                    }
                },
                "terminationMessagePath": "/dev/termination-log",
                "terminationMessagePolicy": "File"
            }
        ],
        "dnsPolicy": "ClusterFirst",
        "enableServiceLinks": true,
        "preemptionPolicy": "PreemptLowerPriority",
        "priority": 0,
        "restartPolicy": "Never",
        "schedulerName": "default-scheduler",
        "securityContext": {},
        "serviceAccount": "default",
        "serviceAccountName": "default",
        "terminationGracePeriodSeconds": 0,
        "tolerations": [
            {
                "effect": "NoExecute",
                "key": "node.kubernetes.io/not-ready",
                "operator": "Exists",
                "tolerationSeconds": 300
            },
            {
                "effect": "NoExecute",
                "key": "node.kubernetes.io/unreachable",
                "operator": "Exists",
                "tolerationSeconds": 300
            }
        ]
    },
    "status": {
        "phase": "Pending",
        "qosClass": "BestEffort"
    }
}
