Creating cluster "paper-consistency-20260918t151413z-vap" ...
 • Ensuring node image (kindest/node:v1.35.8) 🖼️  ...
 ✓ Ensuring node image (kindest/node:v1.35.8) 🖼️
 • Preparing nodes 📦   ...
 ✓ Preparing nodes 📦 
 • Writing configuration 📜  ...
 ✓ Writing configuration 📜
 • Starting control-plane 🕹️  ...
 ✓ Starting control-plane 🕹️
 • Installing CNI 🔌  ...
 ✓ Installing CNI 🔌
 • Installing StorageClass 💾  ...
 ✓ Installing StorageClass 💾
 • Waiting ≤ 2m0s for control-plane = Ready ⏳  ...
 ✓ Waiting ≤ 2m0s for control-plane = Ready ⏳
 • Ready after 15s 💚
Set kubectl context to "kind-paper-consistency-20260918t151413z-vap"
You can now use your cluster with:

kubectl cluster-info --context kind-paper-consistency-20260918t151413z-vap --kubeconfig /root/.cache/kyverno-paper-study/20260918T151413Z-vap/kubeconfig

Have a question, bug, or feature request? Let us know! https://kind.sigs.k8s.io/#community 🙂
