{"level":"info","ts":1789745015.7757607,"logger":"setup","msg":"setting up manager","user agent":"gatekeeper/v3.23.1 (linux/amd64) 2d0b6ad97cf3a8b8436a00a1f4b07b3a56b92ca0/2026-08-27T21:26:44Z, opa/v1.17.1, frameworks/v0.0.0-20260616163050-e1eaa1bf6d62"}
{"level":"info","ts":1789745015.777916,"logger":"setup","msg":"setting up cert rotation"}
{"level":"info","ts":1789745015.778064,"logger":"setup","msg":"setting up TLS readiness probe"}
{"level":"info","ts":1789745015.7782679,"logger":"setup","msg":"starting manager"}
{"level":"info","ts":1789745015.778352,"msg":"starting server","name":"health probe","addr":"[::]:9090"}
{"level":"info","ts":1789745015.7784505,"logger":"cert-rotation","msg":"starting cert rotator controller"}
{"level":"info","ts":1789745015.7983148,"logger":"readiness-tracker","msg":"ExpectationsDone","gvk":"mutations.gatekeeper.sh/v1, Kind=AssignMetadata","expectationCount":0}
{"level":"info","ts":1789745015.821627,"logger":"readiness-tracker","msg":"ExpectationsDone","gvk":"mutations.gatekeeper.sh/v1, Kind=Assign","expectationCount":0}
{"level":"info","ts":1789745015.8374379,"logger":"readiness-tracker","msg":"ExpectationsDone","gvk":"mutations.gatekeeper.sh/v1, Kind=ModifySet","expectationCount":0}
{"level":"info","ts":1789745015.8451927,"logger":"readiness-tracker","msg":"ExpectationsDone","gvk":"expansion.gatekeeper.sh/v1alpha1, Kind=ExpansionTemplate","expectationCount":0}
{"level":"info","ts":1789745015.885534,"logger":"cert-rotation","msg":"refreshing CA and server certs"}
{"level":"info","ts":1789745015.9851153,"logger":"cert-rotation","msg":"server certs refreshed"}
{"level":"error","ts":1789745016.4013286,"logger":"webhook-tls-checker","msg":"error in loading certificate","error":"unable to load certificate from certDir /certs: open /certs/tls.crt: no such file or directory","stacktrace":"github.com/open-policy-agent/gatekeeper/v3/pkg/webhook.NewTLSChecker.func1\n\t/go/src/github.com/open-policy-agent/gatekeeper/pkg/webhook/health_check.go:49\nsigs.k8s.io/controller-runtime/pkg/healthz.(*Handler).serveAggregated\n\t/go/pkg/mod/sigs.k8s.io/controller-runtime@v0.24.1/pkg/healthz/healthz.go:59\nsigs.k8s.io/controller-runtime/pkg/healthz.(*Handler).ServeHTTP\n\t/go/pkg/mod/sigs.k8s.io/controller-runtime@v0.24.1/pkg/healthz/healthz.go:148\nsigs.k8s.io/controller-runtime/pkg/manager.(*controllerManager).addHealthProbeServer.StripPrefix.func2\n\t/usr/local/go/src/net/http/server.go:2346\nnet/http.HandlerFunc.ServeHTTP\n\t/usr/local/go/src/net/http/server.go:2284\nnet/http.(*ServeMux).ServeHTTP\n\t/usr/local/go/src/net/http/server.go:2826\nnet/http.serverHandler.ServeHTTP\n\t/usr/local/go/src/net/http/server.go:3309\nnet/http.(*conn).serve\n\t/usr/local/go/src/net/http/server.go:2067"}
{"level":"info","ts":1789745016.4014187,"logger":"controller-runtime.healthz","msg":"healthz check failed","statuses":[{},{}]}
{"level":"info","ts":1789745016.8144433,"logger":"readiness-tracker","msg":"config resource not found - skipping for readiness"}
{"level":"info","ts":1789745016.8144374,"logger":"readiness-tracker","msg":"ExpectationsDone","gvk":"externaldata.gatekeeper.sh/v1beta1, Kind=Provider","expectationCount":0}
{"level":"info","ts":1789745016.8279526,"logger":"readiness-tracker","msg":"ExpectationsDone","gvk":"mutations.gatekeeper.sh/v1alpha1, Kind=AssignImage","expectationCount":0}
{"level":"info","ts":1789745016.8734307,"logger":"readiness-tracker","msg":"ExpectationsDone","gvk":"templates.gatekeeper.sh/v1beta1, Kind=ConstraintTemplate","expectationCount":0}
{"level":"info","ts":1789745017.0595834,"logger":"cert-rotation","msg":"certs are ready in /certs"}
{"level":"info","ts":1789745017.0604525,"logger":"cert-rotation","msg":"no cert refresh needed"}
{"level":"info","ts":1789745017.0606594,"logger":"cert-rotation","msg":"Ensuring CA cert","name":"gatekeeper-validating-webhook-configuration","gvk":"admissionregistration.k8s.io/v1, Kind=ValidatingWebhookConfiguration","name":"gatekeeper-validating-webhook-configuration","gvk":"admissionregistration.k8s.io/v1, Kind=ValidatingWebhookConfiguration"}
{"level":"info","ts":1789745017.071848,"logger":"cert-rotation","msg":"Ensuring CA cert","name":"gatekeeper-mutating-webhook-configuration","gvk":"admissionregistration.k8s.io/v1, Kind=MutatingWebhookConfiguration","name":"gatekeeper-mutating-webhook-configuration","gvk":"admissionregistration.k8s.io/v1, Kind=MutatingWebhookConfiguration"}
{"level":"info","ts":1789745017.077448,"logger":"cert-rotation","msg":"no cert refresh needed"}
{"level":"info","ts":1789745017.0776114,"logger":"cert-rotation","msg":"Ensuring CA cert","name":"gatekeeper-validating-webhook-configuration","gvk":"admissionregistration.k8s.io/v1, Kind=ValidatingWebhookConfiguration","name":"gatekeeper-validating-webhook-configuration","gvk":"admissionregistration.k8s.io/v1, Kind=ValidatingWebhookConfiguration"}
{"level":"info","ts":1789745017.0798352,"logger":"cert-rotation","msg":"Ensuring CA cert","name":"gatekeeper-mutating-webhook-configuration","gvk":"admissionregistration.k8s.io/v1, Kind=MutatingWebhookConfiguration","name":"gatekeeper-mutating-webhook-configuration","gvk":"admissionregistration.k8s.io/v1, Kind=MutatingWebhookConfiguration"}
{"level":"error","ts":1789745017.4044402,"logger":"webhook-tls-checker","msg":"error in checking webhook server with https","error":"unable to verify webhook TLS endpoint: https://127.0.0.1:8443: unable to connect to server: Get \"https://127.0.0.1:8443\": dial tcp 127.0.0.1:8443: connect: connection refused\nhttps://[::1]:8443: unable to connect to server: Get \"https://[::1]:8443\": dial tcp [::1]:8443: connect: connection refused","stacktrace":"github.com/open-policy-agent/gatekeeper/v3/pkg/webhook.NewTLSChecker.func1\n\t/go/src/github.com/open-policy-agent/gatekeeper/pkg/webhook/health_check.go:64\nsigs.k8s.io/controller-runtime/pkg/healthz.(*Handler).serveAggregated\n\t/go/pkg/mod/sigs.k8s.io/controller-runtime@v0.24.1/pkg/healthz/healthz.go:59\nsigs.k8s.io/controller-runtime/pkg/healthz.(*Handler).ServeHTTP\n\t/go/pkg/mod/sigs.k8s.io/controller-runtime@v0.24.1/pkg/healthz/healthz.go:148\nsigs.k8s.io/controller-runtime/pkg/manager.(*controllerManager).addHealthProbeServer.StripPrefix.func2\n\t/usr/local/go/src/net/http/server.go:2346\nnet/http.HandlerFunc.ServeHTTP\n\t/usr/local/go/src/net/http/server.go:2284\nnet/http.(*ServeMux).ServeHTTP\n\t/usr/local/go/src/net/http/server.go:2826\nnet/http.serverHandler.ServeHTTP\n\t/usr/local/go/src/net/http/server.go:3309\nnet/http.(*conn).serve\n\t/usr/local/go/src/net/http/server.go:2067"}
{"level":"info","ts":1789745017.4045193,"logger":"controller-runtime.healthz","msg":"healthz check failed","statuses":[{},{}]}
{"level":"info","ts":1789745017.822081,"logger":"readiness-tracker","msg":"ExpectationsDone","gvk":"config.gatekeeper.sh/v1alpha1, Kind=Config","expectationCount":0}
{"level":"info","ts":1789745017.822106,"logger":"readiness-tracker","msg":"ExpectationsDone","gvk":"syncset.gatekeeper.sh/v1alpha1, Kind=SyncSet","expectationCount":0}
{"level":"info","ts":1789745018.1342413,"logger":"cert-rotation","msg":"CA certs are injected to webhooks"}
{"level":"info","ts":1789745018.1345692,"logger":"controller-runtime.certwatcher","msg":"Updated current TLS certificate","cert":"/certs/tls.crt","key":"/certs/tls.key"}
{"level":"info","ts":1789745018.134623,"logger":"setup","msg":"setting up client cert watcher"}
{"level":"info","ts":1789745018.1347156,"logger":"setup","msg":"setting up metrics"}
{"level":"info","ts":1789745018.1347692,"logger":"metrics","msg":"Starting metrics runner"}
{"level":"info","ts":1789745018.1347692,"logger":"controller-runtime.certwatcher","msg":"Starting certificate poll+watcher","cert":"/certs/tls.crt","key":"/certs/tls.key","interval":10}
{"level":"info","ts":1789745018.1347952,"logger":"setup","msg":"setting up controllers"}
{"level":"info","ts":1789745018.1349013,"msg":"Starting Controller","controller":"config-controller"}
{"level":"info","ts":1789745018.134924,"msg":"Starting workers","controller":"config-controller","worker count":1}
{"level":"info","ts":1789745018.1349492,"msg":"Starting EventSource","controller":"config-controller","source":"kind source: *v1alpha1.Config"}
{"level":"info","ts":1789745018.1349678,"msg":"Starting EventSource","controller":"config-controller","source":"kind source: *v1beta1.ConfigPodStatus"}
{"level":"info","ts":1789745018.1350212,"msg":"Starting EventSource","controller":"sync-controller","source":"channel source: 0x1dbc1e5a0d90"}
{"level":"info","ts":1789745018.1350398,"msg":"Starting Controller","controller":"sync-controller"}
{"level":"info","ts":1789745018.135052,"msg":"Starting workers","controller":"sync-controller","worker count":1}
{"level":"info","ts":1789745018.1352296,"msg":"Starting EventSource","controller":"constraint-controller","source":"kind source: *v1beta1.ConstraintPodStatus"}
{"level":"info","ts":1789745018.1352675,"msg":"Starting EventSource","controller":"constraint-controller","source":"channel source: 0x1dbc1e5a1ab0"}
{"level":"info","ts":1789745018.1367652,"msg":"Starting Controller","controller":"expansion-template-controller"}
{"level":"info","ts":1789745018.1367888,"msg":"Starting workers","controller":"expansion-template-controller","worker count":1}
{"level":"info","ts":1789745018.1367931,"msg":"Starting EventSource","controller":"expansion-template-controller","source":"channel source: 0x1dbc1e3f3340"}
{"level":"info","ts":1789745018.1368108,"msg":"Starting EventSource","controller":"expansion-template-controller","source":"kind source: *v1beta1.ExpansionTemplate"}
{"level":"info","ts":1789745018.136818,"msg":"Starting EventSource","controller":"expansion-template-controller","source":"kind source: *v1beta1.ExpansionTemplatePodStatus"}
{"level":"info","ts":1789745018.1368399,"logger":"controller","msg":"Export is disabled via flag","process":"export_controller"}
{"level":"info","ts":1789745018.1368425,"logger":"controller","msg":"Export functionality is disabled, skipping export connection controller setup","process":"export_controller"}
{"level":"info","ts":1789745018.1368625,"msg":"Starting EventSource","controller":"constrainttemplate-controller","source":"kind source: *v1.CustomResourceDefinition"}
{"level":"info","ts":1789745018.1369085,"msg":"Starting EventSource","controller":"constrainttemplate-controller","source":"kind source: *v1beta1.ConstraintTemplatePodStatus"}
{"level":"info","ts":1789745018.1369452,"msg":"Starting EventSource","controller":"externaldata-controller","source":"kind source: *v1beta1.Provider"}
{"level":"info","ts":1789745018.136987,"msg":"Starting EventSource","controller":"externaldata-controller","source":"kind source: *v1beta1.ProviderPodStatus"}
{"level":"info","ts":1789745018.136998,"msg":"Starting EventSource","controller":"constrainttemplate-controller","source":"kind source: *v1beta1.ConstraintTemplate"}
{"level":"info","ts":1789745018.1370223,"msg":"Starting EventSource","controller":"assign-controller","source":"channel source: 0x1dbc1e2c25b0"}
{"level":"info","ts":1789745018.1370356,"msg":"Starting EventSource","controller":"assign-controller","source":"kind source: *v1.Assign"}
{"level":"info","ts":1789745018.1370513,"msg":"Starting EventSource","controller":"assign-controller","source":"kind source: *v1beta1.MutatorPodStatus"}
{"level":"info","ts":1789745018.1370764,"msg":"Starting Controller","controller":"assignimage-controller"}
{"level":"info","ts":1789745018.1371236,"msg":"Starting workers","controller":"assignimage-controller","worker count":1}
{"level":"info","ts":1789745018.1371267,"msg":"Starting EventSource","controller":"assignimage-controller","source":"kind source: *v1alpha1.AssignImage"}
{"level":"info","ts":1789745018.1371317,"msg":"Starting EventSource","controller":"assignimage-controller","source":"kind source: *v1beta1.MutatorPodStatus"}
{"level":"info","ts":1789745018.1371536,"msg":"Starting EventSource","controller":"assignimage-controller","source":"channel source: 0x1dbc1e6d1730"}
{"level":"info","ts":1789745018.137208,"msg":"Starting EventSource","controller":"assignmetadata-controller","source":"kind source: *v1beta1.MutatorPodStatus"}
{"level":"info","ts":1789745018.137248,"msg":"Starting EventSource","controller":"assignmetadata-controller","source":"kind source: *v1.AssignMetadata"}
{"level":"info","ts":1789745018.1372557,"msg":"Starting EventSource","controller":"modifyset-controller","source":"kind source: *v1.ModifySet"}
{"level":"info","ts":1789745018.1372523,"logger":"setup","msg":"setting up webhooks"}
{"level":"info","ts":1789745018.137318,"msg":"Starting EventSource","controller":"modifyset-controller","source":"channel source: 0x1dbc1e2c2620"}
{"level":"info","ts":1789745018.1374278,"msg":"Starting EventSource","controller":"modifyset-controller","source":"kind source: *v1beta1.MutatorPodStatus"}
{"level":"info","ts":1789745018.1375275,"logger":"controller-runtime.webhook","msg":"Registering webhook","path":"/v1/mutate"}
{"level":"info","ts":1789745018.13756,"logger":"controller-runtime.webhook","msg":"Registering webhook","path":"/v1/admitlabel"}
{"level":"info","ts":1789745018.1375926,"msg":"Starting EventSource","controller":"syncset-controller","source":"kind source: *v1alpha1.SyncSet"}
{"level":"info","ts":1789745018.137847,"logger":"controller-runtime.webhook","msg":"Registering webhook","path":"/v1/admit"}
{"level":"info","ts":1789745018.137868,"logger":"setup","msg":"setting up upgrade"}
{"level":"info","ts":1789745018.137883,"logger":"controller","msg":"Starting Upgrade Manager","metaKind":"upgrade"}
{"level":"info","ts":1789745018.1382132,"logger":"controller-runtime.webhook","msg":"Starting webhook server"}
{"level":"info","ts":1789745018.1388385,"logger":"controller-runtime.certwatcher","msg":"Updated current TLS certificate","cert":"/certs/tls.crt","key":"/certs/tls.key"}
{"level":"info","ts":1789745018.138964,"logger":"controller-runtime.webhook","msg":"Serving webhook server","host":"","port":8443}
{"level":"info","ts":1789745018.139216,"logger":"controller-runtime.certwatcher","msg":"Starting certificate poll+watcher","cert":"/certs/tls.crt","key":"/certs/tls.key","interval":10}
{"level":"info","ts":1789745018.1666617,"logger":"controller","msg":"resource","metaKind":"upgrade","kind":"ConstraintTemplate","group":"templates.gatekeeper.sh","version":"v1alpha1"}
{"level":"info","ts":1789745018.167718,"logger":"controller","msg":"resource count","metaKind":"upgrade","count":0}
{"level":"info","ts":1789745018.1714764,"logger":"controller","msg":"resource","metaKind":"upgrade","kind":"Assign","group":"mutations.gatekeeper.sh","version":"v1alpha1"}
{"level":"info","ts":1789745018.1726463,"logger":"controller","msg":"resource count","metaKind":"upgrade","count":0}
{"level":"info","ts":1789745018.1726544,"logger":"controller","msg":"resource","metaKind":"upgrade","kind":"AssignMetadata","group":"mutations.gatekeeper.sh","version":"v1alpha1"}
{"level":"info","ts":1789745018.173517,"logger":"controller","msg":"resource count","metaKind":"upgrade","count":0}
{"level":"info","ts":1789745018.173525,"logger":"controller","msg":"resource","metaKind":"upgrade","kind":"AssignImage","group":"mutations.gatekeeper.sh","version":"v1alpha1"}
{"level":"info","ts":1789745018.1744578,"logger":"controller","msg":"resource count","metaKind":"upgrade","count":0}
{"level":"info","ts":1789745018.1744678,"logger":"controller","msg":"resource","metaKind":"upgrade","kind":"ModifySet","group":"mutations.gatekeeper.sh","version":"v1alpha1"}
{"level":"info","ts":1789745018.1763525,"logger":"controller","msg":"resource count","metaKind":"upgrade","count":0}
{"level":"info","ts":1789745018.180792,"logger":"controller","msg":"resource","metaKind":"upgrade","kind":"Provider","group":"externaldata.gatekeeper.sh","version":"v1alpha1"}
{"level":"info","ts":1789745018.1817944,"msg":"externaldata.gatekeeper.sh/v1alpha1 is deprecated. Use externaldata.gatekeeper.sh/v1beta1 instead."}
{"level":"info","ts":1789745018.1818223,"logger":"controller","msg":"resource count","metaKind":"upgrade","count":0}
{"level":"info","ts":1789745018.2793298,"logger":"readiness-tracker","msg":"readiness satisfied, no further collection"}
{"level":"info","ts":1789745019.2361357,"msg":"Starting Controller","controller":"constraint-controller"}
{"level":"info","ts":1789745019.2361612,"msg":"Starting workers","controller":"constraint-controller","worker count":1}
{"level":"info","ts":1789745019.2396576,"msg":"Starting Controller","controller":"syncset-controller"}
{"level":"info","ts":1789745019.239681,"msg":"Starting workers","controller":"syncset-controller","worker count":1}
{"level":"info","ts":1789745019.338322,"msg":"Starting Controller","controller":"assignmetadata-controller"}
{"level":"info","ts":1789745019.3383565,"msg":"Starting workers","controller":"assignmetadata-controller","worker count":1}
{"level":"info","ts":1789745019.338363,"msg":"Starting Controller","controller":"externaldata-controller"}
{"level":"info","ts":1789745019.33837,"msg":"Starting workers","controller":"externaldata-controller","worker count":1}
{"level":"info","ts":1789745019.3383453,"msg":"Starting Controller","controller":"assign-controller"}
{"level":"info","ts":1789745019.338387,"msg":"Starting workers","controller":"assign-controller","worker count":1}
{"level":"info","ts":1789745019.339301,"msg":"Starting Controller","controller":"modifyset-controller"}
{"level":"info","ts":1789745019.3393185,"msg":"Starting workers","controller":"modifyset-controller","worker count":1}
{"level":"info","ts":1789745019.3403916,"msg":"Starting Controller","controller":"constrainttemplate-controller"}
{"level":"info","ts":1789745019.340416,"msg":"Starting workers","controller":"constrainttemplate-controller","worker count":1}
{"level":"error","ts":1789745032.8795738,"logger":"controller","msg":"error adding template to watch registry","kind":"ConstraintTemplate","process":"constraint_template_controller","name":"studyconformance","crdName":"studyconformance.constraints.gatekeeper.sh","error":"getting informer for kind: constraints.gatekeeper.sh/v1beta1, Kind=StudyConformance no matches for kind \"StudyConformance\" in version \"constraints.gatekeeper.sh/v1beta1\"","stacktrace":"github.com/open-policy-agent/gatekeeper/v3/pkg/controller/constrainttemplate.(*ReconcileConstraintTemplate).handleUpdate\n\t/go/src/github.com/open-policy-agent/gatekeeper/pkg/controller/constrainttemplate/constrainttemplate_controller.go:564\ngithub.com/open-policy-agent/gatekeeper/v3/pkg/controller/constrainttemplate.(*ReconcileConstraintTemplate).Reconcile\n\t/go/src/github.com/open-policy-agent/gatekeeper/pkg/controller/constrainttemplate/constrainttemplate_controller.go:477\nsigs.k8s.io/controller-runtime/pkg/internal/controller.(*Controller[...]).Reconcile\n\t/go/pkg/mod/sigs.k8s.io/controller-runtime@v0.24.1/pkg/internal/controller/controller.go:221\nsigs.k8s.io/controller-runtime/pkg/internal/controller.(*Controller[...]).reconcileHandler\n\t/go/pkg/mod/sigs.k8s.io/controller-runtime@v0.24.1/pkg/internal/controller/controller.go:478\nsigs.k8s.io/controller-runtime/pkg/internal/controller.(*Controller[...]).processNextWorkItem\n\t/go/pkg/mod/sigs.k8s.io/controller-runtime@v0.24.1/pkg/internal/controller/controller.go:437\nsigs.k8s.io/controller-runtime/pkg/internal/controller.(*Controller[...]).Start.func1.1\n\t/go/pkg/mod/sigs.k8s.io/controller-runtime@v0.24.1/pkg/internal/controller/controller.go:312"}
{"level":"error","ts":1789745032.8796365,"logger":"controller","msg":"handle update error","kind":"ConstraintTemplate","process":"constraint_template_controller","template_name":"studyconformance","error":"getting informer for kind: constraints.gatekeeper.sh/v1beta1, Kind=StudyConformance no matches for kind \"StudyConformance\" in version \"constraints.gatekeeper.sh/v1beta1\"","stacktrace":"github.com/open-policy-agent/gatekeeper/v3/pkg/controller/constrainttemplate.(*ReconcileConstraintTemplate).Reconcile\n\t/go/src/github.com/open-policy-agent/gatekeeper/pkg/controller/constrainttemplate/constrainttemplate_controller.go:479\nsigs.k8s.io/controller-runtime/pkg/internal/controller.(*Controller[...]).Reconcile\n\t/go/pkg/mod/sigs.k8s.io/controller-runtime@v0.24.1/pkg/internal/controller/controller.go:221\nsigs.k8s.io/controller-runtime/pkg/internal/controller.(*Controller[...]).reconcileHandler\n\t/go/pkg/mod/sigs.k8s.io/controller-runtime@v0.24.1/pkg/internal/controller/controller.go:478\nsigs.k8s.io/controller-runtime/pkg/internal/controller.(*Controller[...]).processNextWorkItem\n\t/go/pkg/mod/sigs.k8s.io/controller-runtime@v0.24.1/pkg/internal/controller/controller.go:437\nsigs.k8s.io/controller-runtime/pkg/internal/controller.(*Controller[...]).Start.func1.1\n\t/go/pkg/mod/sigs.k8s.io/controller-runtime@v0.24.1/pkg/internal/controller/controller.go:312"}
{"level":"error","ts":1789745032.8796766,"msg":"Reconciler error","controller":"constrainttemplate-controller","object":{"name":"studyconformance"},"namespace":"","name":"studyconformance","reconcileID":"0142a88e-d95f-47cc-ab65-d0f991d0ecc3","error":"getting informer for kind: constraints.gatekeeper.sh/v1beta1, Kind=StudyConformance no matches for kind \"StudyConformance\" in version \"constraints.gatekeeper.sh/v1beta1\"","stacktrace":"sigs.k8s.io/controller-runtime/pkg/internal/controller.(*Controller[...]).reconcileHandler\n\t/go/pkg/mod/sigs.k8s.io/controller-runtime@v0.24.1/pkg/internal/controller/controller.go:494\nsigs.k8s.io/controller-runtime/pkg/internal/controller.(*Controller[...]).processNextWorkItem\n\t/go/pkg/mod/sigs.k8s.io/controller-runtime@v0.24.1/pkg/internal/controller/controller.go:437\nsigs.k8s.io/controller-runtime/pkg/internal/controller.(*Controller[...]).Start.func1.1\n\t/go/pkg/mod/sigs.k8s.io/controller-runtime@v0.24.1/pkg/internal/controller/controller.go:312"}
{"level":"error","ts":1789745032.881619,"logger":"controller","msg":"error adding template to watch registry","kind":"ConstraintTemplate","process":"constraint_template_controller","name":"studyconformance","crdName":"studyconformance.constraints.gatekeeper.sh","error":"getting informer for kind: constraints.gatekeeper.sh/v1beta1, Kind=StudyConformance no matches for kind \"StudyConformance\" in version \"constraints.gatekeeper.sh/v1beta1\"","stacktrace":"github.com/open-policy-agent/gatekeeper/v3/pkg/controller/constrainttemplate.(*ReconcileConstraintTemplate).handleUpdate\n\t/go/src/github.com/open-policy-agent/gatekeeper/pkg/controller/constrainttemplate/constrainttemplate_controller.go:564\ngithub.com/open-policy-agent/gatekeeper/v3/pkg/controller/constrainttemplate.(*ReconcileConstraintTemplate).Reconcile\n\t/go/src/github.com/open-policy-agent/gatekeeper/pkg/controller/constrainttemplate/constrainttemplate_controller.go:477\nsigs.k8s.io/controller-runtime/pkg/internal/controller.(*Controller[...]).Reconcile\n\t/go/pkg/mod/sigs.k8s.io/controller-runtime@v0.24.1/pkg/internal/controller/controller.go:221\nsigs.k8s.io/controller-runtime/pkg/internal/controller.(*Controller[...]).reconcileHandler\n\t/go/pkg/mod/sigs.k8s.io/controller-runtime@v0.24.1/pkg/internal/controller/controller.go:478\nsigs.k8s.io/controller-runtime/pkg/internal/controller.(*Controller[...]).processNextWorkItem\n\t/go/pkg/mod/sigs.k8s.io/controller-runtime@v0.24.1/pkg/internal/controller/controller.go:437\nsigs.k8s.io/controller-runtime/pkg/internal/controller.(*Controller[...]).Start.func1.1\n\t/go/pkg/mod/sigs.k8s.io/controller-runtime@v0.24.1/pkg/internal/controller/controller.go:312"}
{"level":"error","ts":1789745032.8816535,"logger":"controller","msg":"handle update error","kind":"ConstraintTemplate","process":"constraint_template_controller","template_name":"studyconformance","error":"getting informer for kind: constraints.gatekeeper.sh/v1beta1, Kind=StudyConformance no matches for kind \"StudyConformance\" in version \"constraints.gatekeeper.sh/v1beta1\"","stacktrace":"github.com/open-policy-agent/gatekeeper/v3/pkg/controller/constrainttemplate.(*ReconcileConstraintTemplate).Reconcile\n\t/go/src/github.com/open-policy-agent/gatekeeper/pkg/controller/constrainttemplate/constrainttemplate_controller.go:479\nsigs.k8s.io/controller-runtime/pkg/internal/controller.(*Controller[...]).Reconcile\n\t/go/pkg/mod/sigs.k8s.io/controller-runtime@v0.24.1/pkg/internal/controller/controller.go:221\nsigs.k8s.io/controller-runtime/pkg/internal/controller.(*Controller[...]).reconcileHandler\n\t/go/pkg/mod/sigs.k8s.io/controller-runtime@v0.24.1/pkg/internal/controller/controller.go:478\nsigs.k8s.io/controller-runtime/pkg/internal/controller.(*Controller[...]).processNextWorkItem\n\t/go/pkg/mod/sigs.k8s.io/controller-runtime@v0.24.1/pkg/internal/controller/controller.go:437\nsigs.k8s.io/controller-runtime/pkg/internal/controller.(*Controller[...]).Start.func1.1\n\t/go/pkg/mod/sigs.k8s.io/controller-runtime@v0.24.1/pkg/internal/controller/controller.go:312"}
{"level":"error","ts":1789745032.8816755,"msg":"Reconciler error","controller":"constrainttemplate-controller","object":{"name":"studyconformance"},"namespace":"","name":"studyconformance","reconcileID":"4e93bec8-ee7d-46ec-975c-ec16e9d212c4","error":"getting informer for kind: constraints.gatekeeper.sh/v1beta1, Kind=StudyConformance no matches for kind \"StudyConformance\" in version \"constraints.gatekeeper.sh/v1beta1\"","stacktrace":"sigs.k8s.io/controller-runtime/pkg/internal/controller.(*Controller[...]).reconcileHandler\n\t/go/pkg/mod/sigs.k8s.io/controller-runtime@v0.24.1/pkg/internal/controller/controller.go:494\nsigs.k8s.io/controller-runtime/pkg/internal/controller.(*Controller[...]).processNextWorkItem\n\t/go/pkg/mod/sigs.k8s.io/controller-runtime@v0.24.1/pkg/internal/controller/controller.go:437\nsigs.k8s.io/controller-runtime/pkg/internal/controller.(*Controller[...]).Start.func1.1\n\t/go/pkg/mod/sigs.k8s.io/controller-runtime@v0.24.1/pkg/internal/controller/controller.go:312"}
{"level":"error","ts":1789745032.889851,"logger":"controller","msg":"error adding template to watch registry","kind":"ConstraintTemplate","process":"constraint_template_controller","name":"studyconformance","crdName":"studyconformance.constraints.gatekeeper.sh","error":"getting informer for kind: constraints.gatekeeper.sh/v1beta1, Kind=StudyConformance no matches for kind \"StudyConformance\" in version \"constraints.gatekeeper.sh/v1beta1\"","stacktrace":"github.com/open-policy-agent/gatekeeper/v3/pkg/controller/constrainttemplate.(*ReconcileConstraintTemplate).handleUpdate\n\t/go/src/github.com/open-policy-agent/gatekeeper/pkg/controller/constrainttemplate/constrainttemplate_controller.go:564\ngithub.com/open-policy-agent/gatekeeper/v3/pkg/controller/constrainttemplate.(*ReconcileConstraintTemplate).Reconcile\n\t/go/src/github.com/open-policy-agent/gatekeeper/pkg/controller/constrainttemplate/constrainttemplate_controller.go:477\nsigs.k8s.io/controller-runtime/pkg/internal/controller.(*Controller[...]).Reconcile\n\t/go/pkg/mod/sigs.k8s.io/controller-runtime@v0.24.1/pkg/internal/controller/controller.go:221\nsigs.k8s.io/controller-runtime/pkg/internal/controller.(*Controller[...]).reconcileHandler\n\t/go/pkg/mod/sigs.k8s.io/controller-runtime@v0.24.1/pkg/internal/controller/controller.go:478\nsigs.k8s.io/controller-runtime/pkg/internal/controller.(*Controller[...]).processNextWorkItem\n\t/go/pkg/mod/sigs.k8s.io/controller-runtime@v0.24.1/pkg/internal/controller/controller.go:437\nsigs.k8s.io/controller-runtime/pkg/internal/controller.(*Controller[...]).Start.func1.1\n\t/go/pkg/mod/sigs.k8s.io/controller-runtime@v0.24.1/pkg/internal/controller/controller.go:312"}
{"level":"error","ts":1789745032.8899257,"logger":"controller","msg":"handle update error","kind":"ConstraintTemplate","process":"constraint_template_controller","template_name":"studyconformance","error":"getting informer for kind: constraints.gatekeeper.sh/v1beta1, Kind=StudyConformance no matches for kind \"StudyConformance\" in version \"constraints.gatekeeper.sh/v1beta1\"","stacktrace":"github.com/open-policy-agent/gatekeeper/v3/pkg/controller/constrainttemplate.(*ReconcileConstraintTemplate).Reconcile\n\t/go/src/github.com/open-policy-agent/gatekeeper/pkg/controller/constrainttemplate/constrainttemplate_controller.go:479\nsigs.k8s.io/controller-runtime/pkg/internal/controller.(*Controller[...]).Reconcile\n\t/go/pkg/mod/sigs.k8s.io/controller-runtime@v0.24.1/pkg/internal/controller/controller.go:221\nsigs.k8s.io/controller-runtime/pkg/internal/controller.(*Controller[...]).reconcileHandler\n\t/go/pkg/mod/sigs.k8s.io/controller-runtime@v0.24.1/pkg/internal/controller/controller.go:478\nsigs.k8s.io/controller-runtime/pkg/internal/controller.(*Controller[...]).processNextWorkItem\n\t/go/pkg/mod/sigs.k8s.io/controller-runtime@v0.24.1/pkg/internal/controller/controller.go:437\nsigs.k8s.io/controller-runtime/pkg/internal/controller.(*Controller[...]).Start.func1.1\n\t/go/pkg/mod/sigs.k8s.io/controller-runtime@v0.24.1/pkg/internal/controller/controller.go:312"}
{"level":"error","ts":1789745032.889964,"msg":"Reconciler error","controller":"constrainttemplate-controller","object":{"name":"studyconformance"},"namespace":"","name":"studyconformance","reconcileID":"a5318874-e9c3-47f1-993b-c376b8cd9b13","error":"getting informer for kind: constraints.gatekeeper.sh/v1beta1, Kind=StudyConformance no matches for kind \"StudyConformance\" in version \"constraints.gatekeeper.sh/v1beta1\"","stacktrace":"sigs.k8s.io/controller-runtime/pkg/internal/controller.(*Controller[...]).reconcileHandler\n\t/go/pkg/mod/sigs.k8s.io/controller-runtime@v0.24.1/pkg/internal/controller/controller.go:494\nsigs.k8s.io/controller-runtime/pkg/internal/controller.(*Controller[...]).processNextWorkItem\n\t/go/pkg/mod/sigs.k8s.io/controller-runtime@v0.24.1/pkg/internal/controller/controller.go:437\nsigs.k8s.io/controller-runtime/pkg/internal/controller.(*Controller[...]).Start.func1.1\n\t/go/pkg/mod/sigs.k8s.io/controller-runtime@v0.24.1/pkg/internal/controller/controller.go:312"}
{"level":"error","ts":1789745032.9085233,"logger":"controller","msg":"error adding template to watch registry","kind":"ConstraintTemplate","process":"constraint_template_controller","name":"studyconformance","crdName":"studyconformance.constraints.gatekeeper.sh","error":"getting informer for kind: constraints.gatekeeper.sh/v1beta1, Kind=StudyConformance no matches for kind \"StudyConformance\" in version \"constraints.gatekeeper.sh/v1beta1\"","stacktrace":"github.com/open-policy-agent/gatekeeper/v3/pkg/controller/constrainttemplate.(*ReconcileConstraintTemplate).handleUpdate\n\t/go/src/github.com/open-policy-agent/gatekeeper/pkg/controller/constrainttemplate/constrainttemplate_controller.go:564\ngithub.com/open-policy-agent/gatekeeper/v3/pkg/controller/constrainttemplate.(*ReconcileConstraintTemplate).Reconcile\n\t/go/src/github.com/open-policy-agent/gatekeeper/pkg/controller/constrainttemplate/constrainttemplate_controller.go:477\nsigs.k8s.io/controller-runtime/pkg/internal/controller.(*Controller[...]).Reconcile\n\t/go/pkg/mod/sigs.k8s.io/controller-runtime@v0.24.1/pkg/internal/controller/controller.go:221\nsigs.k8s.io/controller-runtime/pkg/internal/controller.(*Controller[...]).reconcileHandler\n\t/go/pkg/mod/sigs.k8s.io/controller-runtime@v0.24.1/pkg/internal/controller/controller.go:478\nsigs.k8s.io/controller-runtime/pkg/internal/controller.(*Controller[...]).processNextWorkItem\n\t/go/pkg/mod/sigs.k8s.io/controller-runtime@v0.24.1/pkg/internal/controller/controller.go:437\nsigs.k8s.io/controller-runtime/pkg/internal/controller.(*Controller[...]).Start.func1.1\n\t/go/pkg/mod/sigs.k8s.io/controller-runtime@v0.24.1/pkg/internal/controller/controller.go:312"}
{"level":"error","ts":1789745032.908598,"logger":"controller","msg":"handle update error","kind":"ConstraintTemplate","process":"constraint_template_controller","template_name":"studyconformance","error":"getting informer for kind: constraints.gatekeeper.sh/v1beta1, Kind=StudyConformance no matches for kind \"StudyConformance\" in version \"constraints.gatekeeper.sh/v1beta1\"","stacktrace":"github.com/open-policy-agent/gatekeeper/v3/pkg/controller/constrainttemplate.(*ReconcileConstraintTemplate).Reconcile\n\t/go/src/github.com/open-policy-agent/gatekeeper/pkg/controller/constrainttemplate/constrainttemplate_controller.go:479\nsigs.k8s.io/controller-runtime/pkg/internal/controller.(*Controller[...]).Reconcile\n\t/go/pkg/mod/sigs.k8s.io/controller-runtime@v0.24.1/pkg/internal/controller/controller.go:221\nsigs.k8s.io/controller-runtime/pkg/internal/controller.(*Controller[...]).reconcileHandler\n\t/go/pkg/mod/sigs.k8s.io/controller-runtime@v0.24.1/pkg/internal/controller/controller.go:478\nsigs.k8s.io/controller-runtime/pkg/internal/controller.(*Controller[...]).processNextWorkItem\n\t/go/pkg/mod/sigs.k8s.io/controller-runtime@v0.24.1/pkg/internal/controller/controller.go:437\nsigs.k8s.io/controller-runtime/pkg/internal/controller.(*Controller[...]).Start.func1.1\n\t/go/pkg/mod/sigs.k8s.io/controller-runtime@v0.24.1/pkg/internal/controller/controller.go:312"}
{"level":"error","ts":1789745032.9086487,"msg":"Reconciler error","controller":"constrainttemplate-controller","object":{"name":"studyconformance"},"namespace":"","name":"studyconformance","reconcileID":"b3974ff4-3aa0-4295-8cb4-b79cf1afd339","error":"getting informer for kind: constraints.gatekeeper.sh/v1beta1, Kind=StudyConformance no matches for kind \"StudyConformance\" in version \"constraints.gatekeeper.sh/v1beta1\"","stacktrace":"sigs.k8s.io/controller-runtime/pkg/internal/controller.(*Controller[...]).reconcileHandler\n\t/go/pkg/mod/sigs.k8s.io/controller-runtime@v0.24.1/pkg/internal/controller/controller.go:494\nsigs.k8s.io/controller-runtime/pkg/internal/controller.(*Controller[...]).processNextWorkItem\n\t/go/pkg/mod/sigs.k8s.io/controller-runtime@v0.24.1/pkg/internal/controller/controller.go:437\nsigs.k8s.io/controller-runtime/pkg/internal/controller.(*Controller[...]).Start.func1.1\n\t/go/pkg/mod/sigs.k8s.io/controller-runtime@v0.24.1/pkg/internal/controller/controller.go:312"}
{"level":"info","ts":1789745032.9215045,"logger":"watch-manager","msg":"replaying events","registrar":"constrainttemplate-controller-status","gvk":"constraints.gatekeeper.sh/v1beta1, Kind=StudyConformance"}
Found 3 pods, using pod/gatekeeper-controller-manager-b4b98898b-hhd6z
