namespace/kyverno created
serviceaccount/kyverno-admission-controller created
serviceaccount/kyverno-background-controller created
serviceaccount/kyverno-cleanup-controller created
serviceaccount/kyverno-reports-controller created
configmap/kyverno created
configmap/kyverno-metrics created
customresourcedefinition.apiextensions.k8s.io/cleanuppolicies.kyverno.io created
customresourcedefinition.apiextensions.k8s.io/clustercleanuppolicies.kyverno.io created
customresourcedefinition.apiextensions.k8s.io/clusterpolicies.kyverno.io created
customresourcedefinition.apiextensions.k8s.io/globalcontextentries.kyverno.io created
customresourcedefinition.apiextensions.k8s.io/policies.kyverno.io created
customresourcedefinition.apiextensions.k8s.io/policyexceptions.kyverno.io created
customresourcedefinition.apiextensions.k8s.io/updaterequests.kyverno.io created
customresourcedefinition.apiextensions.k8s.io/clusterephemeralreports.reports.kyverno.io created
customresourcedefinition.apiextensions.k8s.io/ephemeralreports.reports.kyverno.io created
customresourcedefinition.apiextensions.k8s.io/clusterpolicyreports.wgpolicyk8s.io created
customresourcedefinition.apiextensions.k8s.io/policyreports.wgpolicyk8s.io created
customresourcedefinition.apiextensions.k8s.io/deletingpolicies.policies.kyverno.io created
customresourcedefinition.apiextensions.k8s.io/generatingpolicies.policies.kyverno.io created
customresourcedefinition.apiextensions.k8s.io/imagevalidatingpolicies.policies.kyverno.io created
customresourcedefinition.apiextensions.k8s.io/mutatingpolicies.policies.kyverno.io created
customresourcedefinition.apiextensions.k8s.io/namespaceddeletingpolicies.policies.kyverno.io created
customresourcedefinition.apiextensions.k8s.io/namespacedgeneratingpolicies.policies.kyverno.io created
customresourcedefinition.apiextensions.k8s.io/namespacedimagevalidatingpolicies.policies.kyverno.io created
customresourcedefinition.apiextensions.k8s.io/namespacedmutatingpolicies.policies.kyverno.io created
customresourcedefinition.apiextensions.k8s.io/namespacedvalidatingpolicies.policies.kyverno.io created
customresourcedefinition.apiextensions.k8s.io/policyexceptions.policies.kyverno.io created
customresourcedefinition.apiextensions.k8s.io/validatingpolicies.policies.kyverno.io created
clusterrole.rbac.authorization.k8s.io/kyverno:admission-controller created
clusterrole.rbac.authorization.k8s.io/kyverno:admission-controller:core created
clusterrole.rbac.authorization.k8s.io/kyverno:background-controller created
clusterrole.rbac.authorization.k8s.io/kyverno:background-controller:core created
clusterrole.rbac.authorization.k8s.io/kyverno:cleanup-controller created
clusterrole.rbac.authorization.k8s.io/kyverno:cleanup-controller:core created
clusterrole.rbac.authorization.k8s.io/kyverno:rbac:admin:policies created
clusterrole.rbac.authorization.k8s.io/kyverno:rbac:view:policies created
clusterrole.rbac.authorization.k8s.io/kyverno:rbac:admin:policyreports created
clusterrole.rbac.authorization.k8s.io/kyverno:rbac:view:policyreports created
clusterrole.rbac.authorization.k8s.io/kyverno:rbac:admin:reports created
clusterrole.rbac.authorization.k8s.io/kyverno:rbac:view:reports created
clusterrole.rbac.authorization.k8s.io/kyverno:rbac:admin:updaterequests created
clusterrole.rbac.authorization.k8s.io/kyverno:rbac:view:updaterequests created
clusterrole.rbac.authorization.k8s.io/kyverno:reports-controller created
clusterrole.rbac.authorization.k8s.io/kyverno:reports-controller:core created
clusterrolebinding.rbac.authorization.k8s.io/kyverno:admission-controller created
clusterrolebinding.rbac.authorization.k8s.io/kyverno:admission-controller:view created
clusterrolebinding.rbac.authorization.k8s.io/kyverno:background-controller created
clusterrolebinding.rbac.authorization.k8s.io/kyverno:background-controller:view created
clusterrolebinding.rbac.authorization.k8s.io/kyverno:cleanup-controller created
clusterrolebinding.rbac.authorization.k8s.io/kyverno:reports-controller created
clusterrolebinding.rbac.authorization.k8s.io/kyverno:reports-controller:view created
role.rbac.authorization.k8s.io/kyverno:admission-controller created
role.rbac.authorization.k8s.io/kyverno:background-controller created
role.rbac.authorization.k8s.io/kyverno:cleanup-controller created
role.rbac.authorization.k8s.io/kyverno:reports-controller created
rolebinding.rbac.authorization.k8s.io/kyverno:admission-controller created
rolebinding.rbac.authorization.k8s.io/kyverno:background-controller created
rolebinding.rbac.authorization.k8s.io/kyverno:cleanup-controller created
rolebinding.rbac.authorization.k8s.io/kyverno:reports-controller created
service/kyverno-svc created
service/kyverno-svc-metrics created
service/kyverno-background-controller-metrics created
service/kyverno-cleanup-controller created
service/kyverno-cleanup-controller-metrics created
service/kyverno-reports-controller-metrics created
deployment.apps/kyverno-admission-controller created
deployment.apps/kyverno-background-controller created
deployment.apps/kyverno-cleanup-controller created
deployment.apps/kyverno-reports-controller created
