[90m2026-09-18T15:36:57Z[0m [34mTRC[0m [1mgithub.com/kyverno/kyverno/pkg/version/version.go:49[0m[36m >[0m version [36mhash=[0m40ec788d48bb28d83dbf85538e962a59db9d45c6 [36mlogger=[0msetup/version [36mv=[0m2 [36mversion=[0mv1.19.1
[90m2026-09-18T15:36:57Z[0m [34mTRC[0m [1mgithub.com/kyverno/kyverno/cmd/internal/flag.go:335[0m[36m >[0m [36madd_dir_header=[0mfalse [36mlogger=[0msetup/flag [36mv=[0m2
[90m2026-09-18T15:36:57Z[0m [34mTRC[0m [1mgithub.com/kyverno/kyverno/cmd/internal/flag.go:335[0m[36m >[0m [36madmissionReports=[0mtrue [36mlogger=[0msetup/flag [36mv=[0m2
[90m2026-09-18T15:36:57Z[0m [34mTRC[0m [1mgithub.com/kyverno/kyverno/cmd/internal/flag.go:335[0m[36m >[0m [36maggregateReports=[0mtrue [36mlogger=[0msetup/flag [36mv=[0m2
[90m2026-09-18T15:36:57Z[0m [34mTRC[0m [1mgithub.com/kyverno/kyverno/cmd/internal/flag.go:335[0m[36m >[0m [36maggregationWorkers=[0m10 [36mlogger=[0msetup/flag [36mv=[0m2
[90m2026-09-18T15:36:57Z[0m [34mTRC[0m [1mgithub.com/kyverno/kyverno/cmd/internal/flag.go:335[0m[36m >[0m [36mallowHTTPInNamespacedPolicies=[0m [36mlogger=[0msetup/flag [36mv=[0m2
[90m2026-09-18T15:36:57Z[0m [34mTRC[0m [1mgithub.com/kyverno/kyverno/cmd/internal/flag.go:335[0m[36m >[0m [36mallowInsecureRegistry=[0mfalse [36mlogger=[0msetup/flag [36mv=[0m2
[90m2026-09-18T15:36:57Z[0m [34mTRC[0m [1mgithub.com/kyverno/kyverno/cmd/internal/flag.go:335[0m[36m >[0m [36mallowedResults=[0mpass,fail,error,warn,skip [36mlogger=[0msetup/flag [36mv=[0m2
[90m2026-09-18T15:36:57Z[0m [34mTRC[0m [1mgithub.com/kyverno/kyverno/cmd/internal/flag.go:335[0m[36m >[0m [36malsologtostderr=[0mfalse [36mlogger=[0msetup/flag [36mv=[0m2
[90m2026-09-18T15:36:57Z[0m [34mTRC[0m [1mgithub.com/kyverno/kyverno/cmd/internal/flag.go:335[0m[36m >[0m [36malsologtostderrthreshold=[0m0 [36mlogger=[0msetup/flag [36mv=[0m2
[90m2026-09-18T15:36:57Z[0m [34mTRC[0m [1mgithub.com/kyverno/kyverno/cmd/internal/flag.go:335[0m[36m >[0m [36mapiCallTimeout=[0m30s [36mlogger=[0msetup/flag [36mv=[0m2
[90m2026-09-18T15:36:57Z[0m [34mTRC[0m [1mgithub.com/kyverno/kyverno/cmd/internal/flag.go:335[0m[36m >[0m [36mautoMemLimitEnabled=[0mtrue [36mlogger=[0msetup/flag [36mv=[0m2
[90m2026-09-18T15:36:57Z[0m [34mTRC[0m [1mgithub.com/kyverno/kyverno/cmd/internal/flag.go:335[0m[36m >[0m [36mautoMemLimitRatio=[0m0.9 [36mlogger=[0msetup/flag [36mv=[0m2
[90m2026-09-18T15:36:57Z[0m [34mTRC[0m [1mgithub.com/kyverno/kyverno/cmd/internal/flag.go:335[0m[36m >[0m [36mbackgroundScan=[0mtrue [36mlogger=[0msetup/flag [36mv=[0m2
[90m2026-09-18T15:36:57Z[0m [34mTRC[0m [1mgithub.com/kyverno/kyverno/cmd/internal/flag.go:335[0m[36m >[0m [36mbackgroundScanInterval=[0m1h0m0s [36mlogger=[0msetup/flag [36mv=[0m2
[90m2026-09-18T15:36:57Z[0m [34mTRC[0m [1mgithub.com/kyverno/kyverno/cmd/internal/flag.go:335[0m[36m >[0m [36mbackgroundScanWorkers=[0m2 [36mlogger=[0msetup/flag [36mv=[0m2
[90m2026-09-18T15:36:57Z[0m [34mTRC[0m [1mgithub.com/kyverno/kyverno/cmd/internal/flag.go:335[0m[36m >[0m [36mcleanupServerHost=[0m [36mlogger=[0msetup/flag [36mv=[0m2
[90m2026-09-18T15:36:57Z[0m [34mTRC[0m [1mgithub.com/kyverno/kyverno/cmd/internal/flag.go:335[0m[36m >[0m [36mcleanupServerPort=[0m9443 [36mlogger=[0msetup/flag [36mv=[0m2
[90m2026-09-18T15:36:57Z[0m [34mTRC[0m [1mgithub.com/kyverno/kyverno/cmd/internal/flag.go:335[0m[36m >[0m [36mclientRateLimitBurst=[0m300 [36mlogger=[0msetup/flag [36mv=[0m2
[90m2026-09-18T15:36:57Z[0m [34mTRC[0m [1mgithub.com/kyverno/kyverno/cmd/internal/flag.go:335[0m[36m >[0m [36mclientRateLimitQPS=[0m300 [36mlogger=[0msetup/flag [36mv=[0m2
[90m2026-09-18T15:36:57Z[0m [34mTRC[0m [1mgithub.com/kyverno/kyverno/cmd/internal/flag.go:335[0m[36m >[0m [36mcrdWatcher=[0mfalse [36mlogger=[0msetup/flag [36mv=[0m2
[90m2026-09-18T15:36:57Z[0m [34mTRC[0m [1mgithub.com/kyverno/kyverno/cmd/internal/flag.go:335[0m[36m >[0m [36mdisableLogColor=[0mfalse [36mlogger=[0msetup/flag [36mv=[0m2
[90m2026-09-18T15:36:57Z[0m [34mTRC[0m [1mgithub.com/kyverno/kyverno/cmd/internal/flag.go:335[0m[36m >[0m [36mdisableMetrics=[0mfalse [36mlogger=[0msetup/flag [36mv=[0m2
[90m2026-09-18T15:36:57Z[0m [34mTRC[0m [1mgithub.com/kyverno/kyverno/cmd/internal/flag.go:335[0m[36m >[0m [36menableConfigMapCaching=[0mtrue [36mlogger=[0msetup/flag [36mv=[0m2
[90m2026-09-18T15:36:57Z[0m [34mTRC[0m [1mgithub.com/kyverno/kyverno/cmd/internal/flag.go:335[0m[36m >[0m [36menableCosignLogging=[0mfalse [36mlogger=[0msetup/flag [36mv=[0m2
[90m2026-09-18T15:36:57Z[0m [34mTRC[0m [1mgithub.com/kyverno/kyverno/cmd/internal/flag.go:335[0m[36m >[0m [36menableDeferredLoading=[0m [36mlogger=[0msetup/flag [36mv=[0m2
[90m2026-09-18T15:36:57Z[0m [34mTRC[0m [1mgithub.com/kyverno/kyverno/cmd/internal/flag.go:335[0m[36m >[0m [36menablePolicyException=[0mfalse [36mlogger=[0msetup/flag [36mv=[0m2
[90m2026-09-18T15:36:57Z[0m [34mTRC[0m [1mgithub.com/kyverno/kyverno/cmd/internal/flag.go:335[0m[36m >[0m [36menableReporting=[0mvalidate,mutate,mutateExisting,imageVerify,generate [36mlogger=[0msetup/flag [36mv=[0m2
[90m2026-09-18T15:36:57Z[0m [34mTRC[0m [1mgithub.com/kyverno/kyverno/cmd/internal/flag.go:335[0m[36m >[0m [36menableTracing=[0mfalse [36mlogger=[0msetup/flag [36mv=[0m2
[90m2026-09-18T15:36:57Z[0m [34mTRC[0m [1mgithub.com/kyverno/kyverno/cmd/internal/flag.go:335[0m[36m >[0m [36menableTuf=[0mfalse [36mlogger=[0msetup/flag [36mv=[0m2
[90m2026-09-18T15:36:57Z[0m [34mTRC[0m [1mgithub.com/kyverno/kyverno/cmd/internal/flag.go:335[0m[36m >[0m [36meventsRateLimitBurst=[0m2000 [36mlogger=[0msetup/flag [36mv=[0m2
[90m2026-09-18T15:36:57Z[0m [34mTRC[0m [1mgithub.com/kyverno/kyverno/cmd/internal/flag.go:335[0m[36m >[0m [36meventsRateLimitQPS=[0m1000 [36mlogger=[0msetup/flag [36mv=[0m2
[90m2026-09-18T15:36:57Z[0m [34mTRC[0m [1mgithub.com/kyverno/kyverno/cmd/internal/flag.go:335[0m[36m >[0m [36mexceptionNamespace=[0m [36mlogger=[0msetup/flag [36mv=[0m2
[90m2026-09-18T15:36:57Z[0m [34mTRC[0m [1mgithub.com/kyverno/kyverno/cmd/internal/flag.go:335[0m[36m >[0m [36mexemplarFilter=[0mtrace-based [36mlogger=[0msetup/flag [36mv=[0m2
[90m2026-09-18T15:36:57Z[0m [34mTRC[0m [1mgithub.com/kyverno/kyverno/cmd/internal/flag.go:335[0m[36m >[0m [36mhttpAllowlist=[0m [36mlogger=[0msetup/flag [36mv=[0m2
[90m2026-09-18T15:36:57Z[0m [34mTRC[0m [1mgithub.com/kyverno/kyverno/cmd/internal/flag.go:335[0m[36m >[0m [36mhttpBlocklist=[0m [36mlogger=[0msetup/flag [36mv=[0m2
[90m2026-09-18T15:36:57Z[0m [34mTRC[0m [1mgithub.com/kyverno/kyverno/cmd/internal/flag.go:335[0m[36m >[0m [36mimagePullSecrets=[0m [36mlogger=[0msetup/flag [36mv=[0m2
[90m2026-09-18T15:36:57Z[0m [34mTRC[0m [1mgithub.com/kyverno/kyverno/cmd/internal/flag.go:335[0m[36m >[0m [36mimageVerifyCacheEnabled=[0mtrue [36mlogger=[0msetup/flag [36mv=[0m2
[90m2026-09-18T15:36:57Z[0m [34mTRC[0m [1mgithub.com/kyverno/kyverno/cmd/internal/flag.go:335[0m[36m >[0m [36mimageVerifyCacheMaxSize=[0m1000 [36mlogger=[0msetup/flag [36mv=[0m2
[90m2026-09-18T15:36:57Z[0m [34mTRC[0m [1mgithub.com/kyverno/kyverno/cmd/internal/flag.go:335[0m[36m >[0m [36mimageVerifyCacheTTLDuration=[0m1h0m0s [36mlogger=[0msetup/flag [36mv=[0m2
[90m2026-09-18T15:36:57Z[0m [34mTRC[0m [1mgithub.com/kyverno/kyverno/cmd/internal/flag.go:335[0m[36m >[0m [36mkubeconfig=[0m [36mlogger=[0msetup/flag [36mv=[0m2
[90m2026-09-18T15:36:57Z[0m [34mTRC[0m [1mgithub.com/kyverno/kyverno/cmd/internal/flag.go:335[0m[36m >[0m [36mleaderElectionRetryPeriod=[0m2s [36mlogger=[0msetup/flag [36mv=[0m2
[90m2026-09-18T15:36:57Z[0m [34mTRC[0m [1mgithub.com/kyverno/kyverno/cmd/internal/flag.go:335[0m[36m >[0m [36mlegacy_stderr_threshold_behavior=[0mtrue [36mlogger=[0msetup/flag [36mv=[0m2
[90m2026-09-18T15:36:57Z[0m [34mTRC[0m [1mgithub.com/kyverno/kyverno/cmd/internal/flag.go:335[0m[36m >[0m [36mlog_backtrace_at=[0m:0 [36mlogger=[0msetup/flag [36mv=[0m2
[90m2026-09-18T15:36:57Z[0m [34mTRC[0m [1mgithub.com/kyverno/kyverno/cmd/internal/flag.go:335[0m[36m >[0m [36mlog_dir=[0m [36mlogger=[0msetup/flag [36mv=[0m2
[90m2026-09-18T15:36:57Z[0m [34mTRC[0m [1mgithub.com/kyverno/kyverno/cmd/internal/flag.go:335[0m[36m >[0m [36mlog_file=[0m [36mlogger=[0msetup/flag [36mv=[0m2
[90m2026-09-18T15:36:57Z[0m [34mTRC[0m [1mgithub.com/kyverno/kyverno/cmd/internal/flag.go:335[0m[36m >[0m [36mlog_file_max_size=[0m1800 [36mlogger=[0msetup/flag [36mv=[0m2
[90m2026-09-18T15:36:57Z[0m [34mTRC[0m [1mgithub.com/kyverno/kyverno/cmd/internal/flag.go:335[0m[36m >[0m [36mlogger=[0msetup/flag [36mloggingFormat=[0mtext [36mv=[0m2
[90m2026-09-18T15:36:57Z[0m [34mTRC[0m [1mgithub.com/kyverno/kyverno/cmd/internal/flag.go:335[0m[36m >[0m [36mlogger=[0msetup/flag [36mloggingtsFormat=[0mdefault [36mv=[0m2
[90m2026-09-18T15:36:57Z[0m [34mTRC[0m [1mgithub.com/kyverno/kyverno/cmd/internal/flag.go:335[0m[36m >[0m [36mlogger=[0msetup/flag [36mlogtostderr=[0mtrue [36mv=[0m2
[90m2026-09-18T15:36:57Z[0m [34mTRC[0m [1mgithub.com/kyverno/kyverno/cmd/internal/flag.go:335[0m[36m >[0m [36mlogger=[0msetup/flag [36mmaxAPICallResponseLength=[0m2000000 [36mv=[0m2
[90m2026-09-18T15:36:57Z[0m [34mTRC[0m [1mgithub.com/kyverno/kyverno/cmd/internal/flag.go:335[0m[36m >[0m [36mlogger=[0msetup/flag [36mmaxBackgroundReports=[0m10000 [36mv=[0m2
[90m2026-09-18T15:36:57Z[0m [34mTRC[0m [1mgithub.com/kyverno/kyverno/cmd/internal/flag.go:335[0m[36m >[0m [36mlogger=[0msetup/flag [36mmaxGlobalContextEntries=[0m0 [36mv=[0m2
[90m2026-09-18T15:36:57Z[0m [34mTRC[0m [1mgithub.com/kyverno/kyverno/cmd/internal/flag.go:335[0m[36m >[0m [36mlogger=[0msetup/flag [36mmaxQueuedEvents=[0m1000 [36mv=[0m2
[90m2026-09-18T15:36:57Z[0m [34mTRC[0m [1mgithub.com/kyverno/kyverno/cmd/internal/flag.go:335[0m[36m >[0m [36mlogger=[0msetup/flag [36mmetricsCASecretName=[0m [36mv=[0m2
[90m2026-09-18T15:36:57Z[0m [34mTRC[0m [1mgithub.com/kyverno/kyverno/cmd/internal/flag.go:335[0m[36m >[0m [36mlogger=[0msetup/flag [36mmetricsHost=[0m [36mv=[0m2
[90m2026-09-18T15:36:57Z[0m [34mTRC[0m [1mgithub.com/kyverno/kyverno/cmd/internal/flag.go:335[0m[36m >[0m [36mlogger=[0msetup/flag [36mmetricsKeyAlgorithm=[0mRSA [36mv=[0m2
[90m2026-09-18T15:36:57Z[0m [34mTRC[0m [1mgithub.com/kyverno/kyverno/cmd/internal/flag.go:335[0m[36m >[0m [36mlogger=[0msetup/flag [36mmetricsPort=[0m8000 [36mv=[0m2
[90m2026-09-18T15:36:57Z[0m [34mTRC[0m [1mgithub.com/kyverno/kyverno/cmd/internal/flag.go:335[0m[36m >[0m [36mlogger=[0msetup/flag [36mmetricsRenewBefore=[0m360h0m0s [36mv=[0m2
[90m2026-09-18T15:36:57Z[0m [34mTRC[0m [1mgithub.com/kyverno/kyverno/cmd/internal/flag.go:335[0m[36m >[0m [36mlogger=[0msetup/flag [36mmetricsServerIP=[0m [36mv=[0m2
[90m2026-09-18T15:36:57Z[0m [34mTRC[0m [1mgithub.com/kyverno/kyverno/cmd/internal/flag.go:335[0m[36m >[0m [36mlogger=[0msetup/flag [36mmetricsTLSSecretName=[0m [36mv=[0m2
[90m2026-09-18T15:36:57Z[0m [34mTRC[0m [1mgithub.com/kyverno/kyverno/cmd/internal/flag.go:335[0m[36m >[0m [36mlogger=[0msetup/flag [36mmutatingAdmissionPolicyReports=[0mfalse [36mv=[0m2
[90m2026-09-18T15:36:57Z[0m [34mTRC[0m [1mgithub.com/kyverno/kyverno/cmd/internal/flag.go:335[0m[36m >[0m [36mlogger=[0msetup/flag [36momitEvents=[0mPolicyApplied,PolicySkipped [36mv=[0m2
[90m2026-09-18T15:36:57Z[0m [34mTRC[0m [1mgithub.com/kyverno/kyverno/cmd/internal/flag.go:335[0m[36m >[0m [36mlogger=[0msetup/flag [36mone_output=[0mfalse [36mv=[0m2
[90m2026-09-18T15:36:57Z[0m [34mTRC[0m [1mgithub.com/kyverno/kyverno/cmd/internal/flag.go:335[0m[36m >[0m [36mlogger=[0msetup/flag [36mopenreportsEnabled=[0mfalse [36mv=[0m2
[90m2026-09-18T15:36:57Z[0m [34mTRC[0m [1mgithub.com/kyverno/kyverno/cmd/internal/flag.go:335[0m[36m >[0m [36mlogger=[0msetup/flag [36motelCollector=[0mopentelemetrycollector.kyverno.svc.cluster.local [36mv=[0m2
[90m2026-09-18T15:36:57Z[0m [34mTRC[0m [1mgithub.com/kyverno/kyverno/cmd/internal/flag.go:335[0m[36m >[0m [36mlogger=[0msetup/flag [36motelConfig=[0mprometheus [36mv=[0m2
[90m2026-09-18T15:36:57Z[0m [34mTRC[0m [1mgithub.com/kyverno/kyverno/cmd/internal/flag.go:335[0m[36m >[0m [36mlogger=[0msetup/flag [36mpolicyReports=[0mtrue [36mv=[0m2
[90m2026-09-18T15:36:57Z[0m [34mTRC[0m [1mgithub.com/kyverno/kyverno/cmd/internal/flag.go:335[0m[36m >[0m [36mlogger=[0msetup/flag [36mprofile=[0mfalse [36mv=[0m2
[90m2026-09-18T15:36:57Z[0m [34mTRC[0m [1mgithub.com/kyverno/kyverno/cmd/internal/flag.go:335[0m[36m >[0m [36mlogger=[0msetup/flag [36mprofileAddress=[0m [36mv=[0m2
[90m2026-09-18T15:36:57Z[0m [34mTRC[0m [1mgithub.com/kyverno/kyverno/cmd/internal/flag.go:335[0m[36m >[0m [36mlogger=[0msetup/flag [36mprofilePort=[0m6060 [36mv=[0m2
[90m2026-09-18T15:36:57Z[0m [34mTRC[0m [1mgithub.com/kyverno/kyverno/cmd/internal/flag.go:335[0m[36m >[0m [36mlogger=[0msetup/flag [36mregistryCredentialHelpers=[0mdefault,google,amazon,azure,github [36mv=[0m2
[90m2026-09-18T15:36:57Z[0m [34mTRC[0m [1mgithub.com/kyverno/kyverno/cmd/internal/flag.go:335[0m[36m >[0m [36mlogger=[0msetup/flag [36mreportsCRDsSanityChecks=[0mtrue [36mv=[0m2
[90m2026-09-18T15:36:57Z[0m [34mTRC[0m [1mgithub.com/kyverno/kyverno/cmd/internal/flag.go:335[0m[36m >[0m [36mlogger=[0msetup/flag [36mresyncPeriod=[0m15m0s [36mv=[0m2
[90m2026-09-18T15:36:57Z[0m [34mTRC[0m [1mgithub.com/kyverno/kyverno/cmd/internal/flag.go:335[0m[36m >[0m [36mlogger=[0msetup/flag [36mskipResourceFilters=[0mtrue [36mv=[0m2
[90m2026-09-18T15:36:57Z[0m [34mTRC[0m [1mgithub.com/kyverno/kyverno/cmd/internal/flag.go:335[0m[36m >[0m [36mlogger=[0msetup/flag [36mskip_headers=[0mfalse [36mv=[0m2
[90m2026-09-18T15:36:57Z[0m [34mTRC[0m [1mgithub.com/kyverno/kyverno/cmd/internal/flag.go:335[0m[36m >[0m [36mlogger=[0msetup/flag [36mskip_log_headers=[0mfalse [36mv=[0m2
[90m2026-09-18T15:36:57Z[0m [34mTRC[0m [1mgithub.com/kyverno/kyverno/cmd/internal/flag.go:335[0m[36m >[0m [36mlogger=[0msetup/flag [36mstderrthreshold=[0m2 [36mv=[0m2
[90m2026-09-18T15:36:57Z[0m [34mTRC[0m [1mgithub.com/kyverno/kyverno/cmd/internal/flag.go:335[0m[36m >[0m [36mlogger=[0msetup/flag [36mtracingAddress=[0m [36mv=[0m2
[90m2026-09-18T15:36:57Z[0m [34mTRC[0m [1mgithub.com/kyverno/kyverno/cmd/internal/flag.go:335[0m[36m >[0m [36mlogger=[0msetup/flag [36mtracingCreds=[0m [36mv=[0m2
[90m2026-09-18T15:36:57Z[0m [34mTRC[0m [1mgithub.com/kyverno/kyverno/cmd/internal/flag.go:335[0m[36m >[0m [36mlogger=[0msetup/flag [36mtracingPort=[0m4317 [36mv=[0m2
[90m2026-09-18T15:36:57Z[0m [34mTRC[0m [1mgithub.com/kyverno/kyverno/cmd/internal/flag.go:335[0m[36m >[0m [36mlogger=[0msetup/flag [36mtransportCreds=[0m [36mv=[0m2
[90m2026-09-18T15:36:57Z[0m [34mTRC[0m [1mgithub.com/kyverno/kyverno/cmd/internal/flag.go:335[0m[36m >[0m [36mlogger=[0msetup/flag [36mtufMirror=[0mhttps://tuf-repo-cdn.sigstore.dev [36mv=[0m2
[90m2026-09-18T15:36:57Z[0m [34mTRC[0m [1mgithub.com/kyverno/kyverno/cmd/internal/flag.go:335[0m[36m >[0m [36mlogger=[0msetup/flag [36mtufRoot=[0m [36mv=[0m2
[90m2026-09-18T15:36:57Z[0m [34mTRC[0m [1mgithub.com/kyverno/kyverno/cmd/internal/flag.go:335[0m[36m >[0m [36mlogger=[0msetup/flag [36mtufRootRaw=[0m [36mv=[0m2
[90m2026-09-18T15:36:57Z[0m [34mTRC[0m [1mgithub.com/kyverno/kyverno/cmd/internal/flag.go:335[0m[36m >[0m [36mlogger=[0msetup/flag [36mv=[0m2
[90m2026-09-18T15:36:57Z[0m [34mTRC[0m [1mgithub.com/kyverno/kyverno/cmd/internal/flag.go:335[0m[36m >[0m [36mlogger=[0msetup/flag [36mv=[0m2 [36mvalidatingAdmissionPolicyReports=[0mtrue
[90m2026-09-18T15:36:57Z[0m [34mTRC[0m [1mgithub.com/kyverno/kyverno/cmd/internal/flag.go:335[0m[36m >[0m [36mlogger=[0msetup/flag [36mv=[0m2 [36mvmodule=[0m
[90m2026-09-18T15:36:57Z[0m [34mTRC[0m [1mgithub.com/kyverno/kyverno/cmd/internal/maxprocs.go:12[0m[36m >[0m setup maxprocs... [36mlogger=[0msetup/maxprocs [36mv=[0m2
[90m2026-09-18T15:36:57Z[0m [34mTRC[0m [1mgithub.com/kyverno/kyverno/cmd/internal/memlimit.go:13[0m[36m >[0m setup memlimit... [36mlogger=[0msetup/memlimit [36mratio=[0m0.9 [36mv=[0m2
[90m2026-09-18T15:36:57Z[0m [34mTRC[0m [1mgithub.com/kyverno/kyverno/cmd/internal/signal.go:16[0m[36m >[0m setup signals... [36mlogger=[0msetup/signals [36mv=[0m2
[90m2026-09-18T15:36:57Z[0m [34mTRC[0m [1mgithub.com/kyverno/kyverno/cmd/internal/client.go:44[0m[36m >[0m create kube client... [36mburst=[0m300 [36mkubeconfig=[0m [36mlogger=[0msetup/kube-client [36mqps=[0m300 [36mv=[0m2
[90m2026-09-18T15:36:57Z[0m DBG [1mk8s.io/client-go@v0.36.3/features/envvar.go:195[0m[36m >[0m Feature gate default state [36menabled=[0mtrue [36mfeature=[0mClientsAllowCARotation [36mlogger=[0mklog [36mv=[0m1
[90m2026-09-18T15:36:57Z[0m DBG [1mk8s.io/client-go@v0.36.3/features/envvar.go:195[0m[36m >[0m Feature gate default state [36menabled=[0mtrue [36mfeature=[0mAtomicFIFO [36mlogger=[0mklog [36mv=[0m1
[90m2026-09-18T15:36:57Z[0m DBG [1mk8s.io/client-go@v0.36.3/features/envvar.go:195[0m[36m >[0m Feature gate default state [36menabled=[0mtrue [36mfeature=[0mClientsAllowTLSCacheGC [36mlogger=[0mklog [36mv=[0m1
[90m2026-09-18T15:36:57Z[0m DBG [1mk8s.io/client-go@v0.36.3/features/envvar.go:195[0m[36m >[0m Feature gate default state [36menabled=[0mtrue [36mfeature=[0mInOrderInformersBatchProcess [36mlogger=[0mklog [36mv=[0m1
[90m2026-09-18T15:36:57Z[0m DBG [1mk8s.io/client-go@v0.36.3/features/envvar.go:195[0m[36m >[0m Feature gate default state [36menabled=[0mtrue [36mfeature=[0mWatchListClient [36mlogger=[0mklog [36mv=[0m1
[90m2026-09-18T15:36:57Z[0m DBG [1mk8s.io/client-go@v0.36.3/features/envvar.go:195[0m[36m >[0m Feature gate default state [36menabled=[0mfalse [36mfeature=[0mClientsAllowCBOR [36mlogger=[0mklog [36mv=[0m1
[90m2026-09-18T15:36:57Z[0m DBG [1mk8s.io/client-go@v0.36.3/features/envvar.go:195[0m[36m >[0m Feature gate default state [36menabled=[0mfalse [36mfeature=[0mClientsPreferCBOR [36mlogger=[0mklog [36mv=[0m1
[90m2026-09-18T15:36:57Z[0m DBG [1mk8s.io/client-go@v0.36.3/features/envvar.go:195[0m[36m >[0m Feature gate default state [36menabled=[0mtrue [36mfeature=[0mInOrderInformers [36mlogger=[0mklog [36mv=[0m1
[90m2026-09-18T15:36:57Z[0m DBG [1mk8s.io/client-go@v0.36.3/features/envvar.go:195[0m[36m >[0m Feature gate default state [36menabled=[0mtrue [36mfeature=[0mInformerResourceVersion [36mlogger=[0mklog [36mv=[0m1
[90m2026-09-18T15:36:57Z[0m DBG [1mk8s.io/client-go@v0.36.3/features/envvar.go:195[0m[36m >[0m Feature gate default state [36menabled=[0mtrue [36mfeature=[0mUnlockWhileProcessingFIFO [36mlogger=[0mklog [36mv=[0m1
[90m2026-09-18T15:36:57Z[0m [34mTRC[0m [1mgithub.com/kyverno/kyverno/cmd/internal/configmap.go:36[0m[36m >[0m create metrics-config-controller... [36mlogger=[0msetup/metrics-config-controller [36mv=[0m2
[90m2026-09-18T15:36:57Z[0m [34mTRC[0m [1mk8s.io/client-go@v0.36.3/tools/cache/reflector.go:507[0m[36m >[0m Caches populated [36mlogger=[0mklog [36mreflector=[0mk8s.io/client-go@v0.36.3/tools/cache/reflector.go:343 [36mtype=[0m*v1.ConfigMap [36mv=[0m2
[90m2026-09-18T15:36:58Z[0m [34mTRC[0m [1mgithub.com/kyverno/kyverno/cmd/internal/configmap.go:52[0m[36m >[0m done creating metrics-config-controller [36mlogger=[0msetup/metrics-config-controller [36mv=[0m2
[90m2026-09-18T15:36:58Z[0m [34mTRC[0m [1mgithub.com/kyverno/kyverno/cmd/internal/metrics.go:27[0m[36m >[0m setup metrics... [36mcollector=[0mopentelemetrycollector.kyverno.svc.cluster.local [36mcreds=[0m [36mexemplarFilter=[0mtrace-based [36mlogger=[0msetup/metrics [36motel=[0mprometheus [36mport=[0m8000 [36mtlsSecretName=[0m [36mv=[0m2
[90m2026-09-18T15:36:58Z[0m [34mTRC[0m [1mgithub.com/kyverno/kyverno/cmd/internal/configmap.go:15[0m[36m >[0m create config-controller... [36mlogger=[0msetup/config-controller [36mv=[0m2
[90m2026-09-18T15:36:58Z[0m [32mINF[0m [1mgithub.com/kyverno/kyverno/cmd/internal/metrics.go:159[0m[36m >[0m [1mStarting HTTP metrics server[0m [36maddress=[0m[]:8000 [36mlogger=[0msetup/metrics [36mv=[0m0
[90m2026-09-18T15:36:58Z[0m [34mTRC[0m [1mk8s.io/client-go@v0.36.3/tools/cache/reflector.go:507[0m[36m >[0m Caches populated [36mlogger=[0mklog [36mreflector=[0mk8s.io/client-go@v0.36.3/tools/cache/reflector.go:343 [36mtype=[0m*v1.ConfigMap [36mv=[0m2
[90m2026-09-18T15:36:58Z[0m [34mTRC[0m [1mgithub.com/kyverno/kyverno/pkg/config/config.go:433[0m[36m >[0m defaultRegistry configured [36mdefaultRegistry=[0mdocker.io [36mlogger=[0mconfig [36mname=[0mkyverno [36mnamespace=[0mkyverno [36mv=[0m2
[90m2026-09-18T15:36:58Z[0m [34mTRC[0m [1mgithub.com/kyverno/kyverno/pkg/config/config.go:449[0m[36m >[0m enableDefaultRegistryMutation configured [36menableDefaultRegistryMutation=[0mtrue [36mlogger=[0mconfig [36mname=[0mkyverno [36mnamespace=[0mkyverno [36mv=[0m2
[90m2026-09-18T15:36:58Z[0m [34mTRC[0m [1mgithub.com/kyverno/kyverno/pkg/config/config.go:458[0m[36m >[0m excludedGroups configured [36mexcludeGroups=[0m["system:nodes"] [36mincludeGroups=[0m[] [36mlogger=[0mconfig [36mname=[0mkyverno [36mnamespace=[0mkyverno [36mv=[0m2
[90m2026-09-18T15:36:58Z[0m [34mTRC[0m [1mgithub.com/kyverno/kyverno/pkg/config/config.go:463[0m[36m >[0m excludeUsernames not set [36mlogger=[0mconfig [36mname=[0mkyverno [36mnamespace=[0mkyverno [36mv=[0m2
[90m2026-09-18T15:36:58Z[0m [34mTRC[0m [1mgithub.com/kyverno/kyverno/pkg/config/config.go:471[0m[36m >[0m excludeRoles not set [36mlogger=[0mconfig [36mname=[0mkyverno [36mnamespace=[0mkyverno [36mv=[0m2
[90m2026-09-18T15:36:58Z[0m [34mTRC[0m [1mgithub.com/kyverno/kyverno/pkg/config/config.go:479[0m[36m >[0m excludeClusterRoles not set [36mlogger=[0mconfig [36mname=[0mkyverno [36mnamespace=[0mkyverno [36mv=[0m2
[90m2026-09-18T15:36:58Z[0m [34mTRC[0m [1mgithub.com/kyverno/kyverno/pkg/config/config.go:495[0m[36m >[0m generateSuccessEvents configured [36mgenerateSuccessEvents=[0mfalse [36mlogger=[0mconfig [36mname=[0mkyverno [36mnamespace=[0mkyverno [36mv=[0m2
[90m2026-09-18T15:36:58Z[0m [34mTRC[0m [1mgithub.com/kyverno/kyverno/pkg/config/config.go:501[0m[36m >[0m successEventActions not set [36mlogger=[0mconfig [36mname=[0mkyverno [36mnamespace=[0mkyverno [36mv=[0m2
[90m2026-09-18T15:36:58Z[0m [34mTRC[0m [1mgithub.com/kyverno/kyverno/pkg/config/config.go:525[0m[36m >[0m webhooks configured [36mlogger=[0mconfig [36mname=[0mkyverno [36mnamespace=[0mkyverno [36mv=[0m2 [36mwebhooks=[0m"{\"namespaceSelector\":{\"matchExpressions\":[{\"key\":\"kubernetes.io/metadata.name\",\"operator\":\"NotIn\",\"values\":[\"kube-system\"]},{\"key\":\"kubernetes.io/metadata.name\",\"operator\":\"NotIn\",\"values\":[\"kyverno\"]}],\"matchLabels\":null}}"
[90m2026-09-18T15:36:58Z[0m [34mTRC[0m [1mgithub.com/kyverno/kyverno/pkg/config/config.go:539[0m[36m >[0m webhookAnnotations configured [36mlogger=[0mconfig [36mname=[0mkyverno [36mnamespace=[0mkyverno [36mv=[0m2 [36mwebhookAnnotations=[0m"{\"admissions.enforcer/disabled\":\"true\"}"
[90m2026-09-18T15:36:58Z[0m [34mTRC[0m [1mgithub.com/kyverno/kyverno/pkg/config/config.go:545[0m[36m >[0m webhookLabels not set [36mlogger=[0mconfig [36mname=[0mkyverno [36mnamespace=[0mkyverno [36mv=[0m2
[90m2026-09-18T15:36:58Z[0m [34mTRC[0m [1mgithub.com/kyverno/kyverno/pkg/config/config.go:559[0m[36m >[0m matchConditions not set [36mlogger=[0mconfig [36mname=[0mkyverno [36mnamespace=[0mkyverno [36mv=[0m2
[90m2026-09-18T15:36:58Z[0m [34mTRC[0m [1mgithub.com/kyverno/kyverno/pkg/config/config.go:580[0m[36m >[0m enableDefaultRegistryMutation configured [36menableDefaultRegistryMutation=[0mtrue [36mlogger=[0mconfig [36mname=[0mkyverno [36mnamespace=[0mkyverno [36mv=[0m2
[90m2026-09-18T15:36:58Z[0m [34mTRC[0m [1mgithub.com/kyverno/kyverno/pkg/config/config.go:595[0m[36m >[0m maxContextSize not set, using default [36mdefault=[0m2097152 [36mlogger=[0mconfig [36mname=[0mkyverno [36mnamespace=[0mkyverno [36mv=[0m2
[90m2026-09-18T15:36:58Z[0m [34mTRC[0m [1mgithub.com/kyverno/kyverno/cmd/internal/configmap.go:31[0m[36m >[0m done creating config-controller [36mlogger=[0msetup/config-controller [36mv=[0m2
[90m2026-09-18T15:36:58Z[0m [34mTRC[0m [1mgithub.com/kyverno/kyverno/cmd/internal/registry.go:18[0m[36m >[0m setup registry client... [36minsecure=[0mfalse [36mlogger=[0msetup/registry-client [36msecrets=[0m [36mv=[0m2
[90m2026-09-18T15:36:58Z[0m [34mTRC[0m [1mk8s.io/client-go@v0.36.3/tools/cache/reflector.go:507[0m[36m >[0m Caches populated [36mlogger=[0mklog [36mreflector=[0mk8s.io/client-go@v0.36.3/tools/cache/reflector.go:343 [36mtype=[0m*v1.Secret [36mv=[0m2
[90m2026-09-18T15:36:58Z[0m [34mTRC[0m [1mgithub.com/kyverno/kyverno/cmd/internal/imageverifycache.go:10[0m[36m >[0m setup image verify cache... [36menabled=[0mtrue [36mlogger=[0msetup/image-verify-cache [36mmaxsize=[0m1000 [36mttl=[0m1h0m0s [36mv=[0m2
[90m2026-09-18T15:36:58Z[0m [34mTRC[0m [1mgithub.com/kyverno/kyverno/cmd/internal/client.go:44[0m[36m >[0m create kube client... [36mburst=[0m300 [36mkubeconfig=[0m [36mlogger=[0msetup/kube-client [36mqps=[0m300 [36mv=[0m2
[90m2026-09-18T15:36:58Z[0m [34mTRC[0m [1mgithub.com/kyverno/kyverno/cmd/internal/client.go:60[0m[36m >[0m create kyverno client... [36mburst=[0m300 [36mkubeconfig=[0m [36mlogger=[0msetup/kyverno-client [36mqps=[0m300 [36mv=[0m2
[90m2026-09-18T15:36:58Z[0m [34mTRC[0m [1mgithub.com/kyverno/kyverno/cmd/internal/client.go:68[0m[36m >[0m create dynamic client... [36mburst=[0m300 [36mkubeconfig=[0m [36mlogger=[0msetup/dynamic-client [36mqps=[0m300 [36mv=[0m2
[90m2026-09-18T15:36:58Z[0m [34mTRC[0m [1mgithub.com/kyverno/kyverno/cmd/internal/client.go:84[0m[36m >[0m create apiserver client... [36mburst=[0m300 [36mkubeconfig=[0m [36mlogger=[0msetup/apiserver-client [36mqps=[0m300 [36mv=[0m2
[90m2026-09-18T15:36:58Z[0m [34mTRC[0m [1mgithub.com/kyverno/kyverno/cmd/internal/client.go:76[0m[36m >[0m create metadata client... [36mburst=[0m300 [36mkubeconfig=[0m [36mlogger=[0msetup/metadata-client [36mqps=[0m300 [36mv=[0m2
[90m2026-09-18T15:36:58Z[0m [34mTRC[0m [1mgithub.com/kyverno/kyverno/cmd/internal/client.go:92[0m[36m >[0m create the kyverno dynamic client... [36mburst=[0m300 [36mkubeconfig=[0m [36mlogger=[0msetup/d-client [36mqps=[0m300 [36mv=[0m2
[90m2026-09-18T15:36:58Z[0m [34mTRC[0m [1mgithub.com/kyverno/kyverno/cmd/internal/client.go:100[0m[36m >[0m create the events client... [36mburst=[0m300 [36mkubeconfig=[0m [36mlogger=[0msetup/events-client [36mqps=[0m300 [36mv=[0m2
[90m2026-09-18T15:36:58Z[0m [34mTRC[0m [1mgithub.com/kyverno/kyverno/cmd/internal/client.go:44[0m[36m >[0m create kube client... [36mburst=[0m300 [36mkubeconfig=[0m [36mlogger=[0msetup/events-client/kube-client [36mqps=[0m300 [36mv=[0m2
[90m2026-09-18T15:36:58Z[0m [34mTRC[0m [1mgithub.com/kyverno/kyverno/cmd/internal/reporting.go:13[0m[36m >[0m setting up reporting... [36menableReporting=[0mvalidate,mutate,mutateExisting,imageVerify,generate [36mgenerate=[0mtrue [36mimageVerify=[0mtrue [36mlogger=[0msetup/setup-reporting [36mmutate=[0mtrue [36mmutateExisiting=[0mtrue [36mv=[0m2 [36mvalidate=[0mtrue
[90m2026-09-18T15:36:58Z[0m [34mTRC[0m [1mgithub.com/kyverno/kyverno/cmd/reports-controller/main.go:390[0m[36m >[0m background scan interval [36mduration=[0m1h0m0s [36mlogger=[0msetup [36mv=[0m2
[90m2026-09-18T15:36:58Z[0m [34mTRC[0m [1mgithub.com/kyverno/kyverno/cmd/internal/engine.go:62[0m[36m >[0m setup exception selector... [36menablePolicyException=[0mfalse [36mexceptionNamespace=[0m [36mlogger=[0msetup/exception-selector [36mv=[0m2
[90m2026-09-18T15:36:58Z[0m [34mTRC[0m [1mgithub.com/kyverno/kyverno/cmd/internal/engine.go:91[0m[36m >[0m setup config map resolver... [36menableConfigMapCaching=[0mtrue [36mlogger=[0msetup/configmap-resolver [36mv=[0m2
[90m2026-09-18T15:36:58Z[0m [34mTRC[0m [1mk8s.io/client-go@v0.36.3/tools/cache/reflector.go:507[0m[36m >[0m Caches populated [36mlogger=[0mklog [36mreflector=[0mk8s.io/client-go@v0.36.3/tools/cache/reflector.go:343 [36mtype=[0m*v1.ConfigMap [36mv=[0m2
[90m2026-09-18T15:36:58Z[0m [34mTRC[0m [1mgithub.com/kyverno/kyverno/cmd/internal/engine.go:44[0m[36m >[0m setup engine... [36mlogger=[0msetup/engine [36mv=[0m2
[90m2026-09-18T15:36:58Z[0m [34mTRC[0m [1mk8s.io/client-go@v0.36.3/tools/cache/reflector.go:507[0m[36m >[0m Caches populated [36mlogger=[0mklog [36mreflector=[0mk8s.io/client-go@v0.36.3/tools/cache/reflector.go:343 [36mtype=[0m*v2beta1.GlobalContextEntry [36mv=[0m2
[90m2026-09-18T15:36:58Z[0m [32mINF[0m [1mk8s.io/client-go@v0.36.3/tools/leaderelection/leaderelection.go:258[0m[36m >[0m [1mAttempting to acquire leader lease...[0m [36mlock=[0mkyverno/kyverno-reports-controller [36mlogger=[0mklog [36mv=[0m0
[90m2026-09-18T15:36:58Z[0m [34mTRC[0m [1mgithub.com/kyverno/kyverno/cmd/internal/controller.go:32[0m[36m >[0m starting controller [36mlogger=[0msetup [36mname=[0mglobal-context [36mv=[0m2 [36mworkers=[0m1
[90m2026-09-18T15:36:58Z[0m [34mTRC[0m [1mgithub.com/kyverno/kyverno/cmd/internal/controller.go:32[0m[36m >[0m starting controller [36mlogger=[0msetup [36mname=[0mkyverno-events [36mv=[0m2 [36mworkers=[0m3
[90m2026-09-18T15:36:58Z[0m [34mTRC[0m [1mgithub.com/kyverno/kyverno/pkg/event/controller.go:125[0m[36m >[0m start [36mlogger=[0mEventGenerator [36mv=[0m2
[90m2026-09-18T15:36:58Z[0m [32mINF[0m [1mk8s.io/client-go@v0.36.3/tools/leaderelection/leaderelection.go:272[0m[36m >[0m [1mSuccessfully acquired lease[0m [36mlock=[0mkyverno/kyverno-reports-controller [36mlogger=[0mklog [36mv=[0m0
[90m2026-09-18T15:36:58Z[0m [34mTRC[0m [1mgithub.com/kyverno/kyverno/pkg/leaderelection/leaderelection.go:82[0m[36m >[0m started leading [36mid=[0mkyverno-reports-controller-78df988946-f96hh [36mlogger=[0msetup/leader-election [36mv=[0m2
[90m2026-09-18T15:36:58Z[0m [32mINF[0m [1mk8s.io/client-go@v0.36.3/rest/warnings.go:107[0m[36m >[0m [1mWarning: kyverno.io/v2 PolicyException is deprecated and will be removed in a future release; migrate to PolicyException (policies.kyverno.io), see https://kyverno.io/docs/guides/migration-to-cel/[0m [36mlogger=[0mklog [36mv=[0m0
[90m2026-09-18T15:36:58Z[0m [34mTRC[0m [1mk8s.io/client-go@v0.36.3/tools/cache/reflector.go:507[0m[36m >[0m Caches populated [36mlogger=[0mklog [36mreflector=[0mk8s.io/client-go@v0.36.3/tools/cache/reflector.go:343 [36mtype=[0m*v2.PolicyException [36mv=[0m2
[90m2026-09-18T15:36:58Z[0m [34mTRC[0m [1mk8s.io/client-go@v0.36.3/tools/cache/reflector.go:507[0m[36m >[0m Caches populated [36mlogger=[0mklog [36mreflector=[0mk8s.io/client-go@v0.36.3/tools/cache/reflector.go:343 [36mtype=[0m*v1.ValidatingAdmissionPolicy [36mv=[0m2
[90m2026-09-18T15:36:58Z[0m [34mTRC[0m [1mk8s.io/client-go@v0.36.3/tools/cache/reflector.go:507[0m[36m >[0m Caches populated [36mlogger=[0mklog [36mreflector=[0mk8s.io/client-go@v0.36.3/tools/cache/reflector.go:343 [36mtype=[0m*v1beta1.GeneratingPolicy [36mv=[0m2
[90m2026-09-18T15:36:58Z[0m [32mINF[0m [1mk8s.io/client-go@v0.36.3/rest/warnings.go:107[0m[36m >[0m [1mWarning: kyverno.io/v1 ClusterPolicy is deprecated and will be removed in a future release; migrate to ValidatingPolicy, MutatingPolicy, GeneratingPolicy or ImageValidatingPolicy (policies.kyverno.io), see https://kyverno.io/docs/guides/migration-to-cel/[0m [36mlogger=[0mklog [36mv=[0m0
[90m2026-09-18T15:36:58Z[0m [34mTRC[0m [1mk8s.io/client-go@v0.36.3/tools/cache/reflector.go:507[0m[36m >[0m Caches populated [36mlogger=[0mklog [36mreflector=[0mk8s.io/client-go@v0.36.3/tools/cache/reflector.go:343 [36mtype=[0m*v1beta1.NamespacedValidatingPolicy [36mv=[0m2
[90m2026-09-18T15:36:58Z[0m [34mTRC[0m [1mk8s.io/client-go@v0.36.3/tools/cache/reflector.go:507[0m[36m >[0m Caches populated [36mlogger=[0mklog [36mreflector=[0mk8s.io/client-go@v0.36.3/tools/cache/reflector.go:343 [36mtype=[0m*v1beta1.ValidatingPolicy [36mv=[0m2
[90m2026-09-18T15:36:58Z[0m [34mTRC[0m [1mk8s.io/client-go@v0.36.3/tools/cache/reflector.go:507[0m[36m >[0m Caches populated [36mlogger=[0mklog [36mreflector=[0mk8s.io/client-go@v0.36.3/tools/cache/reflector.go:343 [36mtype=[0m*v1.Namespace [36mv=[0m2
[90m2026-09-18T15:36:58Z[0m [34mTRC[0m [1mk8s.io/client-go@v0.36.3/tools/cache/reflector.go:507[0m[36m >[0m Caches populated [36mlogger=[0mklog [36mreflector=[0mk8s.io/client-go@v0.36.3/tools/cache/reflector.go:343 [36mtype=[0m*v1.ValidatingAdmissionPolicyBinding [36mv=[0m2
[90m2026-09-18T15:36:58Z[0m [32mINF[0m [1mk8s.io/client-go@v0.36.3/rest/warnings.go:107[0m[36m >[0m [1mWarning: kyverno.io/v1 Policy is deprecated and will be removed in a future release; migrate to NamespacedValidatingPolicy and the other namespaced policy types (policies.kyverno.io), see https://kyverno.io/docs/guides/migration-to-cel/[0m [36mlogger=[0mklog [36mv=[0m0
[90m2026-09-18T15:36:58Z[0m [34mTRC[0m [1mk8s.io/client-go@v0.36.3/tools/cache/reflector.go:507[0m[36m >[0m Caches populated [36mlogger=[0mklog [36mreflector=[0mk8s.io/client-go@v0.36.3/tools/cache/reflector.go:343 [36mtype=[0m*v1beta1.PolicyException [36mv=[0m2
[90m2026-09-18T15:36:58Z[0m [34mTRC[0m [1mk8s.io/client-go@v0.36.3/tools/cache/reflector.go:507[0m[36m >[0m Caches populated [36mlogger=[0mklog [36mreflector=[0mk8s.io/client-go@v0.36.3/tools/cache/reflector.go:343 [36mtype=[0m*v1beta1.MutatingPolicy [36mv=[0m2
[90m2026-09-18T15:36:58Z[0m [34mTRC[0m [1mk8s.io/client-go@v0.36.3/tools/cache/reflector.go:507[0m[36m >[0m Caches populated [36mlogger=[0mklog [36mreflector=[0mk8s.io/client-go@v0.36.3/tools/cache/reflector.go:343 [36mtype=[0m*v1beta1.NamespacedGeneratingPolicy [36mv=[0m2
[90m2026-09-18T15:36:58Z[0m [34mTRC[0m [1mk8s.io/client-go@v0.36.3/tools/cache/reflector.go:507[0m[36m >[0m Caches populated [36mlogger=[0mklog [36mreflector=[0mk8s.io/client-go@v0.36.3/tools/cache/reflector.go:343 [36mtype=[0m*v1beta1.ImageValidatingPolicy [36mv=[0m2
[90m2026-09-18T15:36:58Z[0m [34mTRC[0m [1mk8s.io/client-go@v0.36.3/tools/cache/reflector.go:507[0m[36m >[0m Caches populated [36mlogger=[0mklog [36mreflector=[0mk8s.io/client-go@v0.36.3/tools/cache/reflector.go:343 [36mtype=[0m*v1beta1.NamespacedImageValidatingPolicy [36mv=[0m2
[90m2026-09-18T15:36:58Z[0m [34mTRC[0m [1mk8s.io/client-go@v0.36.3/tools/cache/reflector.go:507[0m[36m >[0m Caches populated [36mlogger=[0mklog [36mreflector=[0mk8s.io/client-go@v0.36.3/tools/cache/reflector.go:343 [36mtype=[0m*v1.ClusterPolicy [36mv=[0m2
[90m2026-09-18T15:36:58Z[0m [34mTRC[0m [1mk8s.io/client-go@v0.36.3/tools/cache/reflector.go:507[0m[36m >[0m Caches populated [36mlogger=[0mklog [36mreflector=[0mk8s.io/client-go@v0.36.3/tools/cache/reflector.go:343 [36mtype=[0m*v1.Policy [36mv=[0m2
[90m2026-09-18T15:36:58Z[0m [34mTRC[0m [1mk8s.io/client-go@v0.36.3/tools/cache/reflector.go:507[0m[36m >[0m Caches populated [36mlogger=[0mklog [36mreflector=[0mk8s.io/client-go@v0.36.3/tools/cache/reflector.go:343 [36mtype=[0m*v1beta1.NamespacedMutatingPolicy [36mv=[0m2
[90m2026-09-18T15:36:58Z[0m [34mTRC[0m [1mk8s.io/client-go@v0.36.3/tools/cache/reflector.go:507[0m[36m >[0m Caches populated [36mlogger=[0mklog [36mreflector=[0mk8s.io/client-go@v0.36.3/tools/cache/reflector.go:343 [36mtype=[0m*v1.PartialObjectMetadata [36mv=[0m2
[90m2026-09-18T15:36:58Z[0m [34mTRC[0m [1mk8s.io/client-go@v0.36.3/tools/cache/reflector.go:507[0m[36m >[0m Caches populated [36mlogger=[0mklog [36mreflector=[0mk8s.io/client-go@v0.36.3/tools/cache/reflector.go:343 [36mtype=[0m*v1.PartialObjectMetadata [36mv=[0m2
[90m2026-09-18T15:36:58Z[0m [34mTRC[0m [1mk8s.io/client-go@v0.36.3/tools/cache/reflector.go:507[0m[36m >[0m Caches populated [36mlogger=[0mklog [36mreflector=[0mk8s.io/client-go@v0.36.3/tools/cache/reflector.go:343 [36mtype=[0m*v1.PartialObjectMetadata [36mv=[0m2
[90m2026-09-18T15:36:58Z[0m [34mTRC[0m [1mk8s.io/client-go@v0.36.3/tools/cache/reflector.go:507[0m[36m >[0m Caches populated [36mlogger=[0mklog [36mreflector=[0mk8s.io/client-go@v0.36.3/tools/cache/reflector.go:343 [36mtype=[0m*v1.PartialObjectMetadata [36mv=[0m2
[90m2026-09-18T15:36:58Z[0m [34mTRC[0m [1mgithub.com/kyverno/kyverno/cmd/internal/controller.go:32[0m[36m >[0m starting controller [36mlogger=[0msetup/leader/controllers [36mname=[0mbackground-scan-controller [36mv=[0m2 [36mworkers=[0m2
[90m2026-09-18T15:36:58Z[0m [34mTRC[0m [1mgithub.com/kyverno/kyverno/cmd/internal/controller.go:32[0m[36m >[0m starting controller [36mlogger=[0msetup/leader/controllers [36mname=[0mresource-report-controller [36mv=[0m2 [36mworkers=[0m1
[90m2026-09-18T15:36:58Z[0m [34mTRC[0m [1mgithub.com/kyverno/kyverno/cmd/internal/controller.go:32[0m[36m >[0m starting controller [36mlogger=[0msetup/leader/controllers [36mname=[0maggregate-report-controller [36mv=[0m2 [36mworkers=[0m10
