[90m2026-09-18T15:36:51Z[0m [34mTRC[0m [1mgithub.com/kyverno/kyverno/pkg/version/version.go:49[0m[36m >[0m version [36mhash=[0m40ec788d48bb28d83dbf85538e962a59db9d45c6 [36mlogger=[0msetup/version [36mv=[0m2 [36mversion=[0mv1.19.1
[90m2026-09-18T15:36:51Z[0m [34mTRC[0m [1mgithub.com/kyverno/kyverno/cmd/internal/flag.go:335[0m[36m >[0m [36madd_dir_header=[0mfalse [36mlogger=[0msetup/flag [36mv=[0m2
[90m2026-09-18T15:36:51Z[0m [34mTRC[0m [1mgithub.com/kyverno/kyverno/cmd/internal/flag.go:335[0m[36m >[0m [36mallowHTTPInNamespacedPolicies=[0m [36mlogger=[0msetup/flag [36mv=[0m2
[90m2026-09-18T15:36:51Z[0m [34mTRC[0m [1mgithub.com/kyverno/kyverno/cmd/internal/flag.go:335[0m[36m >[0m [36malsologtostderr=[0mfalse [36mlogger=[0msetup/flag [36mv=[0m2
[90m2026-09-18T15:36:51Z[0m [34mTRC[0m [1mgithub.com/kyverno/kyverno/cmd/internal/flag.go:335[0m[36m >[0m [36malsologtostderrthreshold=[0m0 [36mlogger=[0msetup/flag [36mv=[0m2
[90m2026-09-18T15:36:51Z[0m [34mTRC[0m [1mgithub.com/kyverno/kyverno/cmd/internal/flag.go:335[0m[36m >[0m [36mapiCallTimeout=[0m30s [36mlogger=[0msetup/flag [36mv=[0m2
[90m2026-09-18T15:36:51Z[0m [34mTRC[0m [1mgithub.com/kyverno/kyverno/cmd/internal/flag.go:335[0m[36m >[0m [36mautoDeleteWebhooks=[0mfalse [36mlogger=[0msetup/flag [36mv=[0m2
[90m2026-09-18T15:36:51Z[0m [34mTRC[0m [1mgithub.com/kyverno/kyverno/cmd/internal/flag.go:335[0m[36m >[0m [36mautoMemLimitEnabled=[0mtrue [36mlogger=[0msetup/flag [36mv=[0m2
[90m2026-09-18T15:36:51Z[0m [34mTRC[0m [1mgithub.com/kyverno/kyverno/cmd/internal/flag.go:335[0m[36m >[0m [36mautoMemLimitRatio=[0m0.9 [36mlogger=[0msetup/flag [36mv=[0m2
[90m2026-09-18T15:36:51Z[0m [34mTRC[0m [1mgithub.com/kyverno/kyverno/cmd/internal/flag.go:335[0m[36m >[0m [36mcaSecretName=[0mkyverno-cleanup-controller.kyverno.svc.kyverno-tls-ca [36mlogger=[0msetup/flag [36mv=[0m2
[90m2026-09-18T15:36:51Z[0m [34mTRC[0m [1mgithub.com/kyverno/kyverno/cmd/internal/flag.go:335[0m[36m >[0m [36mcleanupServerHost=[0m [36mlogger=[0msetup/flag [36mv=[0m2
[90m2026-09-18T15:36:51Z[0m [34mTRC[0m [1mgithub.com/kyverno/kyverno/cmd/internal/flag.go:335[0m[36m >[0m [36mcleanupServerPort=[0m9443 [36mlogger=[0msetup/flag [36mv=[0m2
[90m2026-09-18T15:36:51Z[0m [34mTRC[0m [1mgithub.com/kyverno/kyverno/cmd/internal/flag.go:335[0m[36m >[0m [36mclientRateLimitBurst=[0m200 [36mlogger=[0msetup/flag [36mv=[0m2
[90m2026-09-18T15:36:51Z[0m [34mTRC[0m [1mgithub.com/kyverno/kyverno/cmd/internal/flag.go:335[0m[36m >[0m [36mclientRateLimitQPS=[0m100 [36mlogger=[0msetup/flag [36mv=[0m2
[90m2026-09-18T15:36:51Z[0m [34mTRC[0m [1mgithub.com/kyverno/kyverno/cmd/internal/flag.go:335[0m[36m >[0m [36mcrdWatcher=[0mfalse [36mlogger=[0msetup/flag [36mv=[0m2
[90m2026-09-18T15:36:51Z[0m [34mTRC[0m [1mgithub.com/kyverno/kyverno/cmd/internal/flag.go:335[0m[36m >[0m [36mdisableCertManagerController=[0mfalse [36mlogger=[0msetup/flag [36mv=[0m2
[90m2026-09-18T15:36:51Z[0m [34mTRC[0m [1mgithub.com/kyverno/kyverno/cmd/internal/flag.go:335[0m[36m >[0m [36mdisableLogColor=[0mfalse [36mlogger=[0msetup/flag [36mv=[0m2
[90m2026-09-18T15:36:51Z[0m [34mTRC[0m [1mgithub.com/kyverno/kyverno/cmd/internal/flag.go:335[0m[36m >[0m [36mdisableMetrics=[0mfalse [36mlogger=[0msetup/flag [36mv=[0m2
[90m2026-09-18T15:36:51Z[0m [34mTRC[0m [1mgithub.com/kyverno/kyverno/cmd/internal/flag.go:335[0m[36m >[0m [36mdumpPayload=[0mfalse [36mlogger=[0msetup/flag [36mv=[0m2
[90m2026-09-18T15:36:51Z[0m [34mTRC[0m [1mgithub.com/kyverno/kyverno/cmd/internal/flag.go:335[0m[36m >[0m [36menableConfigMapCaching=[0mtrue [36mlogger=[0msetup/flag [36mv=[0m2
[90m2026-09-18T15:36:51Z[0m [34mTRC[0m [1mgithub.com/kyverno/kyverno/cmd/internal/flag.go:335[0m[36m >[0m [36menableDeferredLoading=[0m [36mlogger=[0msetup/flag [36mv=[0m2
[90m2026-09-18T15:36:51Z[0m [34mTRC[0m [1mgithub.com/kyverno/kyverno/cmd/internal/flag.go:335[0m[36m >[0m [36menableTracing=[0mfalse [36mlogger=[0msetup/flag [36mv=[0m2
[90m2026-09-18T15:36:51Z[0m [34mTRC[0m [1mgithub.com/kyverno/kyverno/cmd/internal/flag.go:335[0m[36m >[0m [36meventsRateLimitBurst=[0m2000 [36mlogger=[0msetup/flag [36mv=[0m2
[90m2026-09-18T15:36:51Z[0m [34mTRC[0m [1mgithub.com/kyverno/kyverno/cmd/internal/flag.go:335[0m[36m >[0m [36meventsRateLimitQPS=[0m1000 [36mlogger=[0msetup/flag [36mv=[0m2
[90m2026-09-18T15:36:51Z[0m [34mTRC[0m [1mgithub.com/kyverno/kyverno/cmd/internal/flag.go:335[0m[36m >[0m [36mexemplarFilter=[0mtrace-based [36mlogger=[0msetup/flag [36mv=[0m2
[90m2026-09-18T15:36:51Z[0m [34mTRC[0m [1mgithub.com/kyverno/kyverno/cmd/internal/flag.go:335[0m[36m >[0m [36mhttpAllowlist=[0m [36mlogger=[0msetup/flag [36mv=[0m2
[90m2026-09-18T15:36:51Z[0m [34mTRC[0m [1mgithub.com/kyverno/kyverno/cmd/internal/flag.go:335[0m[36m >[0m [36mhttpBlocklist=[0m [36mlogger=[0msetup/flag [36mv=[0m2
[90m2026-09-18T15:36:51Z[0m [34mTRC[0m [1mgithub.com/kyverno/kyverno/cmd/internal/flag.go:335[0m[36m >[0m [36mkubeconfig=[0m [36mlogger=[0msetup/flag [36mv=[0m2
[90m2026-09-18T15:36:51Z[0m [34mTRC[0m [1mgithub.com/kyverno/kyverno/cmd/internal/flag.go:335[0m[36m >[0m [36mleaderElectionRetryPeriod=[0m2s [36mlogger=[0msetup/flag [36mv=[0m2
[90m2026-09-18T15:36:51Z[0m [34mTRC[0m [1mgithub.com/kyverno/kyverno/cmd/internal/flag.go:335[0m[36m >[0m [36mlegacy_stderr_threshold_behavior=[0mtrue [36mlogger=[0msetup/flag [36mv=[0m2
[90m2026-09-18T15:36:51Z[0m [34mTRC[0m [1mgithub.com/kyverno/kyverno/cmd/internal/flag.go:335[0m[36m >[0m [36mlog_backtrace_at=[0m:0 [36mlogger=[0msetup/flag [36mv=[0m2
[90m2026-09-18T15:36:51Z[0m [34mTRC[0m [1mgithub.com/kyverno/kyverno/cmd/internal/flag.go:335[0m[36m >[0m [36mlog_dir=[0m [36mlogger=[0msetup/flag [36mv=[0m2
[90m2026-09-18T15:36:51Z[0m [34mTRC[0m [1mgithub.com/kyverno/kyverno/cmd/internal/flag.go:335[0m[36m >[0m [36mlog_file=[0m [36mlogger=[0msetup/flag [36mv=[0m2
[90m2026-09-18T15:36:51Z[0m [34mTRC[0m [1mgithub.com/kyverno/kyverno/cmd/internal/flag.go:335[0m[36m >[0m [36mlog_file_max_size=[0m1800 [36mlogger=[0msetup/flag [36mv=[0m2
[90m2026-09-18T15:36:51Z[0m [34mTRC[0m [1mgithub.com/kyverno/kyverno/cmd/internal/flag.go:335[0m[36m >[0m [36mlogger=[0msetup/flag [36mloggingFormat=[0mtext [36mv=[0m2
[90m2026-09-18T15:36:51Z[0m [34mTRC[0m [1mgithub.com/kyverno/kyverno/cmd/internal/flag.go:335[0m[36m >[0m [36mlogger=[0msetup/flag [36mloggingtsFormat=[0mdefault [36mv=[0m2
[90m2026-09-18T15:36:51Z[0m [34mTRC[0m [1mgithub.com/kyverno/kyverno/cmd/internal/flag.go:335[0m[36m >[0m [36mlogger=[0msetup/flag [36mlogtostderr=[0mtrue [36mv=[0m2
[90m2026-09-18T15:36:51Z[0m [34mTRC[0m [1mgithub.com/kyverno/kyverno/cmd/internal/flag.go:335[0m[36m >[0m [36mlogger=[0msetup/flag [36mmaxAPICallResponseLength=[0m2000000 [36mv=[0m2
[90m2026-09-18T15:36:51Z[0m [34mTRC[0m [1mgithub.com/kyverno/kyverno/cmd/internal/flag.go:335[0m[36m >[0m [36mlogger=[0msetup/flag [36mmaxGlobalContextEntries=[0m0 [36mv=[0m2
[90m2026-09-18T15:36:51Z[0m [34mTRC[0m [1mgithub.com/kyverno/kyverno/cmd/internal/flag.go:335[0m[36m >[0m [36mlogger=[0msetup/flag [36mmaxQueuedEvents=[0m1000 [36mv=[0m2
[90m2026-09-18T15:36:51Z[0m [34mTRC[0m [1mgithub.com/kyverno/kyverno/cmd/internal/flag.go:335[0m[36m >[0m [36mlogger=[0msetup/flag [36mmetricsCASecretName=[0m [36mv=[0m2
[90m2026-09-18T15:36:51Z[0m [34mTRC[0m [1mgithub.com/kyverno/kyverno/cmd/internal/flag.go:335[0m[36m >[0m [36mlogger=[0msetup/flag [36mmetricsHost=[0m [36mv=[0m2
[90m2026-09-18T15:36:51Z[0m [34mTRC[0m [1mgithub.com/kyverno/kyverno/cmd/internal/flag.go:335[0m[36m >[0m [36mlogger=[0msetup/flag [36mmetricsKeyAlgorithm=[0mRSA [36mv=[0m2
[90m2026-09-18T15:36:51Z[0m [34mTRC[0m [1mgithub.com/kyverno/kyverno/cmd/internal/flag.go:335[0m[36m >[0m [36mlogger=[0msetup/flag [36mmetricsPort=[0m8000 [36mv=[0m2
[90m2026-09-18T15:36:51Z[0m [34mTRC[0m [1mgithub.com/kyverno/kyverno/cmd/internal/flag.go:335[0m[36m >[0m [36mlogger=[0msetup/flag [36mmetricsRenewBefore=[0m360h0m0s [36mv=[0m2
[90m2026-09-18T15:36:51Z[0m [34mTRC[0m [1mgithub.com/kyverno/kyverno/cmd/internal/flag.go:335[0m[36m >[0m [36mlogger=[0msetup/flag [36mmetricsServerIP=[0m [36mv=[0m2
[90m2026-09-18T15:36:51Z[0m [34mTRC[0m [1mgithub.com/kyverno/kyverno/cmd/internal/flag.go:335[0m[36m >[0m [36mlogger=[0msetup/flag [36mmetricsTLSSecretName=[0m [36mv=[0m2
[90m2026-09-18T15:36:51Z[0m [34mTRC[0m [1mgithub.com/kyverno/kyverno/cmd/internal/flag.go:335[0m[36m >[0m [36mlogger=[0msetup/flag [36mone_output=[0mfalse [36mv=[0m2
[90m2026-09-18T15:36:51Z[0m [34mTRC[0m [1mgithub.com/kyverno/kyverno/cmd/internal/flag.go:335[0m[36m >[0m [36mlogger=[0msetup/flag [36motelCollector=[0mopentelemetrycollector.kyverno.svc.cluster.local [36mv=[0m2
[90m2026-09-18T15:36:51Z[0m [34mTRC[0m [1mgithub.com/kyverno/kyverno/cmd/internal/flag.go:335[0m[36m >[0m [36mlogger=[0msetup/flag [36motelConfig=[0mprometheus [36mv=[0m2
[90m2026-09-18T15:36:51Z[0m [34mTRC[0m [1mgithub.com/kyverno/kyverno/cmd/internal/flag.go:335[0m[36m >[0m [36mlogger=[0msetup/flag [36mprofile=[0mfalse [36mv=[0m2
[90m2026-09-18T15:36:51Z[0m [34mTRC[0m [1mgithub.com/kyverno/kyverno/cmd/internal/flag.go:335[0m[36m >[0m [36mlogger=[0msetup/flag [36mprofileAddress=[0m [36mv=[0m2
[90m2026-09-18T15:36:51Z[0m [34mTRC[0m [1mgithub.com/kyverno/kyverno/cmd/internal/flag.go:335[0m[36m >[0m [36mlogger=[0msetup/flag [36mprofilePort=[0m6060 [36mv=[0m2
[90m2026-09-18T15:36:51Z[0m [34mTRC[0m [1mgithub.com/kyverno/kyverno/cmd/internal/flag.go:335[0m[36m >[0m [36mlogger=[0msetup/flag [36mprotectManagedResources=[0m [36mv=[0m2
[90m2026-09-18T15:36:51Z[0m [34mTRC[0m [1mgithub.com/kyverno/kyverno/cmd/internal/flag.go:335[0m[36m >[0m [36mlogger=[0msetup/flag [36mrenewBefore=[0m360h0m0s [36mv=[0m2
[90m2026-09-18T15:36:51Z[0m [34mTRC[0m [1mgithub.com/kyverno/kyverno/cmd/internal/flag.go:335[0m[36m >[0m [36mlogger=[0msetup/flag [36mresyncPeriod=[0m15m0s [36mv=[0m2
[90m2026-09-18T15:36:51Z[0m [34mTRC[0m [1mgithub.com/kyverno/kyverno/cmd/internal/flag.go:335[0m[36m >[0m [36mlogger=[0msetup/flag [36mserverIP=[0m [36mv=[0m2
[90m2026-09-18T15:36:51Z[0m [34mTRC[0m [1mgithub.com/kyverno/kyverno/cmd/internal/flag.go:335[0m[36m >[0m [36mlogger=[0msetup/flag [36mservicePort=[0m443 [36mv=[0m2
[90m2026-09-18T15:36:51Z[0m [34mTRC[0m [1mgithub.com/kyverno/kyverno/cmd/internal/flag.go:335[0m[36m >[0m [36mlogger=[0msetup/flag [36mskip_headers=[0mfalse [36mv=[0m2
[90m2026-09-18T15:36:51Z[0m [34mTRC[0m [1mgithub.com/kyverno/kyverno/cmd/internal/flag.go:335[0m[36m >[0m [36mlogger=[0msetup/flag [36mskip_log_headers=[0mfalse [36mv=[0m2
[90m2026-09-18T15:36:51Z[0m [34mTRC[0m [1mgithub.com/kyverno/kyverno/cmd/internal/flag.go:335[0m[36m >[0m [36mlogger=[0msetup/flag [36mstderrthreshold=[0m2 [36mv=[0m2
[90m2026-09-18T15:36:51Z[0m [34mTRC[0m [1mgithub.com/kyverno/kyverno/cmd/internal/flag.go:335[0m[36m >[0m [36mlogger=[0msetup/flag [36mtlsKeyAlgorithm=[0mRSA [36mv=[0m2
[90m2026-09-18T15:36:51Z[0m [34mTRC[0m [1mgithub.com/kyverno/kyverno/cmd/internal/flag.go:335[0m[36m >[0m [36mlogger=[0msetup/flag [36mtlsSecretName=[0mkyverno-cleanup-controller.kyverno.svc.kyverno-tls-pair [36mv=[0m2
[90m2026-09-18T15:36:51Z[0m [34mTRC[0m [1mgithub.com/kyverno/kyverno/cmd/internal/flag.go:335[0m[36m >[0m [36mlogger=[0msetup/flag [36mtracingAddress=[0m [36mv=[0m2
[90m2026-09-18T15:36:51Z[0m [34mTRC[0m [1mgithub.com/kyverno/kyverno/cmd/internal/flag.go:335[0m[36m >[0m [36mlogger=[0msetup/flag [36mtracingCreds=[0m [36mv=[0m2
[90m2026-09-18T15:36:51Z[0m [34mTRC[0m [1mgithub.com/kyverno/kyverno/cmd/internal/flag.go:335[0m[36m >[0m [36mlogger=[0msetup/flag [36mtracingPort=[0m4317 [36mv=[0m2
[90m2026-09-18T15:36:51Z[0m [34mTRC[0m [1mgithub.com/kyverno/kyverno/cmd/internal/flag.go:335[0m[36m >[0m [36mlogger=[0msetup/flag [36mtransportCreds=[0m [36mv=[0m2
[90m2026-09-18T15:36:51Z[0m [34mTRC[0m [1mgithub.com/kyverno/kyverno/cmd/internal/flag.go:335[0m[36m >[0m [36mlogger=[0msetup/flag [36mttlReconciliationInterval=[0m1m0s [36mv=[0m2
[90m2026-09-18T15:36:51Z[0m [34mTRC[0m [1mgithub.com/kyverno/kyverno/cmd/internal/flag.go:335[0m[36m >[0m [36mlogger=[0msetup/flag [36mv=[0m2
[90m2026-09-18T15:36:51Z[0m [34mTRC[0m [1mgithub.com/kyverno/kyverno/cmd/internal/flag.go:335[0m[36m >[0m [36mlogger=[0msetup/flag [36mv=[0m2 [36mvmodule=[0m
[90m2026-09-18T15:36:51Z[0m [34mTRC[0m [1mgithub.com/kyverno/kyverno/cmd/internal/flag.go:335[0m[36m >[0m [36mlogger=[0msetup/flag [36mv=[0m2 [36mwebhookServerPort=[0m9443
[90m2026-09-18T15:36:51Z[0m [34mTRC[0m [1mgithub.com/kyverno/kyverno/cmd/internal/maxprocs.go:12[0m[36m >[0m setup maxprocs... [36mlogger=[0msetup/maxprocs [36mv=[0m2
[90m2026-09-18T15:36:51Z[0m [34mTRC[0m [1mgithub.com/kyverno/kyverno/cmd/internal/memlimit.go:13[0m[36m >[0m setup memlimit... [36mlogger=[0msetup/memlimit [36mratio=[0m0.9 [36mv=[0m2
[90m2026-09-18T15:36:51Z[0m [34mTRC[0m [1mgithub.com/kyverno/kyverno/cmd/internal/signal.go:16[0m[36m >[0m setup signals... [36mlogger=[0msetup/signals [36mv=[0m2
[90m2026-09-18T15:36:51Z[0m [34mTRC[0m [1mgithub.com/kyverno/kyverno/cmd/internal/client.go:44[0m[36m >[0m create kube client... [36mburst=[0m200 [36mkubeconfig=[0m [36mlogger=[0msetup/kube-client [36mqps=[0m100 [36mv=[0m2
[90m2026-09-18T15:36:51Z[0m DBG [1mk8s.io/client-go@v0.36.3/features/envvar.go:195[0m[36m >[0m Feature gate default state [36menabled=[0mtrue [36mfeature=[0mClientsAllowCARotation [36mlogger=[0mklog [36mv=[0m1
[90m2026-09-18T15:36:51Z[0m DBG [1mk8s.io/client-go@v0.36.3/features/envvar.go:195[0m[36m >[0m Feature gate default state [36menabled=[0mfalse [36mfeature=[0mClientsAllowCBOR [36mlogger=[0mklog [36mv=[0m1
[90m2026-09-18T15:36:51Z[0m DBG [1mk8s.io/client-go@v0.36.3/features/envvar.go:195[0m[36m >[0m Feature gate default state [36menabled=[0mtrue [36mfeature=[0mInOrderInformers [36mlogger=[0mklog [36mv=[0m1
[90m2026-09-18T15:36:51Z[0m DBG [1mk8s.io/client-go@v0.36.3/features/envvar.go:195[0m[36m >[0m Feature gate default state [36menabled=[0mtrue [36mfeature=[0mInOrderInformersBatchProcess [36mlogger=[0mklog [36mv=[0m1
[90m2026-09-18T15:36:51Z[0m DBG [1mk8s.io/client-go@v0.36.3/features/envvar.go:195[0m[36m >[0m Feature gate default state [36menabled=[0mtrue [36mfeature=[0mWatchListClient [36mlogger=[0mklog [36mv=[0m1
[90m2026-09-18T15:36:51Z[0m DBG [1mk8s.io/client-go@v0.36.3/features/envvar.go:195[0m[36m >[0m Feature gate default state [36menabled=[0mtrue [36mfeature=[0mInformerResourceVersion [36mlogger=[0mklog [36mv=[0m1
[90m2026-09-18T15:36:51Z[0m DBG [1mk8s.io/client-go@v0.36.3/features/envvar.go:195[0m[36m >[0m Feature gate default state [36menabled=[0mtrue [36mfeature=[0mAtomicFIFO [36mlogger=[0mklog [36mv=[0m1
[90m2026-09-18T15:36:51Z[0m DBG [1mk8s.io/client-go@v0.36.3/features/envvar.go:195[0m[36m >[0m Feature gate default state [36menabled=[0mtrue [36mfeature=[0mClientsAllowTLSCacheGC [36mlogger=[0mklog [36mv=[0m1
[90m2026-09-18T15:36:51Z[0m DBG [1mk8s.io/client-go@v0.36.3/features/envvar.go:195[0m[36m >[0m Feature gate default state [36menabled=[0mfalse [36mfeature=[0mClientsPreferCBOR [36mlogger=[0mklog [36mv=[0m1
[90m2026-09-18T15:36:51Z[0m DBG [1mk8s.io/client-go@v0.36.3/features/envvar.go:195[0m[36m >[0m Feature gate default state [36menabled=[0mtrue [36mfeature=[0mUnlockWhileProcessingFIFO [36mlogger=[0mklog [36mv=[0m1
[90m2026-09-18T15:36:51Z[0m [34mTRC[0m [1mgithub.com/kyverno/kyverno/cmd/internal/configmap.go:36[0m[36m >[0m create metrics-config-controller... [36mlogger=[0msetup/metrics-config-controller [36mv=[0m2
[90m2026-09-18T15:36:51Z[0m [34mTRC[0m [1mk8s.io/client-go@v0.36.3/tools/cache/reflector.go:507[0m[36m >[0m Caches populated [36mlogger=[0mklog [36mreflector=[0mk8s.io/client-go@v0.36.3/tools/cache/reflector.go:343 [36mtype=[0m*v1.ConfigMap [36mv=[0m2
[90m2026-09-18T15:36:51Z[0m [34mTRC[0m [1mgithub.com/kyverno/kyverno/cmd/internal/configmap.go:52[0m[36m >[0m done creating metrics-config-controller [36mlogger=[0msetup/metrics-config-controller [36mv=[0m2
[90m2026-09-18T15:36:51Z[0m [34mTRC[0m [1mgithub.com/kyverno/kyverno/cmd/internal/metrics.go:27[0m[36m >[0m setup metrics... [36mcollector=[0mopentelemetrycollector.kyverno.svc.cluster.local [36mcreds=[0m [36mexemplarFilter=[0mtrace-based [36mlogger=[0msetup/metrics [36motel=[0mprometheus [36mport=[0m8000 [36mtlsSecretName=[0m [36mv=[0m2
[90m2026-09-18T15:36:51Z[0m [34mTRC[0m [1mgithub.com/kyverno/kyverno/cmd/internal/configmap.go:15[0m[36m >[0m create config-controller... [36mlogger=[0msetup/config-controller [36mv=[0m2
[90m2026-09-18T15:36:51Z[0m [32mINF[0m [1mgithub.com/kyverno/kyverno/cmd/internal/metrics.go:159[0m[36m >[0m [1mStarting HTTP metrics server[0m [36maddress=[0m[]:8000 [36mlogger=[0msetup/metrics [36mv=[0m0
[90m2026-09-18T15:36:51Z[0m [34mTRC[0m [1mk8s.io/client-go@v0.36.3/tools/cache/reflector.go:507[0m[36m >[0m Caches populated [36mlogger=[0mklog [36mreflector=[0mk8s.io/client-go@v0.36.3/tools/cache/reflector.go:343 [36mtype=[0m*v1.ConfigMap [36mv=[0m2
[90m2026-09-18T15:36:51Z[0m [34mTRC[0m [1mgithub.com/kyverno/kyverno/pkg/config/config.go:433[0m[36m >[0m defaultRegistry configured [36mdefaultRegistry=[0mdocker.io [36mlogger=[0mconfig [36mname=[0mkyverno [36mnamespace=[0mkyverno [36mv=[0m2
[90m2026-09-18T15:36:51Z[0m [34mTRC[0m [1mgithub.com/kyverno/kyverno/pkg/config/config.go:449[0m[36m >[0m enableDefaultRegistryMutation configured [36menableDefaultRegistryMutation=[0mtrue [36mlogger=[0mconfig [36mname=[0mkyverno [36mnamespace=[0mkyverno [36mv=[0m2
[90m2026-09-18T15:36:51Z[0m [34mTRC[0m [1mgithub.com/kyverno/kyverno/pkg/config/config.go:458[0m[36m >[0m excludedGroups configured [36mexcludeGroups=[0m["system:nodes"] [36mincludeGroups=[0m[] [36mlogger=[0mconfig [36mname=[0mkyverno [36mnamespace=[0mkyverno [36mv=[0m2
[90m2026-09-18T15:36:51Z[0m [34mTRC[0m [1mgithub.com/kyverno/kyverno/pkg/config/config.go:463[0m[36m >[0m excludeUsernames not set [36mlogger=[0mconfig [36mname=[0mkyverno [36mnamespace=[0mkyverno [36mv=[0m2
[90m2026-09-18T15:36:51Z[0m [34mTRC[0m [1mgithub.com/kyverno/kyverno/pkg/config/config.go:471[0m[36m >[0m excludeRoles not set [36mlogger=[0mconfig [36mname=[0mkyverno [36mnamespace=[0mkyverno [36mv=[0m2
[90m2026-09-18T15:36:51Z[0m [34mTRC[0m [1mgithub.com/kyverno/kyverno/pkg/config/config.go:479[0m[36m >[0m excludeClusterRoles not set [36mlogger=[0mconfig [36mname=[0mkyverno [36mnamespace=[0mkyverno [36mv=[0m2
[90m2026-09-18T15:36:51Z[0m [34mTRC[0m [1mgithub.com/kyverno/kyverno/pkg/config/config.go:495[0m[36m >[0m generateSuccessEvents configured [36mgenerateSuccessEvents=[0mfalse [36mlogger=[0mconfig [36mname=[0mkyverno [36mnamespace=[0mkyverno [36mv=[0m2
[90m2026-09-18T15:36:51Z[0m [34mTRC[0m [1mgithub.com/kyverno/kyverno/pkg/config/config.go:501[0m[36m >[0m successEventActions not set [36mlogger=[0mconfig [36mname=[0mkyverno [36mnamespace=[0mkyverno [36mv=[0m2
[90m2026-09-18T15:36:51Z[0m [34mTRC[0m [1mgithub.com/kyverno/kyverno/pkg/config/config.go:525[0m[36m >[0m webhooks configured [36mlogger=[0mconfig [36mname=[0mkyverno [36mnamespace=[0mkyverno [36mv=[0m2 [36mwebhooks=[0m"{\"namespaceSelector\":{\"matchExpressions\":[{\"key\":\"kubernetes.io/metadata.name\",\"operator\":\"NotIn\",\"values\":[\"kube-system\"]},{\"key\":\"kubernetes.io/metadata.name\",\"operator\":\"NotIn\",\"values\":[\"kyverno\"]}],\"matchLabels\":null}}"
[90m2026-09-18T15:36:51Z[0m [34mTRC[0m [1mgithub.com/kyverno/kyverno/pkg/config/config.go:539[0m[36m >[0m webhookAnnotations configured [36mlogger=[0mconfig [36mname=[0mkyverno [36mnamespace=[0mkyverno [36mv=[0m2 [36mwebhookAnnotations=[0m"{\"admissions.enforcer/disabled\":\"true\"}"
[90m2026-09-18T15:36:51Z[0m [34mTRC[0m [1mgithub.com/kyverno/kyverno/pkg/config/config.go:545[0m[36m >[0m webhookLabels not set [36mlogger=[0mconfig [36mname=[0mkyverno [36mnamespace=[0mkyverno [36mv=[0m2
[90m2026-09-18T15:36:51Z[0m [34mTRC[0m [1mgithub.com/kyverno/kyverno/pkg/config/config.go:559[0m[36m >[0m matchConditions not set [36mlogger=[0mconfig [36mname=[0mkyverno [36mnamespace=[0mkyverno [36mv=[0m2
[90m2026-09-18T15:36:51Z[0m [34mTRC[0m [1mgithub.com/kyverno/kyverno/pkg/config/config.go:580[0m[36m >[0m enableDefaultRegistryMutation configured [36menableDefaultRegistryMutation=[0mtrue [36mlogger=[0mconfig [36mname=[0mkyverno [36mnamespace=[0mkyverno [36mv=[0m2
[90m2026-09-18T15:36:51Z[0m [34mTRC[0m [1mgithub.com/kyverno/kyverno/pkg/config/config.go:595[0m[36m >[0m maxContextSize not set, using default [36mdefault=[0m2097152 [36mlogger=[0mconfig [36mname=[0mkyverno [36mnamespace=[0mkyverno [36mv=[0m2
[90m2026-09-18T15:36:51Z[0m [34mTRC[0m [1mgithub.com/kyverno/kyverno/cmd/internal/configmap.go:31[0m[36m >[0m done creating config-controller [36mlogger=[0msetup/config-controller [36mv=[0m2
[90m2026-09-18T15:36:51Z[0m [34mTRC[0m [1mgithub.com/kyverno/kyverno/cmd/internal/client.go:44[0m[36m >[0m create kube client... [36mburst=[0m200 [36mkubeconfig=[0m [36mlogger=[0msetup/kube-client [36mqps=[0m100 [36mv=[0m2
[90m2026-09-18T15:36:51Z[0m [34mTRC[0m [1mgithub.com/kyverno/kyverno/cmd/internal/client.go:60[0m[36m >[0m create kyverno client... [36mburst=[0m200 [36mkubeconfig=[0m [36mlogger=[0msetup/kyverno-client [36mqps=[0m100 [36mv=[0m2
[90m2026-09-18T15:36:51Z[0m [34mTRC[0m [1mgithub.com/kyverno/kyverno/cmd/internal/client.go:68[0m[36m >[0m create dynamic client... [36mburst=[0m200 [36mkubeconfig=[0m [36mlogger=[0msetup/dynamic-client [36mqps=[0m100 [36mv=[0m2
[90m2026-09-18T15:36:51Z[0m [34mTRC[0m [1mgithub.com/kyverno/kyverno/cmd/internal/client.go:84[0m[36m >[0m create apiserver client... [36mburst=[0m200 [36mkubeconfig=[0m [36mlogger=[0msetup/apiserver-client [36mqps=[0m100 [36mv=[0m2
[90m2026-09-18T15:36:51Z[0m [34mTRC[0m [1mgithub.com/kyverno/kyverno/cmd/internal/client.go:76[0m[36m >[0m create metadata client... [36mburst=[0m200 [36mkubeconfig=[0m [36mlogger=[0msetup/metadata-client [36mqps=[0m100 [36mv=[0m2
[90m2026-09-18T15:36:51Z[0m [34mTRC[0m [1mgithub.com/kyverno/kyverno/cmd/internal/client.go:92[0m[36m >[0m create the kyverno dynamic client... [36mburst=[0m200 [36mkubeconfig=[0m [36mlogger=[0msetup/d-client [36mqps=[0m100 [36mv=[0m2
[90m2026-09-18T15:36:51Z[0m [34mTRC[0m [1mgithub.com/kyverno/kyverno/cmd/internal/client.go:100[0m[36m >[0m create the events client... [36mburst=[0m200 [36mkubeconfig=[0m [36mlogger=[0msetup/events-client [36mqps=[0m100 [36mv=[0m2
[90m2026-09-18T15:36:51Z[0m [34mTRC[0m [1mgithub.com/kyverno/kyverno/cmd/internal/client.go:44[0m[36m >[0m create kube client... [36mburst=[0m200 [36mkubeconfig=[0m [36mlogger=[0msetup/events-client/kube-client [36mqps=[0m100 [36mv=[0m2
[90m2026-09-18T15:36:51Z[0m [34mTRC[0m [1mk8s.io/client-go@v0.36.3/tools/cache/reflector.go:507[0m[36m >[0m Caches populated [36mlogger=[0mklog [36mreflector=[0mk8s.io/client-go@v0.36.3/tools/cache/reflector.go:343 [36mtype=[0m*v1.Secret [36mv=[0m2
[90m2026-09-18T15:36:51Z[0m [34mTRC[0m [1mk8s.io/client-go@v0.36.3/tools/cache/reflector.go:507[0m[36m >[0m Caches populated [36mlogger=[0mklog [36mreflector=[0mk8s.io/client-go@v0.36.3/tools/cache/reflector.go:343 [36mtype=[0m*v1.Secret [36mv=[0m2
[90m2026-09-18T15:36:51Z[0m [34mTRC[0m [1mk8s.io/client-go@v0.36.3/tools/cache/reflector.go:507[0m[36m >[0m Caches populated [36mlogger=[0mklog [36mreflector=[0mk8s.io/client-go@v0.36.3/tools/cache/reflector.go:343 [36mtype=[0m*v1.Deployment [36mv=[0m2
[90m2026-09-18T15:36:51Z[0m [32mINF[0m [1mk8s.io/client-go@v0.36.3/rest/warnings.go:107[0m[36m >[0m [1mWarning: kyverno.io/v2 ClusterCleanupPolicy is deprecated and will be removed in a future release; migrate to DeletingPolicy (policies.kyverno.io), see https://kyverno.io/docs/guides/migration-to-cel/[0m [36mlogger=[0mklog [36mv=[0m0
[90m2026-09-18T15:36:51Z[0m [32mINF[0m [1mk8s.io/client-go@v0.36.3/rest/warnings.go:107[0m[36m >[0m [1mWarning: kyverno.io/v2 CleanupPolicy is deprecated and will be removed in a future release; migrate to NamespacedDeletingPolicy (policies.kyverno.io), see https://kyverno.io/docs/guides/migration-to-cel/[0m [36mlogger=[0mklog [36mv=[0m0
[90m2026-09-18T15:36:51Z[0m [34mTRC[0m [1mk8s.io/client-go@v0.36.3/tools/cache/reflector.go:507[0m[36m >[0m Caches populated [36mlogger=[0mklog [36mreflector=[0mk8s.io/client-go@v0.36.3/tools/cache/reflector.go:343 [36mtype=[0m*v2beta1.GlobalContextEntry [36mv=[0m2
[90m2026-09-18T15:36:51Z[0m [34mTRC[0m [1mk8s.io/client-go@v0.36.3/tools/cache/reflector.go:507[0m[36m >[0m Caches populated [36mlogger=[0mklog [36mreflector=[0mk8s.io/client-go@v0.36.3/tools/cache/reflector.go:343 [36mtype=[0m*v2.CleanupPolicy [36mv=[0m2
[90m2026-09-18T15:36:51Z[0m [34mTRC[0m [1mk8s.io/client-go@v0.36.3/tools/cache/reflector.go:507[0m[36m >[0m Caches populated [36mlogger=[0mklog [36mreflector=[0mk8s.io/client-go@v0.36.3/tools/cache/reflector.go:343 [36mtype=[0m*v2.ClusterCleanupPolicy [36mv=[0m2
[90m2026-09-18T15:36:51Z[0m [34mTRC[0m [1mk8s.io/client-go@v0.36.3/tools/cache/reflector.go:507[0m[36m >[0m Caches populated [36mlogger=[0mklog [36mreflector=[0mk8s.io/client-go@v0.36.3/tools/cache/reflector.go:343 [36mtype=[0m*v1.Namespace [36mv=[0m2
[90m2026-09-18T15:36:51Z[0m [32mINF[0m [1mk8s.io/client-go@v0.36.3/tools/leaderelection/leaderelection.go:258[0m[36m >[0m [1mAttempting to acquire leader lease...[0m [36mlock=[0mkyverno/kyverno-cleanup-controller [36mlogger=[0mklog [36mv=[0m0
[90m2026-09-18T15:36:51Z[0m [34mTRC[0m [1mgithub.com/kyverno/kyverno/cmd/internal/controller.go:32[0m[36m >[0m starting controller [36mlogger=[0msetup [36mname=[0mkyverno-events [36mv=[0m2 [36mworkers=[0m3
[90m2026-09-18T15:36:51Z[0m [34mTRC[0m [1mgithub.com/kyverno/kyverno/cmd/internal/controller.go:32[0m[36m >[0m starting controller [36mlogger=[0msetup [36mname=[0mglobal-context [36mv=[0m2 [36mworkers=[0m1
[90m2026-09-18T15:36:51Z[0m [34mTRC[0m [1mgithub.com/kyverno/kyverno/pkg/event/controller.go:125[0m[36m >[0m start [36mlogger=[0mEventGenerator [36mv=[0m2
[90m2026-09-18T15:36:51Z[0m [32mINF[0m [1mk8s.io/client-go@v0.36.3/tools/leaderelection/leaderelection.go:272[0m[36m >[0m [1mSuccessfully acquired lease[0m [36mlock=[0mkyverno/kyverno-cleanup-controller [36mlogger=[0mklog [36mv=[0m0
[90m2026-09-18T15:36:51Z[0m [34mTRC[0m [1mgithub.com/kyverno/kyverno/pkg/leaderelection/leaderelection.go:82[0m[36m >[0m started leading [36mid=[0mkyverno-cleanup-controller-96f7f5d89-z2cwg [36mlogger=[0msetup/leader-election [36mv=[0m2
[90m2026-09-18T15:36:51Z[0m [34mTRC[0m [1mgithub.com/kyverno/kyverno/cmd/internal/engine.go:91[0m[36m >[0m setup config map resolver... [36menableConfigMapCaching=[0mtrue [36mlogger=[0msetup/configmap-resolver [36mv=[0m2
[90m2026-09-18T15:36:51Z[0m [34mTRC[0m [1mk8s.io/client-go@v0.36.3/tools/cache/reflector.go:507[0m[36m >[0m Caches populated [36mlogger=[0mklog [36mreflector=[0mk8s.io/client-go@v0.36.3/tools/cache/reflector.go:343 [36mtype=[0m*v1.ConfigMap [36mv=[0m2
[90m2026-09-18T15:36:51Z[0m [34mTRC[0m [1mk8s.io/client-go@v0.36.3/tools/cache/reflector.go:507[0m[36m >[0m Caches populated [36mlogger=[0mklog [36mreflector=[0mk8s.io/client-go@v0.36.3/tools/cache/reflector.go:343 [36mtype=[0m*v1.ValidatingWebhookConfiguration [36mv=[0m2
[90m2026-09-18T15:36:51Z[0m [34mTRC[0m [1mk8s.io/client-go@v0.36.3/tools/cache/reflector.go:507[0m[36m >[0m Caches populated [36mlogger=[0mklog [36mreflector=[0mk8s.io/client-go@v0.36.3/tools/cache/reflector.go:343 [36mtype=[0m*v1beta1.DeletingPolicy [36mv=[0m2
[90m2026-09-18T15:36:51Z[0m [34mTRC[0m [1mk8s.io/client-go@v0.36.3/tools/cache/reflector.go:507[0m[36m >[0m Caches populated [36mlogger=[0mklog [36mreflector=[0mk8s.io/client-go@v0.36.3/tools/cache/reflector.go:343 [36mtype=[0m*v1beta1.PolicyException [36mv=[0m2
[90m2026-09-18T15:36:51Z[0m [34mTRC[0m [1mk8s.io/client-go@v0.36.3/tools/cache/reflector.go:507[0m[36m >[0m Caches populated [36mlogger=[0mklog [36mreflector=[0mk8s.io/client-go@v0.36.3/tools/cache/reflector.go:343 [36mtype=[0m*v1beta1.NamespacedDeletingPolicy [36mv=[0m2
[90m2026-09-18T15:36:51Z[0m [32mINF[0m [1mk8s.io/client-go@v0.36.3/rest/warnings.go:107[0m[36m >[0m [1mWarning: kyverno.io/v2 CleanupPolicy is deprecated and will be removed in a future release; migrate to NamespacedDeletingPolicy (policies.kyverno.io), see https://kyverno.io/docs/guides/migration-to-cel/[0m [36mlogger=[0mklog [36mv=[0m0
[90m2026-09-18T15:36:51Z[0m [32mINF[0m [1mk8s.io/client-go@v0.36.3/rest/warnings.go:107[0m[36m >[0m [1mWarning: kyverno.io/v2 ClusterCleanupPolicy is deprecated and will be removed in a future release; migrate to DeletingPolicy (policies.kyverno.io), see https://kyverno.io/docs/guides/migration-to-cel/[0m [36mlogger=[0mklog [36mv=[0m0
[90m2026-09-18T15:36:51Z[0m [34mTRC[0m [1mk8s.io/client-go@v0.36.3/tools/cache/reflector.go:507[0m[36m >[0m Caches populated [36mlogger=[0mklog [36mreflector=[0mk8s.io/client-go@v0.36.3/tools/cache/reflector.go:343 [36mtype=[0m*v2.CleanupPolicy [36mv=[0m2
[90m2026-09-18T15:36:51Z[0m [34mTRC[0m [1mk8s.io/client-go@v0.36.3/tools/cache/reflector.go:507[0m[36m >[0m Caches populated [36mlogger=[0mklog [36mreflector=[0mk8s.io/client-go@v0.36.3/tools/cache/reflector.go:343 [36mtype=[0m*v2.ClusterCleanupPolicy [36mv=[0m2
[90m2026-09-18T15:36:51Z[0m [34mTRC[0m [1mgithub.com/kyverno/kyverno/cmd/internal/controller.go:32[0m[36m >[0m starting controller [36mlogger=[0msetup/leader [36mname=[0mttl-controller-manager [36mv=[0m2 [36mworkers=[0m3
[90m2026-09-18T15:36:51Z[0m [34mTRC[0m [1mgithub.com/kyverno/kyverno/cmd/internal/controller.go:32[0m[36m >[0m starting controller [36mlogger=[0msetup/leader [36mname=[0mpolicy-webhook-controller [36mv=[0m2 [36mworkers=[0m2
[90m2026-09-18T15:36:51Z[0m [34mTRC[0m [1mgithub.com/kyverno/kyverno/cmd/internal/controller.go:32[0m[36m >[0m starting controller [36mlogger=[0msetup/leader [36mname=[0mdeleting-controller [36mv=[0m2 [36mworkers=[0m3
[90m2026-09-18T15:36:51Z[0m [34mTRC[0m [1mgithub.com/kyverno/kyverno/cmd/internal/controller.go:32[0m[36m >[0m starting controller [36mlogger=[0msetup/leader [36mname=[0mcleanup-controller [36mv=[0m2 [36mworkers=[0m3
[90m2026-09-18T15:36:51Z[0m [34mTRC[0m [1mgithub.com/kyverno/kyverno/cmd/internal/controller.go:32[0m[36m >[0m starting controller [36mlogger=[0msetup/leader [36mname=[0mttl-webhook-controller [36mv=[0m2 [36mworkers=[0m2
[90m2026-09-18T15:36:51Z[0m [34mTRC[0m [1mgithub.com/kyverno/kyverno/cmd/internal/controller.go:32[0m[36m >[0m starting controller [36mlogger=[0msetup/leader [36mname=[0mcertmanager-controller [36mv=[0m2 [36mworkers=[0m1
[90m2026-09-18T15:36:53Z[0m [32mINF[0m [1mgithub.com/kyverno/kyverno/pkg/logging/log.go:180[0m[36m >[0m [1m2026/09/18 15:36:53 http: TLS handshake error from 10.244.0.1:57708: secret "kyverno-cleanup-controller.kyverno.svc.kyverno-tls-pair" not found[0m [36mlogger=[0mserver [36mv=[0m0
[90m2026-09-18T15:37:51Z[0m [34mTRC[0m [1mk8s.io/client-go@v0.36.3/tools/cache/reflector.go:507[0m[36m >[0m Caches populated [36mlogger=[0mklog [36mreflector=[0mk8s.io/client-go@v0.36.3/tools/cache/reflector.go:343 [36mtype=[0m*v1.PartialObjectMetadata [36mv=[0m2
[90m2026-09-18T15:37:51Z[0m [34mTRC[0m [1mgithub.com/kyverno/kyverno/pkg/utils/controller/run.go:20[0m[36m >[0m starting ... [36mgvr=[0m"kyverno.io/v2, Resource=globalcontextentries" [36mlogger=[0mttl-controller-manager [36mv=[0m2
[90m2026-09-18T15:37:51Z[0m [34mTRC[0m [1mk8s.io/client-go@v0.36.3/tools/cache/reflector.go:507[0m[36m >[0m Caches populated [36mlogger=[0mklog [36mreflector=[0mk8s.io/client-go@v0.36.3/tools/cache/reflector.go:343 [36mtype=[0m*v1.PartialObjectMetadata [36mv=[0m2
[90m2026-09-18T15:37:52Z[0m [34mTRC[0m [1mgithub.com/kyverno/kyverno/pkg/utils/controller/run.go:20[0m[36m >[0m starting ... [36mgvr=[0m"admissionregistration.k8s.io/v1, Resource=validatingwebhookconfigurations" [36mlogger=[0mttl-controller-manager [36mv=[0m2
