[90m2026-09-18T15:13:08Z[0m [34mTRC[0m [1mgithub.com/kyverno/kyverno/pkg/version/version.go:49[0m[36m >[0m version [36mhash=[0m40ec788d48bb28d83dbf85538e962a59db9d45c6 [36mlogger=[0msetup/version [36mv=[0m2 [36mversion=[0mv1.19.1
[90m2026-09-18T15:13:08Z[0m [34mTRC[0m [1mgithub.com/kyverno/kyverno/cmd/internal/flag.go:335[0m[36m >[0m [36madd_dir_header=[0mfalse [36mlogger=[0msetup/flag [36mv=[0m2
[90m2026-09-18T15:13:08Z[0m [34mTRC[0m [1mgithub.com/kyverno/kyverno/cmd/internal/flag.go:335[0m[36m >[0m [36malsologtostderr=[0mfalse [36mlogger=[0msetup/flag [36mv=[0m2
[90m2026-09-18T15:13:08Z[0m [34mTRC[0m [1mgithub.com/kyverno/kyverno/cmd/internal/flag.go:335[0m[36m >[0m [36malsologtostderrthreshold=[0m0 [36mlogger=[0msetup/flag [36mv=[0m2
[90m2026-09-18T15:13:08Z[0m [34mTRC[0m [1mgithub.com/kyverno/kyverno/cmd/internal/flag.go:335[0m[36m >[0m [36mautoMemLimitEnabled=[0mtrue [36mlogger=[0msetup/flag [36mv=[0m2
[90m2026-09-18T15:13:08Z[0m [34mTRC[0m [1mgithub.com/kyverno/kyverno/cmd/internal/flag.go:335[0m[36m >[0m [36mautoMemLimitRatio=[0m0.9 [36mlogger=[0msetup/flag [36mv=[0m2
[90m2026-09-18T15:13:08Z[0m [34mTRC[0m [1mgithub.com/kyverno/kyverno/cmd/internal/flag.go:335[0m[36m >[0m [36mcleanupServerHost=[0m [36mlogger=[0msetup/flag [36mv=[0m2
[90m2026-09-18T15:13:08Z[0m [34mTRC[0m [1mgithub.com/kyverno/kyverno/cmd/internal/flag.go:335[0m[36m >[0m [36mcleanupServerPort=[0m9443 [36mlogger=[0msetup/flag [36mv=[0m2
[90m2026-09-18T15:13:08Z[0m [34mTRC[0m [1mgithub.com/kyverno/kyverno/cmd/internal/flag.go:335[0m[36m >[0m [36mclientRateLimitBurst=[0m200 [36mlogger=[0msetup/flag [36mv=[0m2
[90m2026-09-18T15:13:08Z[0m [34mTRC[0m [1mgithub.com/kyverno/kyverno/cmd/internal/flag.go:335[0m[36m >[0m [36mclientRateLimitQPS=[0m100 [36mlogger=[0msetup/flag [36mv=[0m2
[90m2026-09-18T15:13:08Z[0m [34mTRC[0m [1mgithub.com/kyverno/kyverno/cmd/internal/flag.go:335[0m[36m >[0m [36mcrdWatcher=[0mfalse [36mlogger=[0msetup/flag [36mv=[0m2
[90m2026-09-18T15:13:08Z[0m [34mTRC[0m [1mgithub.com/kyverno/kyverno/cmd/internal/flag.go:335[0m[36m >[0m [36mdisableLogColor=[0mfalse [36mlogger=[0msetup/flag [36mv=[0m2
[90m2026-09-18T15:13:08Z[0m [34mTRC[0m [1mgithub.com/kyverno/kyverno/cmd/internal/flag.go:335[0m[36m >[0m [36meventsRateLimitBurst=[0m2000 [36mlogger=[0msetup/flag [36mv=[0m2
[90m2026-09-18T15:13:08Z[0m [34mTRC[0m [1mgithub.com/kyverno/kyverno/cmd/internal/flag.go:335[0m[36m >[0m [36meventsRateLimitQPS=[0m1000 [36mlogger=[0msetup/flag [36mv=[0m2
[90m2026-09-18T15:13:08Z[0m [34mTRC[0m [1mgithub.com/kyverno/kyverno/cmd/internal/flag.go:335[0m[36m >[0m [36mkubeconfig=[0m [36mlogger=[0msetup/flag [36mv=[0m2
[90m2026-09-18T15:13:08Z[0m [34mTRC[0m [1mgithub.com/kyverno/kyverno/cmd/internal/flag.go:335[0m[36m >[0m [36mlegacy_stderr_threshold_behavior=[0mtrue [36mlogger=[0msetup/flag [36mv=[0m2
[90m2026-09-18T15:13:08Z[0m [34mTRC[0m [1mgithub.com/kyverno/kyverno/cmd/internal/flag.go:335[0m[36m >[0m [36mlog_backtrace_at=[0m:0 [36mlogger=[0msetup/flag [36mv=[0m2
[90m2026-09-18T15:13:08Z[0m [34mTRC[0m [1mgithub.com/kyverno/kyverno/cmd/internal/flag.go:335[0m[36m >[0m [36mlog_dir=[0m [36mlogger=[0msetup/flag [36mv=[0m2
[90m2026-09-18T15:13:08Z[0m [34mTRC[0m [1mgithub.com/kyverno/kyverno/cmd/internal/flag.go:335[0m[36m >[0m [36mlog_file=[0m [36mlogger=[0msetup/flag [36mv=[0m2
[90m2026-09-18T15:13:08Z[0m [34mTRC[0m [1mgithub.com/kyverno/kyverno/cmd/internal/flag.go:335[0m[36m >[0m [36mlog_file_max_size=[0m1800 [36mlogger=[0msetup/flag [36mv=[0m2
[90m2026-09-18T15:13:08Z[0m [34mTRC[0m [1mgithub.com/kyverno/kyverno/cmd/internal/flag.go:335[0m[36m >[0m [36mlogger=[0msetup/flag [36mloggingFormat=[0mtext [36mv=[0m2
[90m2026-09-18T15:13:08Z[0m [34mTRC[0m [1mgithub.com/kyverno/kyverno/cmd/internal/flag.go:335[0m[36m >[0m [36mlogger=[0msetup/flag [36mloggingtsFormat=[0mdefault [36mv=[0m2
[90m2026-09-18T15:13:08Z[0m [34mTRC[0m [1mgithub.com/kyverno/kyverno/cmd/internal/flag.go:335[0m[36m >[0m [36mlogger=[0msetup/flag [36mlogtostderr=[0mtrue [36mv=[0m2
[90m2026-09-18T15:13:08Z[0m [34mTRC[0m [1mgithub.com/kyverno/kyverno/cmd/internal/flag.go:335[0m[36m >[0m [36mlogger=[0msetup/flag [36mone_output=[0mfalse [36mv=[0m2
[90m2026-09-18T15:13:08Z[0m [34mTRC[0m [1mgithub.com/kyverno/kyverno/cmd/internal/flag.go:335[0m[36m >[0m [36mlogger=[0msetup/flag [36mopenreportsEnabled=[0mfalse [36mv=[0m2
[90m2026-09-18T15:13:08Z[0m [34mTRC[0m [1mgithub.com/kyverno/kyverno/cmd/internal/flag.go:335[0m[36m >[0m [36mlogger=[0msetup/flag [36mresyncPeriod=[0m15m0s [36mv=[0m2
[90m2026-09-18T15:13:08Z[0m [34mTRC[0m [1mgithub.com/kyverno/kyverno/cmd/internal/flag.go:335[0m[36m >[0m [36mlogger=[0msetup/flag [36mskip_headers=[0mfalse [36mv=[0m2
[90m2026-09-18T15:13:08Z[0m [34mTRC[0m [1mgithub.com/kyverno/kyverno/cmd/internal/flag.go:335[0m[36m >[0m [36mlogger=[0msetup/flag [36mskip_log_headers=[0mfalse [36mv=[0m2
[90m2026-09-18T15:13:08Z[0m [34mTRC[0m [1mgithub.com/kyverno/kyverno/cmd/internal/flag.go:335[0m[36m >[0m [36mlogger=[0msetup/flag [36mstderrthreshold=[0m2 [36mv=[0m2
[90m2026-09-18T15:13:08Z[0m [34mTRC[0m [1mgithub.com/kyverno/kyverno/cmd/internal/flag.go:335[0m[36m >[0m [36mlogger=[0msetup/flag [36mv=[0m2
[90m2026-09-18T15:13:08Z[0m [34mTRC[0m [1mgithub.com/kyverno/kyverno/cmd/internal/flag.go:335[0m[36m >[0m [36mlogger=[0msetup/flag [36mv=[0m2 [36mvmodule=[0m
[90m2026-09-18T15:13:08Z[0m [34mTRC[0m [1mgithub.com/kyverno/kyverno/cmd/internal/maxprocs.go:12[0m[36m >[0m setup maxprocs... [36mlogger=[0msetup/maxprocs [36mv=[0m2
[90m2026-09-18T15:13:08Z[0m [34mTRC[0m [1mgithub.com/kyverno/kyverno/cmd/internal/memlimit.go:13[0m[36m >[0m setup memlimit... [36mlogger=[0msetup/memlimit [36mratio=[0m0.9 [36mv=[0m2
[90m2026-09-18T15:13:08Z[0m [34mTRC[0m [1mgithub.com/kyverno/kyverno/cmd/internal/signal.go:16[0m[36m >[0m setup signals... [36mlogger=[0msetup/signals [36mv=[0m2
[90m2026-09-18T15:13:08Z[0m [34mTRC[0m [1mgithub.com/kyverno/kyverno/cmd/internal/client.go:44[0m[36m >[0m create kube client... [36mburst=[0m200 [36mkubeconfig=[0m [36mlogger=[0msetup/kube-client [36mqps=[0m100 [36mv=[0m2
[90m2026-09-18T15:13:08Z[0m DBG [1mk8s.io/client-go@v0.36.3/features/envvar.go:195[0m[36m >[0m Feature gate default state [36menabled=[0mtrue [36mfeature=[0mAtomicFIFO [36mlogger=[0mklog [36mv=[0m1
[90m2026-09-18T15:13:08Z[0m DBG [1mk8s.io/client-go@v0.36.3/features/envvar.go:195[0m[36m >[0m Feature gate default state [36menabled=[0mfalse [36mfeature=[0mClientsPreferCBOR [36mlogger=[0mklog [36mv=[0m1
[90m2026-09-18T15:13:08Z[0m DBG [1mk8s.io/client-go@v0.36.3/features/envvar.go:195[0m[36m >[0m Feature gate default state [36menabled=[0mtrue [36mfeature=[0mInformerResourceVersion [36mlogger=[0mklog [36mv=[0m1
[90m2026-09-18T15:13:08Z[0m DBG [1mk8s.io/client-go@v0.36.3/features/envvar.go:195[0m[36m >[0m Feature gate default state [36menabled=[0mtrue [36mfeature=[0mUnlockWhileProcessingFIFO [36mlogger=[0mklog [36mv=[0m1
[90m2026-09-18T15:13:08Z[0m DBG [1mk8s.io/client-go@v0.36.3/features/envvar.go:195[0m[36m >[0m Feature gate default state [36menabled=[0mtrue [36mfeature=[0mWatchListClient [36mlogger=[0mklog [36mv=[0m1
[90m2026-09-18T15:13:08Z[0m DBG [1mk8s.io/client-go@v0.36.3/features/envvar.go:195[0m[36m >[0m Feature gate default state [36menabled=[0mtrue [36mfeature=[0mInOrderInformers [36mlogger=[0mklog [36mv=[0m1
[90m2026-09-18T15:13:08Z[0m DBG [1mk8s.io/client-go@v0.36.3/features/envvar.go:195[0m[36m >[0m Feature gate default state [36menabled=[0mtrue [36mfeature=[0mClientsAllowTLSCacheGC [36mlogger=[0mklog [36mv=[0m1
[90m2026-09-18T15:13:08Z[0m DBG [1mk8s.io/client-go@v0.36.3/features/envvar.go:195[0m[36m >[0m Feature gate default state [36menabled=[0mtrue [36mfeature=[0mClientsAllowCARotation [36mlogger=[0mklog [36mv=[0m1
[90m2026-09-18T15:13:08Z[0m DBG [1mk8s.io/client-go@v0.36.3/features/envvar.go:195[0m[36m >[0m Feature gate default state [36menabled=[0mfalse [36mfeature=[0mClientsAllowCBOR [36mlogger=[0mklog [36mv=[0m1
[90m2026-09-18T15:13:08Z[0m DBG [1mk8s.io/client-go@v0.36.3/features/envvar.go:195[0m[36m >[0m Feature gate default state [36menabled=[0mtrue [36mfeature=[0mInOrderInformersBatchProcess [36mlogger=[0mklog [36mv=[0m1
[90m2026-09-18T15:13:08Z[0m [34mTRC[0m [1mgithub.com/kyverno/kyverno/cmd/internal/configmap.go:36[0m[36m >[0m create metrics-config-controller... [36mlogger=[0msetup/metrics-config-controller [36mv=[0m2
[90m2026-09-18T15:13:08Z[0m [34mTRC[0m [1mk8s.io/client-go@v0.36.3/tools/cache/reflector.go:507[0m[36m >[0m Caches populated [36mlogger=[0mklog [36mreflector=[0mk8s.io/client-go@v0.36.3/tools/cache/reflector.go:343 [36mtype=[0m*v1.ConfigMap [36mv=[0m2
[90m2026-09-18T15:13:08Z[0m [34mTRC[0m [1mgithub.com/kyverno/kyverno/cmd/internal/configmap.go:52[0m[36m >[0m done creating metrics-config-controller [36mlogger=[0msetup/metrics-config-controller [36mv=[0m2
[90m2026-09-18T15:13:08Z[0m [34mTRC[0m [1mgithub.com/kyverno/kyverno/cmd/internal/metrics.go:27[0m[36m >[0m setup metrics... [36mcollector=[0m [36mcreds=[0m [36mexemplarFilter=[0m [36mlogger=[0msetup/metrics [36motel=[0m [36mport=[0m0 [36mtlsSecretName=[0m [36mv=[0m2
[90m2026-09-18T15:13:08Z[0m [34mTRC[0m [1mgithub.com/kyverno/kyverno/cmd/internal/configmap.go:15[0m[36m >[0m create config-controller... [36mlogger=[0msetup/config-controller [36mv=[0m2
[90m2026-09-18T15:13:08Z[0m [34mTRC[0m [1mk8s.io/client-go@v0.36.3/tools/cache/reflector.go:507[0m[36m >[0m Caches populated [36mlogger=[0mklog [36mreflector=[0mk8s.io/client-go@v0.36.3/tools/cache/reflector.go:343 [36mtype=[0m*v1.ConfigMap [36mv=[0m2
[90m2026-09-18T15:13:08Z[0m [34mTRC[0m [1mgithub.com/kyverno/kyverno/pkg/config/config.go:433[0m[36m >[0m defaultRegistry configured [36mdefaultRegistry=[0mdocker.io [36mlogger=[0mconfig [36mname=[0mkyverno [36mnamespace=[0mkyverno [36mv=[0m2
[90m2026-09-18T15:13:08Z[0m [34mTRC[0m [1mgithub.com/kyverno/kyverno/pkg/config/config.go:449[0m[36m >[0m enableDefaultRegistryMutation configured [36menableDefaultRegistryMutation=[0mtrue [36mlogger=[0mconfig [36mname=[0mkyverno [36mnamespace=[0mkyverno [36mv=[0m2
[90m2026-09-18T15:13:08Z[0m [34mTRC[0m [1mgithub.com/kyverno/kyverno/pkg/config/config.go:458[0m[36m >[0m excludedGroups configured [36mexcludeGroups=[0m["system:nodes"] [36mincludeGroups=[0m[] [36mlogger=[0mconfig [36mname=[0mkyverno [36mnamespace=[0mkyverno [36mv=[0m2
[90m2026-09-18T15:13:08Z[0m [34mTRC[0m [1mgithub.com/kyverno/kyverno/pkg/config/config.go:463[0m[36m >[0m excludeUsernames not set [36mlogger=[0mconfig [36mname=[0mkyverno [36mnamespace=[0mkyverno [36mv=[0m2
[90m2026-09-18T15:13:08Z[0m [34mTRC[0m [1mgithub.com/kyverno/kyverno/pkg/config/config.go:471[0m[36m >[0m excludeRoles not set [36mlogger=[0mconfig [36mname=[0mkyverno [36mnamespace=[0mkyverno [36mv=[0m2
[90m2026-09-18T15:13:08Z[0m [34mTRC[0m [1mgithub.com/kyverno/kyverno/pkg/config/config.go:479[0m[36m >[0m excludeClusterRoles not set [36mlogger=[0mconfig [36mname=[0mkyverno [36mnamespace=[0mkyverno [36mv=[0m2
[90m2026-09-18T15:13:08Z[0m [34mTRC[0m [1mgithub.com/kyverno/kyverno/pkg/config/config.go:495[0m[36m >[0m generateSuccessEvents configured [36mgenerateSuccessEvents=[0mfalse [36mlogger=[0mconfig [36mname=[0mkyverno [36mnamespace=[0mkyverno [36mv=[0m2
[90m2026-09-18T15:13:08Z[0m [34mTRC[0m [1mgithub.com/kyverno/kyverno/pkg/config/config.go:501[0m[36m >[0m successEventActions not set [36mlogger=[0mconfig [36mname=[0mkyverno [36mnamespace=[0mkyverno [36mv=[0m2
[90m2026-09-18T15:13:08Z[0m [34mTRC[0m [1mgithub.com/kyverno/kyverno/pkg/config/config.go:525[0m[36m >[0m webhooks configured [36mlogger=[0mconfig [36mname=[0mkyverno [36mnamespace=[0mkyverno [36mv=[0m2 [36mwebhooks=[0m"{\"namespaceSelector\":{\"matchExpressions\":[{\"key\":\"kubernetes.io/metadata.name\",\"operator\":\"NotIn\",\"values\":[\"kube-system\"]},{\"key\":\"kubernetes.io/metadata.name\",\"operator\":\"NotIn\",\"values\":[\"kyverno\"]}],\"matchLabels\":null}}"
[90m2026-09-18T15:13:08Z[0m [34mTRC[0m [1mgithub.com/kyverno/kyverno/pkg/config/config.go:539[0m[36m >[0m webhookAnnotations configured [36mlogger=[0mconfig [36mname=[0mkyverno [36mnamespace=[0mkyverno [36mv=[0m2 [36mwebhookAnnotations=[0m"{\"admissions.enforcer/disabled\":\"true\"}"
[90m2026-09-18T15:13:08Z[0m [34mTRC[0m [1mgithub.com/kyverno/kyverno/pkg/config/config.go:545[0m[36m >[0m webhookLabels not set [36mlogger=[0mconfig [36mname=[0mkyverno [36mnamespace=[0mkyverno [36mv=[0m2
[90m2026-09-18T15:13:08Z[0m [34mTRC[0m [1mgithub.com/kyverno/kyverno/pkg/config/config.go:559[0m[36m >[0m matchConditions not set [36mlogger=[0mconfig [36mname=[0mkyverno [36mnamespace=[0mkyverno [36mv=[0m2
[90m2026-09-18T15:13:08Z[0m [34mTRC[0m [1mgithub.com/kyverno/kyverno/pkg/config/config.go:580[0m[36m >[0m enableDefaultRegistryMutation configured [36menableDefaultRegistryMutation=[0mtrue [36mlogger=[0mconfig [36mname=[0mkyverno [36mnamespace=[0mkyverno [36mv=[0m2
[90m2026-09-18T15:13:08Z[0m [34mTRC[0m [1mgithub.com/kyverno/kyverno/pkg/config/config.go:595[0m[36m >[0m maxContextSize not set, using default [36mdefault=[0m2097152 [36mlogger=[0mconfig [36mname=[0mkyverno [36mnamespace=[0mkyverno [36mv=[0m2
[90m2026-09-18T15:13:08Z[0m [34mTRC[0m [1mgithub.com/kyverno/kyverno/cmd/internal/configmap.go:31[0m[36m >[0m done creating config-controller [36mlogger=[0msetup/config-controller [36mv=[0m2
[90m2026-09-18T15:13:08Z[0m [34mTRC[0m [1mgithub.com/kyverno/kyverno/cmd/internal/client.go:60[0m[36m >[0m create kyverno client... [36mburst=[0m200 [36mkubeconfig=[0m [36mlogger=[0msetup/kyverno-client [36mqps=[0m100 [36mv=[0m2
[90m2026-09-18T15:13:08Z[0m [34mTRC[0m [1mgithub.com/kyverno/kyverno/cmd/internal/client.go:68[0m[36m >[0m create dynamic client... [36mburst=[0m200 [36mkubeconfig=[0m [36mlogger=[0msetup/dynamic-client [36mqps=[0m100 [36mv=[0m2
[90m2026-09-18T15:13:08Z[0m [34mTRC[0m [1mgithub.com/kyverno/kyverno/cmd/internal/client.go:84[0m[36m >[0m create apiserver client... [36mburst=[0m200 [36mkubeconfig=[0m [36mlogger=[0msetup/apiserver-client [36mqps=[0m100 [36mv=[0m2
[90m2026-09-18T15:13:08Z[0m [34mTRC[0m [1mgithub.com/kyverno/kyverno/cmd/internal/client.go:92[0m[36m >[0m create the kyverno dynamic client... [36mburst=[0m200 [36mkubeconfig=[0m [36mlogger=[0msetup/d-client [36mqps=[0m100 [36mv=[0m2
[90m2026-09-18T15:13:08Z[0m [32mINF[0m [1mk8s.io/client-go@v0.36.3/tools/leaderelection/leaderelection.go:258[0m[36m >[0m [1mAttempting to acquire leader lease...[0m [36mlock=[0mkyverno/kyvernopre [36mlogger=[0mklog [36mv=[0m0
[90m2026-09-18T15:13:08Z[0m [32mINF[0m [1mk8s.io/client-go@v0.36.3/tools/leaderelection/leaderelection.go:272[0m[36m >[0m [1mSuccessfully acquired lease[0m [36mlock=[0mkyverno/kyvernopre [36mlogger=[0mklog [36mv=[0m0
[90m2026-09-18T15:13:08Z[0m [34mTRC[0m [1mgithub.com/kyverno/kyverno/pkg/leaderelection/leaderelection.go:82[0m[36m >[0m started leading [36mid=[0mkyverno-admission-controller-85d7b5dd77-5wjr4 [36mlogger=[0mkyvernopre/LeaderElection [36mv=[0m2
[90m2026-09-18T15:13:08Z[0m [34mTRC[0m [1mgithub.com/kyverno/kyverno/cmd/kyverno-init/main.go:136[0m[36m >[0m Lease 'kyvernopre-lock' not found. Starting clean-up... [36mv=[0m2
Error from server (BadRequest): container "kyverno" in pod "kyverno-admission-controller-85d7b5dd77-5wjr4" is waiting to start: PodInitializing
