NAME: study-kubewarden
LAST DEPLOYED: Sat Sep 19 00:32:55 2026
NAMESPACE: kubewarden
STATUS: deployed
REVISION: 1
DESCRIPTION: Install complete
TEST SUITE: None
NOTES:
Kubewarden CRDs now available:
  clusteradmissionpolicies.policies.kubewarden.io
  admissionpolicies.policies.kubewarden.io
  clusteradmissionpolicygroups.policies.kubewarden.io
  admissionpolicygroups.policies.kubewarden.io
  policyservers.policies.kubewarden.io

OpenReport CRDs now available:
  reports.openreports.io
  clusterreports.openreports.io

You can now start defining admission policies by using the cluster-wide
`clusteradmissionpolicies.policies.kubewarden.io` or the namespaced
`admissionpolicies.policies.kubewarden.io` resources.

You now have a `PolicyServer` named `default` running in your cluster.
It is ready to run any `clusteradmissionpolicies.policies.kubewarden.io` or
`admissionpolicies.policies.kubewarden.io` resources.

For more information check out https://docs.kubewarden.io/quick-start.
Discover ready to use policies at https://artifacthub.io/packages/search?kind=13.

🚀 **Kubewarden is applying to become a CNCF incubation project!** 🚀

If you'd like to support us, we'd love to hear from you as one of our adopters.

Adopters can be public or private.

Learn how to add your organization as a Kubewarden adopter by checking out the
ADOPTERS.md file here:
https://github.com/kubewarden/community/blob/main/ADOPTERS.md
