2026-09-18T15:33:24.054171Z  INFO policy_server::policy_downloader: policies download download_dir="/tmp" policies_count=2 status="init"
2026-09-18T15:33:27.383705Z  INFO policy_server::policy_downloader: policy download name="kw.cap.study-conformance" path="/tmp/registry/ghcr.io/kubewarden/policies/cel-policy@sha256:4ca1c0aef61b900a5360fc1ae5da2a1d0a7a667d486d4d1ae09069dc4253308a" sha256sum="6acd1c7b062bd587fda3e55d377334c7c20911a5519a5b637bd46ebe9a1b7878" mutating=false
2026-09-18T15:33:29.318193Z  INFO policy_server: policy timeout protection is enabled execution_limit_seconds=2
2026-09-18T15:33:29.318661Z  INFO policy_server: CallbackHandler task status="init"
2026-09-18T15:33:36.442507Z  INFO request{method=POST uri=/validate/kw.cap.study-conformance?timeout=10s version=HTTP/1.1}: tower_http::trace::on_response: finished processing request latency=31 ms status=200
2026-09-18T15:33:36.743237Z  INFO request{method=POST uri=/validate/kw.cap.study-conformance?timeout=10s version=HTTP/1.1}: tower_http::trace::on_response: finished processing request latency=32 ms status=200
2026-09-18T15:33:38.245084Z  INFO request{method=POST uri=/validate/kw.cap.study-conformance?timeout=10s version=HTTP/1.1}: tower_http::trace::on_response: finished processing request latency=34 ms status=200
2026-09-18T15:33:38.555595Z  INFO request{method=POST uri=/validate/kw.cap.study-conformance?timeout=10s version=HTTP/1.1}: tower_http::trace::on_response: finished processing request latency=33 ms status=200
2026-09-18T15:33:39.978116Z  INFO request{method=POST uri=/validate/kw.cap.study-conformance?timeout=10s version=HTTP/1.1}: tower_http::trace::on_response: finished processing request latency=38 ms status=200
2026-09-18T15:33:42.574878Z  INFO request{method=POST uri=/validate/kw.cap.study-conformance?timeout=10s version=HTTP/1.1}: tower_http::trace::on_response: finished processing request latency=34 ms status=200
2026-09-18T15:33:42.968135Z  INFO request{method=POST uri=/validate/kw.cap.study-conformance?timeout=10s version=HTTP/1.1}: tower_http::trace::on_response: finished processing request latency=34 ms status=200
2026-09-18T15:33:44.735507Z  INFO request{method=POST uri=/validate/kw.cap.study-conformance?timeout=10s version=HTTP/1.1}: tower_http::trace::on_response: finished processing request latency=32 ms status=200
2026-09-18T15:33:46.147406Z  INFO request{method=POST uri=/validate/kw.cap.study-conformance?timeout=10s version=HTTP/1.1}: tower_http::trace::on_response: finished processing request latency=39 ms status=200
2026-09-18T15:33:46.523530Z  INFO request{method=POST uri=/validate/kw.cap.study-conformance?timeout=10s version=HTTP/1.1}: tower_http::trace::on_response: finished processing request latency=32 ms status=200
2026-09-18T15:33:47.928512Z  INFO request{method=POST uri=/validate/kw.cap.study-conformance?timeout=10s version=HTTP/1.1}: tower_http::trace::on_response: finished processing request latency=38 ms status=200
2026-09-18T15:33:48.296651Z  INFO request{method=POST uri=/validate/kw.cap.study-conformance?timeout=10s version=HTTP/1.1}: tower_http::trace::on_response: finished processing request latency=34 ms status=200
2026-09-18T15:33:48.611786Z  INFO request{method=POST uri=/validate/kw.cap.study-conformance?timeout=10s version=HTTP/1.1}: tower_http::trace::on_response: finished processing request latency=35 ms status=200
2026-09-18T15:33:50.025711Z  INFO request{method=POST uri=/validate/kw.cap.study-conformance?timeout=10s version=HTTP/1.1}: tower_http::trace::on_response: finished processing request latency=37 ms status=200
2026-09-18T15:33:52.499419Z  INFO request{method=POST uri=/validate/kw.cap.study-conformance?timeout=10s version=HTTP/1.1}: tower_http::trace::on_response: finished processing request latency=39 ms status=200
2026-09-18T15:33:54.122811Z  INFO request{method=POST uri=/validate/kw.cap.study-conformance?timeout=10s version=HTTP/1.1}: tower_http::trace::on_response: finished processing request latency=29 ms status=200
2026-09-18T15:33:54.443249Z  INFO request{method=POST uri=/validate/kw.cap.study-conformance?timeout=10s version=HTTP/1.1}: tower_http::trace::on_response: finished processing request latency=30 ms status=200
2026-09-18T15:33:54.768722Z  INFO request{method=POST uri=/validate/kw.cap.study-conformance?timeout=10s version=HTTP/1.1}: tower_http::trace::on_response: finished processing request latency=34 ms status=200
2026-09-18T15:33:56.408928Z  INFO request{method=POST uri=/validate/kw.cap.study-conformance?timeout=10s version=HTTP/1.1}: tower_http::trace::on_response: finished processing request latency=36 ms status=200
2026-09-18T15:33:57.901614Z  INFO request{method=POST uri=/validate/kw.cap.study-conformance?timeout=10s version=HTTP/1.1}: tower_http::trace::on_response: finished processing request latency=38 ms status=200
2026-09-18T15:33:58.339790Z  INFO request{method=POST uri=/validate/kw.cap.study-conformance?timeout=10s version=HTTP/1.1}: tower_http::trace::on_response: finished processing request latency=38 ms status=200
2026-09-18T15:33:59.768449Z  INFO request{method=POST uri=/validate/kw.cap.study-conformance?timeout=10s version=HTTP/1.1}: tower_http::trace::on_response: finished processing request latency=40 ms status=200
2026-09-18T15:34:02.480659Z  INFO request{method=POST uri=/validate/kw.cap.study-conformance?timeout=10s version=HTTP/1.1}: tower_http::trace::on_response: finished processing request latency=30 ms status=200
2026-09-18T15:34:02.809607Z  INFO request{method=POST uri=/validate/kw.cap.study-conformance?timeout=10s version=HTTP/1.1}: tower_http::trace::on_response: finished processing request latency=33 ms status=200
2026-09-18T15:34:04.223158Z  INFO request{method=POST uri=/validate/kw.cap.study-conformance?timeout=10s version=HTTP/1.1}: tower_http::trace::on_response: finished processing request latency=35 ms status=200
2026-09-18T15:34:04.526910Z  INFO request{method=POST uri=/validate/kw.cap.study-conformance?timeout=10s version=HTTP/1.1}: tower_http::trace::on_response: finished processing request latency=32 ms status=200
2026-09-18T15:34:05.977279Z  INFO request{method=POST uri=/validate/kw.cap.study-conformance?timeout=10s version=HTTP/1.1}: tower_http::trace::on_response: finished processing request latency=39 ms status=200
2026-09-18T15:34:06.403375Z  INFO request{method=POST uri=/validate/kw.cap.study-conformance?timeout=10s version=HTTP/1.1}: tower_http::trace::on_response: finished processing request latency=33 ms status=200
2026-09-18T15:34:08.196236Z  INFO request{method=POST uri=/validate/kw.cap.study-conformance?timeout=10s version=HTTP/1.1}: tower_http::trace::on_response: finished processing request latency=33 ms status=200
2026-09-18T15:34:08.503796Z  INFO request{method=POST uri=/validate/kw.cap.study-conformance?timeout=10s version=HTTP/1.1}: tower_http::trace::on_response: finished processing request latency=32 ms status=200
2026-09-18T15:34:09.915388Z  INFO request{method=POST uri=/validate/kw.cap.study-conformance?timeout=10s version=HTTP/1.1}: tower_http::trace::on_response: finished processing request latency=33 ms status=200
2026-09-18T15:34:10.228822Z  INFO request{method=POST uri=/validate/kw.cap.study-conformance?timeout=10s version=HTTP/1.1}: tower_http::trace::on_response: finished processing request latency=32 ms status=200
2026-09-18T15:34:11.924229Z  INFO request{method=POST uri=/validate/kw.cap.study-conformance?timeout=10s version=HTTP/1.1}: tower_http::trace::on_response: finished processing request latency=38 ms status=200
2026-09-18T15:34:13.864064Z  INFO request{method=POST uri=/validate/kw.cap.study-conformance?timeout=10s version=HTTP/1.1}: tower_http::trace::on_response: finished processing request latency=30 ms status=200
2026-09-18T15:34:14.207434Z  INFO request{method=POST uri=/validate/kw.cap.study-conformance?timeout=10s version=HTTP/1.1}: tower_http::trace::on_response: finished processing request latency=30 ms status=200
2026-09-18T15:34:14.534962Z  INFO request{method=POST uri=/validate/kw.cap.study-conformance?timeout=10s version=HTTP/1.1}: tower_http::trace::on_response: finished processing request latency=32 ms status=200
2026-09-18T15:34:15.931637Z  INFO request{method=POST uri=/validate/kw.cap.study-conformance?timeout=10s version=HTTP/1.1}: tower_http::trace::on_response: finished processing request latency=37 ms status=200
2026-09-18T15:34:18.688195Z  INFO request{method=POST uri=/validate/kw.cap.study-conformance?timeout=10s version=HTTP/1.1}: tower_http::trace::on_response: finished processing request latency=29 ms status=200
2026-09-18T15:34:19.052361Z  INFO request{method=POST uri=/validate/kw.cap.study-conformance?timeout=10s version=HTTP/1.1}: tower_http::trace::on_response: finished processing request latency=34 ms status=200
2026-09-18T15:34:20.555412Z  INFO request{method=POST uri=/validate/kw.cap.study-conformance?timeout=10s version=HTTP/1.1}: tower_http::trace::on_response: finished processing request latency=34 ms status=200
