{"level":"info","ts":1789744869.6000028,"logger":"setup","msg":"setting up manager","user agent":"gatekeeper/v3.23.1 (linux/amd64) 2d0b6ad97cf3a8b8436a00a1f4b07b3a56b92ca0/2026-08-27T21:26:44Z, opa/v1.17.1, frameworks/v0.0.0-20260616163050-e1eaa1bf6d62"}
{"level":"info","ts":1789744869.6023867,"logger":"setup","msg":"setting up cert rotation"}
{"level":"info","ts":1789744869.6025155,"logger":"setup","msg":"setting up TLS readiness probe"}
{"level":"info","ts":1789744869.6026738,"logger":"setup","msg":"starting manager"}
{"level":"info","ts":1789744869.6027482,"msg":"starting server","name":"health probe","addr":"[::]:9090"}
{"level":"info","ts":1789744869.6028848,"logger":"cert-rotation","msg":"starting cert rotator controller"}
{"level":"info","ts":1789744869.6244335,"logger":"readiness-tracker","msg":"ExpectationsDone","gvk":"mutations.gatekeeper.sh/v1, Kind=Assign","expectationCount":0}
{"level":"info","ts":1789744869.663548,"logger":"readiness-tracker","msg":"ExpectationsDone","gvk":"mutations.gatekeeper.sh/v1, Kind=ModifySet","expectationCount":0}
{"level":"info","ts":1789744869.6819544,"logger":"readiness-tracker","msg":"ExpectationsDone","gvk":"mutations.gatekeeper.sh/v1, Kind=AssignMetadata","expectationCount":0}
{"level":"info","ts":1789744869.6902778,"logger":"readiness-tracker","msg":"ExpectationsDone","gvk":"expansion.gatekeeper.sh/v1alpha1, Kind=ExpansionTemplate","expectationCount":0}
{"level":"info","ts":1789744869.7086904,"logger":"cert-rotation","msg":"refreshing CA and server certs"}
{"level":"info","ts":1789744869.7593546,"logger":"cert-rotation","msg":"server certs refreshed"}
{"level":"error","ts":1789744870.5438845,"logger":"webhook-tls-checker","msg":"error in loading certificate","error":"unable to load certificate from certDir /certs: open /certs/tls.crt: no such file or directory","stacktrace":"github.com/open-policy-agent/gatekeeper/v3/pkg/webhook.NewTLSChecker.func1\n\t/go/src/github.com/open-policy-agent/gatekeeper/pkg/webhook/health_check.go:49\nsigs.k8s.io/controller-runtime/pkg/healthz.(*Handler).serveAggregated\n\t/go/pkg/mod/sigs.k8s.io/controller-runtime@v0.24.1/pkg/healthz/healthz.go:59\nsigs.k8s.io/controller-runtime/pkg/healthz.(*Handler).ServeHTTP\n\t/go/pkg/mod/sigs.k8s.io/controller-runtime@v0.24.1/pkg/healthz/healthz.go:148\nsigs.k8s.io/controller-runtime/pkg/manager.(*controllerManager).addHealthProbeServer.StripPrefix.func2\n\t/usr/local/go/src/net/http/server.go:2346\nnet/http.HandlerFunc.ServeHTTP\n\t/usr/local/go/src/net/http/server.go:2284\nnet/http.(*ServeMux).ServeHTTP\n\t/usr/local/go/src/net/http/server.go:2826\nnet/http.serverHandler.ServeHTTP\n\t/usr/local/go/src/net/http/server.go:3309\nnet/http.(*conn).serve\n\t/usr/local/go/src/net/http/server.go:2067"}
{"level":"info","ts":1789744870.5439916,"logger":"controller-runtime.healthz","msg":"healthz check failed","statuses":[{},{}]}
{"level":"info","ts":1789744870.637626,"logger":"readiness-tracker","msg":"ExpectationsDone","gvk":"externaldata.gatekeeper.sh/v1beta1, Kind=Provider","expectationCount":0}
{"level":"info","ts":1789744870.6516392,"logger":"readiness-tracker","msg":"ExpectationsDone","gvk":"templates.gatekeeper.sh/v1beta1, Kind=ConstraintTemplate","expectationCount":0}
{"level":"info","ts":1789744870.669843,"logger":"readiness-tracker","msg":"config resource not found - skipping for readiness"}
{"level":"info","ts":1789744870.6975951,"logger":"readiness-tracker","msg":"ExpectationsDone","gvk":"mutations.gatekeeper.sh/v1alpha1, Kind=AssignImage","expectationCount":0}
{"level":"info","ts":1789744870.9819286,"logger":"cert-rotation","msg":"certs are ready in /certs"}
{"level":"info","ts":1789744870.9825017,"logger":"cert-rotation","msg":"no cert refresh needed"}
{"level":"info","ts":1789744870.9826727,"logger":"cert-rotation","msg":"Ensuring CA cert","name":"gatekeeper-validating-webhook-configuration","gvk":"admissionregistration.k8s.io/v1, Kind=ValidatingWebhookConfiguration","name":"gatekeeper-validating-webhook-configuration","gvk":"admissionregistration.k8s.io/v1, Kind=ValidatingWebhookConfiguration"}
{"level":"info","ts":1789744870.989924,"logger":"cert-rotation","msg":"Ensuring CA cert","name":"gatekeeper-mutating-webhook-configuration","gvk":"admissionregistration.k8s.io/v1, Kind=MutatingWebhookConfiguration","name":"gatekeeper-mutating-webhook-configuration","gvk":"admissionregistration.k8s.io/v1, Kind=MutatingWebhookConfiguration"}
{"level":"info","ts":1789744870.9954872,"logger":"cert-rotation","msg":"no cert refresh needed"}
{"level":"info","ts":1789744870.9956503,"logger":"cert-rotation","msg":"Ensuring CA cert","name":"gatekeeper-validating-webhook-configuration","gvk":"admissionregistration.k8s.io/v1, Kind=ValidatingWebhookConfiguration","name":"gatekeeper-validating-webhook-configuration","gvk":"admissionregistration.k8s.io/v1, Kind=ValidatingWebhookConfiguration"}
{"level":"info","ts":1789744870.998118,"logger":"cert-rotation","msg":"Ensuring CA cert","name":"gatekeeper-mutating-webhook-configuration","gvk":"admissionregistration.k8s.io/v1, Kind=MutatingWebhookConfiguration","name":"gatekeeper-mutating-webhook-configuration","gvk":"admissionregistration.k8s.io/v1, Kind=MutatingWebhookConfiguration"}
{"level":"info","ts":1789744871.0001216,"logger":"cert-rotation","msg":"no cert refresh needed"}
{"level":"info","ts":1789744871.0002599,"logger":"cert-rotation","msg":"Ensuring CA cert","name":"gatekeeper-validating-webhook-configuration","gvk":"admissionregistration.k8s.io/v1, Kind=ValidatingWebhookConfiguration","name":"gatekeeper-validating-webhook-configuration","gvk":"admissionregistration.k8s.io/v1, Kind=ValidatingWebhookConfiguration"}
{"level":"info","ts":1789744871.001997,"logger":"cert-rotation","msg":"Ensuring CA cert","name":"gatekeeper-mutating-webhook-configuration","gvk":"admissionregistration.k8s.io/v1, Kind=MutatingWebhookConfiguration","name":"gatekeeper-mutating-webhook-configuration","gvk":"admissionregistration.k8s.io/v1, Kind=MutatingWebhookConfiguration"}
{"level":"error","ts":1789744871.5479496,"logger":"webhook-tls-checker","msg":"error in checking webhook server with https","error":"unable to verify webhook TLS endpoint: https://127.0.0.1:8443: unable to connect to server: Get \"https://127.0.0.1:8443\": dial tcp 127.0.0.1:8443: connect: connection refused\nhttps://[::1]:8443: unable to connect to server: Get \"https://[::1]:8443\": dial tcp [::1]:8443: connect: connection refused","stacktrace":"github.com/open-policy-agent/gatekeeper/v3/pkg/webhook.NewTLSChecker.func1\n\t/go/src/github.com/open-policy-agent/gatekeeper/pkg/webhook/health_check.go:64\nsigs.k8s.io/controller-runtime/pkg/healthz.(*Handler).serveAggregated\n\t/go/pkg/mod/sigs.k8s.io/controller-runtime@v0.24.1/pkg/healthz/healthz.go:59\nsigs.k8s.io/controller-runtime/pkg/healthz.(*Handler).ServeHTTP\n\t/go/pkg/mod/sigs.k8s.io/controller-runtime@v0.24.1/pkg/healthz/healthz.go:148\nsigs.k8s.io/controller-runtime/pkg/manager.(*controllerManager).addHealthProbeServer.StripPrefix.func2\n\t/usr/local/go/src/net/http/server.go:2346\nnet/http.HandlerFunc.ServeHTTP\n\t/usr/local/go/src/net/http/server.go:2284\nnet/http.(*ServeMux).ServeHTTP\n\t/usr/local/go/src/net/http/server.go:2826\nnet/http.serverHandler.ServeHTTP\n\t/usr/local/go/src/net/http/server.go:3309\nnet/http.(*conn).serve\n\t/usr/local/go/src/net/http/server.go:2067"}
{"level":"info","ts":1789744871.5480187,"logger":"controller-runtime.healthz","msg":"healthz check failed","statuses":[{},{}]}
{"level":"info","ts":1789744871.677789,"logger":"readiness-tracker","msg":"ExpectationsDone","gvk":"config.gatekeeper.sh/v1alpha1, Kind=Config","expectationCount":0}
{"level":"info","ts":1789744871.6778445,"logger":"readiness-tracker","msg":"ExpectationsDone","gvk":"syncset.gatekeeper.sh/v1alpha1, Kind=SyncSet","expectationCount":0}
{"level":"info","ts":1789744872.1042848,"logger":"readiness-tracker","msg":"readiness satisfied, no further collection"}
{"level":"info","ts":1789744872.1984346,"logger":"cert-rotation","msg":"CA certs are injected to webhooks"}
{"level":"info","ts":1789744872.1988144,"logger":"controller-runtime.certwatcher","msg":"Updated current TLS certificate","cert":"/certs/tls.crt","key":"/certs/tls.key"}
{"level":"info","ts":1789744872.1988757,"logger":"setup","msg":"setting up client cert watcher"}
{"level":"info","ts":1789744872.1989586,"logger":"setup","msg":"setting up metrics"}
{"level":"info","ts":1789744872.1990392,"logger":"setup","msg":"setting up controllers"}
{"level":"info","ts":1789744872.199077,"logger":"metrics","msg":"Starting metrics runner"}
{"level":"info","ts":1789744872.199065,"logger":"controller-runtime.certwatcher","msg":"Starting certificate poll+watcher","cert":"/certs/tls.crt","key":"/certs/tls.key","interval":10}
{"level":"info","ts":1789744872.1992238,"msg":"Starting EventSource","controller":"sync-controller","source":"channel source: 0x138e3c864770"}
{"level":"info","ts":1789744872.1992555,"msg":"Starting Controller","controller":"sync-controller"}
{"level":"info","ts":1789744872.1992643,"msg":"Starting workers","controller":"sync-controller","worker count":1}
{"level":"info","ts":1789744872.1993408,"msg":"Starting Controller","controller":"constraint-controller"}
{"level":"info","ts":1789744872.199407,"msg":"Starting EventSource","controller":"config-controller","source":"kind source: *v1alpha1.Config"}
{"level":"info","ts":1789744872.1994078,"msg":"Starting workers","controller":"constraint-controller","worker count":1}
{"level":"info","ts":1789744872.1994438,"msg":"Starting EventSource","controller":"constraint-controller","source":"channel source: 0x138e3c85e540"}
{"level":"info","ts":1789744872.1995692,"msg":"Starting EventSource","controller":"constraint-controller","source":"kind source: *v1beta1.ConstraintPodStatus"}
{"level":"info","ts":1789744872.199397,"msg":"Starting EventSource","controller":"config-controller","source":"kind source: *v1beta1.ConfigPodStatus"}
{"level":"info","ts":1789744872.2010956,"msg":"Starting Controller","controller":"expansion-template-controller"}
{"level":"info","ts":1789744872.2011025,"msg":"Starting workers","controller":"expansion-template-controller","worker count":1}
{"level":"info","ts":1789744872.2012095,"msg":"Starting EventSource","controller":"constrainttemplate-controller","source":"kind source: *v1.CustomResourceDefinition"}
{"level":"info","ts":1789744872.2012327,"msg":"Starting EventSource","controller":"expansion-template-controller","source":"channel source: 0x138e3c43c930"}
{"level":"info","ts":1789744872.2012572,"msg":"Starting EventSource","controller":"constrainttemplate-controller","source":"kind source: *v1beta1.ConstraintTemplate"}
{"level":"info","ts":1789744872.201277,"msg":"Starting EventSource","controller":"constrainttemplate-controller","source":"kind source: *v1beta1.ConstraintTemplatePodStatus"}
{"level":"info","ts":1789744872.2012827,"msg":"Starting EventSource","controller":"expansion-template-controller","source":"kind source: *v1beta1.ExpansionTemplate"}
{"level":"info","ts":1789744872.2013066,"msg":"Starting EventSource","controller":"expansion-template-controller","source":"kind source: *v1beta1.ExpansionTemplatePodStatus"}
{"level":"info","ts":1789744872.2013373,"logger":"controller","msg":"Export is disabled via flag","process":"export_controller"}
{"level":"info","ts":1789744872.2013414,"logger":"controller","msg":"Export functionality is disabled, skipping export connection controller setup","process":"export_controller"}
{"level":"info","ts":1789744872.2016735,"msg":"Starting EventSource","controller":"externaldata-controller","source":"kind source: *v1beta1.Provider"}
{"level":"info","ts":1789744872.201737,"msg":"Starting EventSource","controller":"externaldata-controller","source":"kind source: *v1beta1.ProviderPodStatus"}
{"level":"info","ts":1789744872.2017696,"msg":"Starting Controller","controller":"assignimage-controller"}
{"level":"info","ts":1789744872.2017734,"msg":"Starting workers","controller":"assignimage-controller","worker count":1}
{"level":"info","ts":1789744872.2017803,"msg":"Starting EventSource","controller":"assignimage-controller","source":"kind source: *v1alpha1.AssignImage"}
{"level":"info","ts":1789744872.2017968,"msg":"Starting EventSource","controller":"assignimage-controller","source":"kind source: *v1beta1.MutatorPodStatus"}
{"level":"info","ts":1789744872.2018003,"msg":"Starting EventSource","controller":"assignimage-controller","source":"channel source: 0x138e3c43f3b0"}
{"level":"info","ts":1789744872.2019143,"msg":"Starting EventSource","controller":"assign-controller","source":"channel source: 0x138e3c6bd570"}
{"level":"info","ts":1789744872.201984,"msg":"Starting EventSource","controller":"modifyset-controller","source":"channel source: 0x138e3c6bd5e0"}
{"level":"info","ts":1789744872.2020078,"msg":"Starting EventSource","controller":"modifyset-controller","source":"kind source: *v1.ModifySet"}
{"level":"info","ts":1789744872.202033,"msg":"Starting EventSource","controller":"assign-controller","source":"kind source: *v1.Assign"}
{"level":"info","ts":1789744872.202094,"msg":"Starting EventSource","controller":"modifyset-controller","source":"kind source: *v1beta1.MutatorPodStatus"}
{"level":"info","ts":1789744872.202103,"msg":"Starting EventSource","controller":"assign-controller","source":"kind source: *v1beta1.MutatorPodStatus"}
{"level":"info","ts":1789744872.2020998,"msg":"Starting EventSource","controller":"syncset-controller","source":"kind source: *v1alpha1.SyncSet"}
{"level":"info","ts":1789744872.2019255,"logger":"setup","msg":"setting up webhooks"}
{"level":"info","ts":1789744872.2027764,"msg":"Starting EventSource","controller":"assignmetadata-controller","source":"kind source: *v1beta1.MutatorPodStatus"}
{"level":"info","ts":1789744872.203209,"msg":"Starting EventSource","controller":"assignmetadata-controller","source":"kind source: *v1.AssignMetadata"}
{"level":"info","ts":1789744872.2036903,"logger":"controller-runtime.webhook","msg":"Starting webhook server"}
{"level":"info","ts":1789744872.2037537,"logger":"controller-runtime.webhook","msg":"Registering webhook","path":"/v1/mutate"}
{"level":"info","ts":1789744872.2039952,"logger":"controller-runtime.webhook","msg":"Registering webhook","path":"/v1/admitlabel"}
{"level":"info","ts":1789744872.205638,"logger":"controller-runtime.webhook","msg":"Registering webhook","path":"/v1/admit"}
{"level":"info","ts":1789744872.2056813,"logger":"setup","msg":"setting up upgrade"}
{"level":"info","ts":1789744872.2057076,"logger":"controller","msg":"Starting Upgrade Manager","metaKind":"upgrade"}
{"level":"info","ts":1789744872.2061477,"logger":"controller-runtime.certwatcher","msg":"Updated current TLS certificate","cert":"/certs/tls.crt","key":"/certs/tls.key"}
{"level":"info","ts":1789744872.2062433,"logger":"controller-runtime.webhook","msg":"Serving webhook server","host":"","port":8443}
{"level":"info","ts":1789744872.206306,"logger":"controller-runtime.certwatcher","msg":"Starting certificate poll+watcher","cert":"/certs/tls.crt","key":"/certs/tls.key","interval":10}
{"level":"info","ts":1789744872.2184217,"logger":"controller","msg":"resource","metaKind":"upgrade","kind":"ConstraintTemplate","group":"templates.gatekeeper.sh","version":"v1alpha1"}
{"level":"info","ts":1789744872.2208116,"logger":"controller","msg":"resource count","metaKind":"upgrade","count":0}
{"level":"info","ts":1789744872.2329879,"logger":"controller","msg":"resource","metaKind":"upgrade","kind":"AssignImage","group":"mutations.gatekeeper.sh","version":"v1alpha1"}
{"level":"info","ts":1789744872.2344677,"logger":"controller","msg":"resource count","metaKind":"upgrade","count":0}
{"level":"info","ts":1789744872.2344837,"logger":"controller","msg":"resource","metaKind":"upgrade","kind":"ModifySet","group":"mutations.gatekeeper.sh","version":"v1alpha1"}
{"level":"info","ts":1789744872.2355666,"logger":"controller","msg":"resource count","metaKind":"upgrade","count":0}
{"level":"info","ts":1789744872.235576,"logger":"controller","msg":"resource","metaKind":"upgrade","kind":"AssignMetadata","group":"mutations.gatekeeper.sh","version":"v1alpha1"}
{"level":"info","ts":1789744872.236597,"logger":"controller","msg":"resource count","metaKind":"upgrade","count":0}
{"level":"info","ts":1789744872.236607,"logger":"controller","msg":"resource","metaKind":"upgrade","kind":"Assign","group":"mutations.gatekeeper.sh","version":"v1alpha1"}
{"level":"info","ts":1789744872.2377613,"logger":"controller","msg":"resource count","metaKind":"upgrade","count":0}
{"level":"info","ts":1789744872.243448,"logger":"controller","msg":"resource","metaKind":"upgrade","kind":"Provider","group":"externaldata.gatekeeper.sh","version":"v1alpha1"}
{"level":"info","ts":1789744872.2452905,"msg":"externaldata.gatekeeper.sh/v1alpha1 is deprecated. Use externaldata.gatekeeper.sh/v1beta1 instead."}
{"level":"info","ts":1789744872.245335,"logger":"controller","msg":"resource count","metaKind":"upgrade","count":0}
{"level":"info","ts":1789744873.3047566,"msg":"Starting Controller","controller":"syncset-controller"}
{"level":"info","ts":1789744873.3047824,"msg":"Starting workers","controller":"syncset-controller","worker count":1}
{"level":"info","ts":1789744873.4000905,"msg":"Starting Controller","controller":"config-controller"}
{"level":"info","ts":1789744873.4001272,"msg":"Starting workers","controller":"config-controller","worker count":1}
{"level":"info","ts":1789744873.4023166,"msg":"Starting Controller","controller":"constrainttemplate-controller"}
{"level":"info","ts":1789744873.4023356,"msg":"Starting workers","controller":"constrainttemplate-controller","worker count":1}
{"level":"info","ts":1789744873.4056633,"msg":"Starting Controller","controller":"assign-controller"}
{"level":"info","ts":1789744873.4057002,"msg":"Starting workers","controller":"assign-controller","worker count":1}
{"level":"info","ts":1789744873.4056997,"msg":"Starting Controller","controller":"modifyset-controller"}
{"level":"info","ts":1789744873.4057074,"msg":"Starting workers","controller":"modifyset-controller","worker count":1}
{"level":"info","ts":1789744873.4056816,"msg":"Starting Controller","controller":"assignmetadata-controller"}
{"level":"info","ts":1789744873.405713,"msg":"Starting workers","controller":"assignmetadata-controller","worker count":1}
{"level":"info","ts":1789744873.4069064,"msg":"Starting Controller","controller":"externaldata-controller"}
{"level":"info","ts":1789744873.4069202,"msg":"Starting workers","controller":"externaldata-controller","worker count":1}
{"level":"error","ts":1789744884.9035919,"logger":"controller","msg":"error adding template to watch registry","kind":"ConstraintTemplate","process":"constraint_template_controller","name":"studyconformance","crdName":"studyconformance.constraints.gatekeeper.sh","error":"getting informer for kind: constraints.gatekeeper.sh/v1beta1, Kind=StudyConformance no matches for kind \"StudyConformance\" in version \"constraints.gatekeeper.sh/v1beta1\"","stacktrace":"github.com/open-policy-agent/gatekeeper/v3/pkg/controller/constrainttemplate.(*ReconcileConstraintTemplate).handleUpdate\n\t/go/src/github.com/open-policy-agent/gatekeeper/pkg/controller/constrainttemplate/constrainttemplate_controller.go:564\ngithub.com/open-policy-agent/gatekeeper/v3/pkg/controller/constrainttemplate.(*ReconcileConstraintTemplate).Reconcile\n\t/go/src/github.com/open-policy-agent/gatekeeper/pkg/controller/constrainttemplate/constrainttemplate_controller.go:477\nsigs.k8s.io/controller-runtime/pkg/internal/controller.(*Controller[...]).Reconcile\n\t/go/pkg/mod/sigs.k8s.io/controller-runtime@v0.24.1/pkg/internal/controller/controller.go:221\nsigs.k8s.io/controller-runtime/pkg/internal/controller.(*Controller[...]).reconcileHandler\n\t/go/pkg/mod/sigs.k8s.io/controller-runtime@v0.24.1/pkg/internal/controller/controller.go:478\nsigs.k8s.io/controller-runtime/pkg/internal/controller.(*Controller[...]).processNextWorkItem\n\t/go/pkg/mod/sigs.k8s.io/controller-runtime@v0.24.1/pkg/internal/controller/controller.go:437\nsigs.k8s.io/controller-runtime/pkg/internal/controller.(*Controller[...]).Start.func1.1\n\t/go/pkg/mod/sigs.k8s.io/controller-runtime@v0.24.1/pkg/internal/controller/controller.go:312"}
{"level":"error","ts":1789744884.9036477,"logger":"controller","msg":"handle update error","kind":"ConstraintTemplate","process":"constraint_template_controller","template_name":"studyconformance","error":"getting informer for kind: constraints.gatekeeper.sh/v1beta1, Kind=StudyConformance no matches for kind \"StudyConformance\" in version \"constraints.gatekeeper.sh/v1beta1\"","stacktrace":"github.com/open-policy-agent/gatekeeper/v3/pkg/controller/constrainttemplate.(*ReconcileConstraintTemplate).Reconcile\n\t/go/src/github.com/open-policy-agent/gatekeeper/pkg/controller/constrainttemplate/constrainttemplate_controller.go:479\nsigs.k8s.io/controller-runtime/pkg/internal/controller.(*Controller[...]).Reconcile\n\t/go/pkg/mod/sigs.k8s.io/controller-runtime@v0.24.1/pkg/internal/controller/controller.go:221\nsigs.k8s.io/controller-runtime/pkg/internal/controller.(*Controller[...]).reconcileHandler\n\t/go/pkg/mod/sigs.k8s.io/controller-runtime@v0.24.1/pkg/internal/controller/controller.go:478\nsigs.k8s.io/controller-runtime/pkg/internal/controller.(*Controller[...]).processNextWorkItem\n\t/go/pkg/mod/sigs.k8s.io/controller-runtime@v0.24.1/pkg/internal/controller/controller.go:437\nsigs.k8s.io/controller-runtime/pkg/internal/controller.(*Controller[...]).Start.func1.1\n\t/go/pkg/mod/sigs.k8s.io/controller-runtime@v0.24.1/pkg/internal/controller/controller.go:312"}
{"level":"error","ts":1789744884.9036758,"msg":"Reconciler error","controller":"constrainttemplate-controller","object":{"name":"studyconformance"},"namespace":"","name":"studyconformance","reconcileID":"89772e46-f3c9-4453-8c8b-bcaf3d216650","error":"getting informer for kind: constraints.gatekeeper.sh/v1beta1, Kind=StudyConformance no matches for kind \"StudyConformance\" in version \"constraints.gatekeeper.sh/v1beta1\"","stacktrace":"sigs.k8s.io/controller-runtime/pkg/internal/controller.(*Controller[...]).reconcileHandler\n\t/go/pkg/mod/sigs.k8s.io/controller-runtime@v0.24.1/pkg/internal/controller/controller.go:494\nsigs.k8s.io/controller-runtime/pkg/internal/controller.(*Controller[...]).processNextWorkItem\n\t/go/pkg/mod/sigs.k8s.io/controller-runtime@v0.24.1/pkg/internal/controller/controller.go:437\nsigs.k8s.io/controller-runtime/pkg/internal/controller.(*Controller[...]).Start.func1.1\n\t/go/pkg/mod/sigs.k8s.io/controller-runtime@v0.24.1/pkg/internal/controller/controller.go:312"}
{"level":"error","ts":1789744884.9047334,"logger":"controller","msg":"error adding template to watch registry","kind":"ConstraintTemplate","process":"constraint_template_controller","name":"studyconformance","crdName":"studyconformance.constraints.gatekeeper.sh","error":"getting informer for kind: constraints.gatekeeper.sh/v1beta1, Kind=StudyConformance no matches for kind \"StudyConformance\" in version \"constraints.gatekeeper.sh/v1beta1\"","stacktrace":"github.com/open-policy-agent/gatekeeper/v3/pkg/controller/constrainttemplate.(*ReconcileConstraintTemplate).handleUpdate\n\t/go/src/github.com/open-policy-agent/gatekeeper/pkg/controller/constrainttemplate/constrainttemplate_controller.go:564\ngithub.com/open-policy-agent/gatekeeper/v3/pkg/controller/constrainttemplate.(*ReconcileConstraintTemplate).Reconcile\n\t/go/src/github.com/open-policy-agent/gatekeeper/pkg/controller/constrainttemplate/constrainttemplate_controller.go:477\nsigs.k8s.io/controller-runtime/pkg/internal/controller.(*Controller[...]).Reconcile\n\t/go/pkg/mod/sigs.k8s.io/controller-runtime@v0.24.1/pkg/internal/controller/controller.go:221\nsigs.k8s.io/controller-runtime/pkg/internal/controller.(*Controller[...]).reconcileHandler\n\t/go/pkg/mod/sigs.k8s.io/controller-runtime@v0.24.1/pkg/internal/controller/controller.go:478\nsigs.k8s.io/controller-runtime/pkg/internal/controller.(*Controller[...]).processNextWorkItem\n\t/go/pkg/mod/sigs.k8s.io/controller-runtime@v0.24.1/pkg/internal/controller/controller.go:437\nsigs.k8s.io/controller-runtime/pkg/internal/controller.(*Controller[...]).Start.func1.1\n\t/go/pkg/mod/sigs.k8s.io/controller-runtime@v0.24.1/pkg/internal/controller/controller.go:312"}
{"level":"error","ts":1789744884.9047563,"logger":"controller","msg":"handle update error","kind":"ConstraintTemplate","process":"constraint_template_controller","template_name":"studyconformance","error":"getting informer for kind: constraints.gatekeeper.sh/v1beta1, Kind=StudyConformance no matches for kind \"StudyConformance\" in version \"constraints.gatekeeper.sh/v1beta1\"","stacktrace":"github.com/open-policy-agent/gatekeeper/v3/pkg/controller/constrainttemplate.(*ReconcileConstraintTemplate).Reconcile\n\t/go/src/github.com/open-policy-agent/gatekeeper/pkg/controller/constrainttemplate/constrainttemplate_controller.go:479\nsigs.k8s.io/controller-runtime/pkg/internal/controller.(*Controller[...]).Reconcile\n\t/go/pkg/mod/sigs.k8s.io/controller-runtime@v0.24.1/pkg/internal/controller/controller.go:221\nsigs.k8s.io/controller-runtime/pkg/internal/controller.(*Controller[...]).reconcileHandler\n\t/go/pkg/mod/sigs.k8s.io/controller-runtime@v0.24.1/pkg/internal/controller/controller.go:478\nsigs.k8s.io/controller-runtime/pkg/internal/controller.(*Controller[...]).processNextWorkItem\n\t/go/pkg/mod/sigs.k8s.io/controller-runtime@v0.24.1/pkg/internal/controller/controller.go:437\nsigs.k8s.io/controller-runtime/pkg/internal/controller.(*Controller[...]).Start.func1.1\n\t/go/pkg/mod/sigs.k8s.io/controller-runtime@v0.24.1/pkg/internal/controller/controller.go:312"}
{"level":"error","ts":1789744884.9047718,"msg":"Reconciler error","controller":"constrainttemplate-controller","object":{"name":"studyconformance"},"namespace":"","name":"studyconformance","reconcileID":"4d3a5391-dab1-470c-8f06-34c843012309","error":"getting informer for kind: constraints.gatekeeper.sh/v1beta1, Kind=StudyConformance no matches for kind \"StudyConformance\" in version \"constraints.gatekeeper.sh/v1beta1\"","stacktrace":"sigs.k8s.io/controller-runtime/pkg/internal/controller.(*Controller[...]).reconcileHandler\n\t/go/pkg/mod/sigs.k8s.io/controller-runtime@v0.24.1/pkg/internal/controller/controller.go:494\nsigs.k8s.io/controller-runtime/pkg/internal/controller.(*Controller[...]).processNextWorkItem\n\t/go/pkg/mod/sigs.k8s.io/controller-runtime@v0.24.1/pkg/internal/controller/controller.go:437\nsigs.k8s.io/controller-runtime/pkg/internal/controller.(*Controller[...]).Start.func1.1\n\t/go/pkg/mod/sigs.k8s.io/controller-runtime@v0.24.1/pkg/internal/controller/controller.go:312"}
{"level":"error","ts":1789744884.9145875,"logger":"controller","msg":"error adding template to watch registry","kind":"ConstraintTemplate","process":"constraint_template_controller","name":"studyconformance","crdName":"studyconformance.constraints.gatekeeper.sh","error":"getting informer for kind: constraints.gatekeeper.sh/v1beta1, Kind=StudyConformance no matches for kind \"StudyConformance\" in version \"constraints.gatekeeper.sh/v1beta1\"","stacktrace":"github.com/open-policy-agent/gatekeeper/v3/pkg/controller/constrainttemplate.(*ReconcileConstraintTemplate).handleUpdate\n\t/go/src/github.com/open-policy-agent/gatekeeper/pkg/controller/constrainttemplate/constrainttemplate_controller.go:564\ngithub.com/open-policy-agent/gatekeeper/v3/pkg/controller/constrainttemplate.(*ReconcileConstraintTemplate).Reconcile\n\t/go/src/github.com/open-policy-agent/gatekeeper/pkg/controller/constrainttemplate/constrainttemplate_controller.go:477\nsigs.k8s.io/controller-runtime/pkg/internal/controller.(*Controller[...]).Reconcile\n\t/go/pkg/mod/sigs.k8s.io/controller-runtime@v0.24.1/pkg/internal/controller/controller.go:221\nsigs.k8s.io/controller-runtime/pkg/internal/controller.(*Controller[...]).reconcileHandler\n\t/go/pkg/mod/sigs.k8s.io/controller-runtime@v0.24.1/pkg/internal/controller/controller.go:478\nsigs.k8s.io/controller-runtime/pkg/internal/controller.(*Controller[...]).processNextWorkItem\n\t/go/pkg/mod/sigs.k8s.io/controller-runtime@v0.24.1/pkg/internal/controller/controller.go:437\nsigs.k8s.io/controller-runtime/pkg/internal/controller.(*Controller[...]).Start.func1.1\n\t/go/pkg/mod/sigs.k8s.io/controller-runtime@v0.24.1/pkg/internal/controller/controller.go:312"}
{"level":"error","ts":1789744884.9146373,"logger":"controller","msg":"handle update error","kind":"ConstraintTemplate","process":"constraint_template_controller","template_name":"studyconformance","error":"getting informer for kind: constraints.gatekeeper.sh/v1beta1, Kind=StudyConformance no matches for kind \"StudyConformance\" in version \"constraints.gatekeeper.sh/v1beta1\"","stacktrace":"github.com/open-policy-agent/gatekeeper/v3/pkg/controller/constrainttemplate.(*ReconcileConstraintTemplate).Reconcile\n\t/go/src/github.com/open-policy-agent/gatekeeper/pkg/controller/constrainttemplate/constrainttemplate_controller.go:479\nsigs.k8s.io/controller-runtime/pkg/internal/controller.(*Controller[...]).Reconcile\n\t/go/pkg/mod/sigs.k8s.io/controller-runtime@v0.24.1/pkg/internal/controller/controller.go:221\nsigs.k8s.io/controller-runtime/pkg/internal/controller.(*Controller[...]).reconcileHandler\n\t/go/pkg/mod/sigs.k8s.io/controller-runtime@v0.24.1/pkg/internal/controller/controller.go:478\nsigs.k8s.io/controller-runtime/pkg/internal/controller.(*Controller[...]).processNextWorkItem\n\t/go/pkg/mod/sigs.k8s.io/controller-runtime@v0.24.1/pkg/internal/controller/controller.go:437\nsigs.k8s.io/controller-runtime/pkg/internal/controller.(*Controller[...]).Start.func1.1\n\t/go/pkg/mod/sigs.k8s.io/controller-runtime@v0.24.1/pkg/internal/controller/controller.go:312"}
{"level":"error","ts":1789744884.9146688,"msg":"Reconciler error","controller":"constrainttemplate-controller","object":{"name":"studyconformance"},"namespace":"","name":"studyconformance","reconcileID":"8e371089-64ba-48d1-9793-7c558a3f240f","error":"getting informer for kind: constraints.gatekeeper.sh/v1beta1, Kind=StudyConformance no matches for kind \"StudyConformance\" in version \"constraints.gatekeeper.sh/v1beta1\"","stacktrace":"sigs.k8s.io/controller-runtime/pkg/internal/controller.(*Controller[...]).reconcileHandler\n\t/go/pkg/mod/sigs.k8s.io/controller-runtime@v0.24.1/pkg/internal/controller/controller.go:494\nsigs.k8s.io/controller-runtime/pkg/internal/controller.(*Controller[...]).processNextWorkItem\n\t/go/pkg/mod/sigs.k8s.io/controller-runtime@v0.24.1/pkg/internal/controller/controller.go:437\nsigs.k8s.io/controller-runtime/pkg/internal/controller.(*Controller[...]).Start.func1.1\n\t/go/pkg/mod/sigs.k8s.io/controller-runtime@v0.24.1/pkg/internal/controller/controller.go:312"}
{"level":"error","ts":1789744884.9224534,"logger":"controller","msg":"error adding template to watch registry","kind":"ConstraintTemplate","process":"constraint_template_controller","name":"studyconformance","crdName":"studyconformance.constraints.gatekeeper.sh","error":"getting informer for kind: constraints.gatekeeper.sh/v1beta1, Kind=StudyConformance no matches for kind \"StudyConformance\" in version \"constraints.gatekeeper.sh/v1beta1\"","stacktrace":"github.com/open-policy-agent/gatekeeper/v3/pkg/controller/constrainttemplate.(*ReconcileConstraintTemplate).handleUpdate\n\t/go/src/github.com/open-policy-agent/gatekeeper/pkg/controller/constrainttemplate/constrainttemplate_controller.go:564\ngithub.com/open-policy-agent/gatekeeper/v3/pkg/controller/constrainttemplate.(*ReconcileConstraintTemplate).Reconcile\n\t/go/src/github.com/open-policy-agent/gatekeeper/pkg/controller/constrainttemplate/constrainttemplate_controller.go:477\nsigs.k8s.io/controller-runtime/pkg/internal/controller.(*Controller[...]).Reconcile\n\t/go/pkg/mod/sigs.k8s.io/controller-runtime@v0.24.1/pkg/internal/controller/controller.go:221\nsigs.k8s.io/controller-runtime/pkg/internal/controller.(*Controller[...]).reconcileHandler\n\t/go/pkg/mod/sigs.k8s.io/controller-runtime@v0.24.1/pkg/internal/controller/controller.go:478\nsigs.k8s.io/controller-runtime/pkg/internal/controller.(*Controller[...]).processNextWorkItem\n\t/go/pkg/mod/sigs.k8s.io/controller-runtime@v0.24.1/pkg/internal/controller/controller.go:437\nsigs.k8s.io/controller-runtime/pkg/internal/controller.(*Controller[...]).Start.func1.1\n\t/go/pkg/mod/sigs.k8s.io/controller-runtime@v0.24.1/pkg/internal/controller/controller.go:312"}
{"level":"error","ts":1789744884.9224894,"logger":"controller","msg":"handle update error","kind":"ConstraintTemplate","process":"constraint_template_controller","template_name":"studyconformance","error":"getting informer for kind: constraints.gatekeeper.sh/v1beta1, Kind=StudyConformance no matches for kind \"StudyConformance\" in version \"constraints.gatekeeper.sh/v1beta1\"","stacktrace":"github.com/open-policy-agent/gatekeeper/v3/pkg/controller/constrainttemplate.(*ReconcileConstraintTemplate).Reconcile\n\t/go/src/github.com/open-policy-agent/gatekeeper/pkg/controller/constrainttemplate/constrainttemplate_controller.go:479\nsigs.k8s.io/controller-runtime/pkg/internal/controller.(*Controller[...]).Reconcile\n\t/go/pkg/mod/sigs.k8s.io/controller-runtime@v0.24.1/pkg/internal/controller/controller.go:221\nsigs.k8s.io/controller-runtime/pkg/internal/controller.(*Controller[...]).reconcileHandler\n\t/go/pkg/mod/sigs.k8s.io/controller-runtime@v0.24.1/pkg/internal/controller/controller.go:478\nsigs.k8s.io/controller-runtime/pkg/internal/controller.(*Controller[...]).processNextWorkItem\n\t/go/pkg/mod/sigs.k8s.io/controller-runtime@v0.24.1/pkg/internal/controller/controller.go:437\nsigs.k8s.io/controller-runtime/pkg/internal/controller.(*Controller[...]).Start.func1.1\n\t/go/pkg/mod/sigs.k8s.io/controller-runtime@v0.24.1/pkg/internal/controller/controller.go:312"}
{"level":"error","ts":1789744884.9225295,"msg":"Reconciler error","controller":"constrainttemplate-controller","object":{"name":"studyconformance"},"namespace":"","name":"studyconformance","reconcileID":"f7159d0c-4c02-4be2-ab78-7233a84f0e06","error":"getting informer for kind: constraints.gatekeeper.sh/v1beta1, Kind=StudyConformance no matches for kind \"StudyConformance\" in version \"constraints.gatekeeper.sh/v1beta1\"","stacktrace":"sigs.k8s.io/controller-runtime/pkg/internal/controller.(*Controller[...]).reconcileHandler\n\t/go/pkg/mod/sigs.k8s.io/controller-runtime@v0.24.1/pkg/internal/controller/controller.go:494\nsigs.k8s.io/controller-runtime/pkg/internal/controller.(*Controller[...]).processNextWorkItem\n\t/go/pkg/mod/sigs.k8s.io/controller-runtime@v0.24.1/pkg/internal/controller/controller.go:437\nsigs.k8s.io/controller-runtime/pkg/internal/controller.(*Controller[...]).Start.func1.1\n\t/go/pkg/mod/sigs.k8s.io/controller-runtime@v0.24.1/pkg/internal/controller/controller.go:312"}
{"level":"info","ts":1789744884.9407203,"logger":"watch-manager","msg":"replaying events","registrar":"constrainttemplate-controller-status","gvk":"constraints.gatekeeper.sh/v1beta1, Kind=StudyConformance"}
Found 3 pods, using pod/gatekeeper-controller-manager-b4b98898b-2w2cp
