{"level":"info","ts":1789745935.807431,"logger":"setup","msg":"setting up manager","user agent":"gatekeeper/v3.23.1 (linux/amd64) 2d0b6ad97cf3a8b8436a00a1f4b07b3a56b92ca0/2026-08-27T21:26:44Z, opa/v1.17.1, frameworks/v0.0.0-20260616163050-e1eaa1bf6d62"}
{"level":"info","ts":1789745935.8100753,"logger":"setup","msg":"starting manager"}
{"level":"info","ts":1789745935.8101807,"msg":"starting server","name":"health probe","addr":"[::]:9090"}
{"level":"info","ts":1789745935.8104641,"logger":"controller-runtime.certwatcher","msg":"Updated current TLS certificate","cert":"/certs/tls.crt","key":"/certs/tls.key"}
{"level":"info","ts":1789745935.8105102,"logger":"setup","msg":"setting up client cert watcher"}
{"level":"info","ts":1789745935.8105624,"logger":"setup","msg":"setting up metrics"}
{"level":"info","ts":1789745935.8106282,"logger":"metrics","msg":"Starting metrics runner"}
{"level":"info","ts":1789745935.8106213,"logger":"controller-runtime.certwatcher","msg":"Starting certificate poll+watcher","cert":"/certs/tls.crt","key":"/certs/tls.key","interval":10}
{"level":"info","ts":1789745935.8106372,"logger":"setup","msg":"setting up controllers"}
{"level":"info","ts":1789745935.810792,"msg":"Starting Controller","controller":"config-controller"}
{"level":"info","ts":1789745935.8108187,"msg":"Starting workers","controller":"config-controller","worker count":1}
{"level":"info","ts":1789745935.810885,"msg":"Starting EventSource","controller":"config-controller","source":"kind source: *v1alpha1.Config"}
{"level":"info","ts":1789745935.8109016,"msg":"Starting EventSource","controller":"sync-controller","source":"channel source: 0x1b23acb64b60"}
{"level":"info","ts":1789745935.8109577,"msg":"Starting EventSource","controller":"config-controller","source":"kind source: *v1beta1.ConfigPodStatus"}
{"level":"info","ts":1789745935.810997,"msg":"Starting Controller","controller":"sync-controller"}
{"level":"info","ts":1789745935.8110104,"msg":"Starting workers","controller":"sync-controller","worker count":1}
{"level":"info","ts":1789745935.8110523,"msg":"Starting EventSource","controller":"config-status-controller","source":"kind source: *v1alpha1.Config"}
{"level":"info","ts":1789745935.8110883,"msg":"Starting EventSource","controller":"config-status-controller","source":"kind source: *v1beta1.ConfigPodStatus"}
{"level":"info","ts":1789745935.8111372,"msg":"Starting Controller","controller":"constraint-controller"}
{"level":"info","ts":1789745935.8111444,"msg":"Starting workers","controller":"constraint-controller","worker count":1}
{"level":"info","ts":1789745935.811156,"msg":"Starting EventSource","controller":"constraint-controller","source":"channel source: 0x1b23ac7a0a80"}
{"level":"info","ts":1789745935.8111646,"msg":"Starting EventSource","controller":"constraint-controller","source":"kind source: *v1beta1.ConstraintPodStatus"}
{"level":"info","ts":1789745935.8112345,"msg":"Starting EventSource","controller":"connection-status-controller","source":"kind source: *v1alpha1.Connection"}
{"level":"info","ts":1789745935.811252,"msg":"Starting EventSource","controller":"connection-status-controller","source":"kind source: *v1alpha1.ConnectionPodStatus"}
{"level":"info","ts":1789745935.8133924,"msg":"Starting EventSource","controller":"constraint-controller","source":"kind source: *v1.ValidatingAdmissionPolicyBinding"}
{"level":"info","ts":1789745935.8134773,"msg":"Starting EventSource","controller":"constraint-status-controller","source":"channel source: 0x1b23ace16930"}
{"level":"info","ts":1789745935.8135173,"msg":"Starting EventSource","controller":"constraint-status-controller","source":"kind source: *v1beta1.ConstraintPodStatus"}
{"level":"info","ts":1789745935.8135567,"msg":"Starting Controller","controller":"constrainttemplate-controller"}
{"level":"info","ts":1789745935.8135643,"msg":"Starting workers","controller":"constrainttemplate-controller","worker count":1}
{"level":"info","ts":1789745935.813603,"msg":"Starting EventSource","controller":"constrainttemplate-controller","source":"kind source: *v1beta1.ConstraintTemplate"}
{"level":"info","ts":1789745935.8136232,"msg":"Starting EventSource","controller":"constrainttemplate-controller","source":"channel source: 0x1b23ac7a15e0"}
{"level":"info","ts":1789745935.8136551,"msg":"Starting EventSource","controller":"constrainttemplate-controller","source":"kind source: *v1beta1.ConstraintTemplatePodStatus"}
{"level":"info","ts":1789745935.813663,"msg":"Starting EventSource","controller":"constrainttemplate-controller","source":"kind source: *v1.CustomResourceDefinition"}
{"level":"info","ts":1789745935.8136773,"msg":"Starting EventSource","controller":"constraint-template-status-controller","source":"kind source: *v1beta1.ConstraintTemplate"}
{"level":"info","ts":1789745935.8136795,"msg":"Starting EventSource","controller":"constrainttemplate-controller","source":"kind source: *v1.ValidatingAdmissionPolicy"}
{"level":"info","ts":1789745935.8136692,"msg":"Starting EventSource","controller":"constraint-template-status-controller","source":"kind source: *v1beta1.ConstraintTemplatePodStatus"}
{"level":"info","ts":1789745935.8137674,"msg":"Starting Controller","controller":"expansion-template-controller"}
{"level":"info","ts":1789745935.8137717,"msg":"Starting workers","controller":"expansion-template-controller","worker count":1}
{"level":"info","ts":1789745935.8137987,"msg":"Starting EventSource","controller":"expansion-template-controller","source":"channel source: 0x1b23ac7a1880"}
{"level":"info","ts":1789745935.8138077,"msg":"Starting EventSource","controller":"expansion-template-status-controller","source":"kind source: *v1beta1.ExpansionTemplate"}
{"level":"info","ts":1789745935.8138227,"msg":"Starting EventSource","controller":"expansion-template-status-controller","source":"kind source: *v1beta1.ExpansionTemplatePodStatus"}
{"level":"info","ts":1789745935.8138208,"msg":"Starting EventSource","controller":"expansion-template-controller","source":"kind source: *v1beta1.ExpansionTemplate"}
{"level":"info","ts":1789745935.813836,"msg":"Starting EventSource","controller":"expansion-template-controller","source":"kind source: *v1beta1.ExpansionTemplatePodStatus"}
{"level":"info","ts":1789745935.813856,"logger":"controller","msg":"Export is disabled via flag","process":"export_controller"}
{"level":"info","ts":1789745935.8138604,"logger":"controller","msg":"Export functionality is disabled, skipping export connection controller setup","process":"export_controller"}
{"level":"info","ts":1789745935.8139708,"msg":"Starting EventSource","controller":"externaldata-controller","source":"kind source: *v1beta1.Provider"}
{"level":"info","ts":1789745935.8139734,"msg":"Starting EventSource","controller":"externaldata-controller","source":"kind source: *v1beta1.ProviderPodStatus"}
{"level":"info","ts":1789745935.8140538,"msg":"Starting EventSource","controller":"externaldata-status-controller","source":"kind source: *v1beta1.Provider"}
{"level":"info","ts":1789745935.814065,"msg":"Starting EventSource","controller":"externaldata-status-controller","source":"kind source: *v1beta1.ProviderPodStatus"}
{"level":"info","ts":1789745935.814146,"msg":"Starting EventSource","controller":"assign-controller","source":"channel source: 0x1b23ace17110"}
{"level":"info","ts":1789745935.8141751,"msg":"Starting Controller","controller":"assignimage-controller"}
{"level":"info","ts":1789745935.8141778,"msg":"Starting EventSource","controller":"assign-controller","source":"kind source: *v1.Assign"}
{"level":"info","ts":1789745935.8141785,"msg":"Starting workers","controller":"assignimage-controller","worker count":1}
{"level":"info","ts":1789745935.8141959,"msg":"Starting EventSource","controller":"assign-controller","source":"kind source: *v1beta1.MutatorPodStatus"}
{"level":"info","ts":1789745935.8142037,"msg":"Starting EventSource","controller":"assignimage-controller","source":"kind source: *v1alpha1.AssignImage"}
{"level":"info","ts":1789745935.814228,"msg":"Starting EventSource","controller":"assignimage-controller","source":"kind source: *v1beta1.MutatorPodStatus"}
{"level":"info","ts":1789745935.814232,"msg":"Starting EventSource","controller":"assignimage-controller","source":"channel source: 0x1b23acafcc40"}
{"level":"info","ts":1789745935.8143263,"msg":"Starting Controller","controller":"syncset-controller"}
{"level":"info","ts":1789745935.8143308,"msg":"Starting workers","controller":"syncset-controller","worker count":1}
{"level":"info","ts":1789745935.814334,"msg":"Starting EventSource","controller":"modifyset-controller","source":"kind source: *v1.ModifySet"}
{"level":"info","ts":1789745935.8143551,"msg":"Starting EventSource","controller":"modifyset-controller","source":"kind source: *v1beta1.MutatorPodStatus"}
{"level":"info","ts":1789745935.8143566,"msg":"Starting EventSource","controller":"modifyset-controller","source":"channel source: 0x1b23ace17180"}
{"level":"info","ts":1789745935.8143854,"msg":"Starting EventSource","controller":"assignmetadata-controller","source":"kind source: *v1.AssignMetadata"}
{"level":"info","ts":1789745935.8143997,"msg":"Starting EventSource","controller":"mutator-status-controller","source":"kind source: *v1.Assign"}
{"level":"info","ts":1789745935.8143852,"msg":"Starting EventSource","controller":"assignmetadata-controller","source":"kind source: *v1beta1.MutatorPodStatus"}
{"level":"info","ts":1789745935.8144088,"msg":"Starting EventSource","controller":"mutator-status-controller","source":"kind source: *v1.ModifySet"}
{"level":"info","ts":1789745935.8144126,"msg":"Starting EventSource","controller":"mutator-status-controller","source":"kind source: *v1beta1.MutatorPodStatus"}
{"level":"info","ts":1789745935.8144016,"msg":"Starting EventSource","controller":"mutator-status-controller","source":"kind source: *v1.AssignMetadata"}
{"level":"info","ts":1789745935.8144202,"msg":"Starting EventSource","controller":"mutator-status-controller","source":"kind source: *v1alpha1.AssignImage"}
{"level":"info","ts":1789745935.8143864,"msg":"Starting EventSource","controller":"syncset-controller","source":"kind source: *v1alpha1.SyncSet"}
{"level":"info","ts":1789745935.814435,"logger":"setup","msg":"setting up audit"}
{"level":"info","ts":1789745935.8145175,"msg":"Starting EventSource","controller":"webhookconfig-controller","source":"kind source: *v1.ValidatingWebhookConfiguration"}
{"level":"info","ts":1789745935.814623,"logger":"setup","msg":"setting up upgrade"}
{"level":"info","ts":1789745935.814641,"logger":"controller","msg":"Starting Upgrade Manager","metaKind":"upgrade"}
{"level":"info","ts":1789745935.8146467,"logger":"controller","msg":"Starting Audit Manager","process":"audit"}
{"level":"info","ts":1789745935.817316,"logger":"readiness-tracker","msg":"config resource not found - skipping for readiness"}
{"level":"info","ts":1789745935.8192425,"logger":"readiness-tracker","msg":"ExpectationsDone","gvk":"mutations.gatekeeper.sh/v1, Kind=Assign","expectationCount":0}
{"level":"info","ts":1789745935.8192494,"logger":"readiness-tracker","msg":"ExpectationsDone","gvk":"mutations.gatekeeper.sh/v1, Kind=AssignMetadata","expectationCount":0}
{"level":"info","ts":1789745935.819346,"logger":"readiness-tracker","msg":"ExpectationsDone","gvk":"mutations.gatekeeper.sh/v1, Kind=ModifySet","expectationCount":0}
{"level":"info","ts":1789745935.8194673,"logger":"readiness-tracker","msg":"ExpectationsDone","gvk":"expansion.gatekeeper.sh/v1alpha1, Kind=ExpansionTemplate","expectationCount":0}
{"level":"info","ts":1789745935.8195007,"logger":"readiness-tracker","msg":"ExpectationsDone","gvk":"externaldata.gatekeeper.sh/v1beta1, Kind=Provider","expectationCount":0}
{"level":"info","ts":1789745935.8195746,"logger":"readiness-tracker","msg":"ExpectationsDone","gvk":"templates.gatekeeper.sh/v1beta1, Kind=ConstraintTemplate","expectationCount":0}
{"level":"info","ts":1789745935.8196387,"logger":"readiness-tracker","msg":"ExpectationsDone","gvk":"mutations.gatekeeper.sh/v1alpha1, Kind=AssignImage","expectationCount":0}
{"level":"info","ts":1789745935.8224838,"logger":"readiness-tracker","msg":"ExpectationsDone","gvk":"config.gatekeeper.sh/v1alpha1, Kind=Config","expectationCount":0}
{"level":"info","ts":1789745935.82251,"logger":"readiness-tracker","msg":"ExpectationsDone","gvk":"syncset.gatekeeper.sh/v1alpha1, Kind=SyncSet","expectationCount":0}
{"level":"info","ts":1789745935.828423,"logger":"controller","msg":"resource","metaKind":"upgrade","kind":"ConstraintTemplate","group":"templates.gatekeeper.sh","version":"v1alpha1"}
{"level":"info","ts":1789745935.8295903,"logger":"controller","msg":"resource count","metaKind":"upgrade","count":0}
{"level":"info","ts":1789745935.8352094,"logger":"controller","msg":"resource","metaKind":"upgrade","kind":"ModifySet","group":"mutations.gatekeeper.sh","version":"v1alpha1"}
{"level":"info","ts":1789745935.8365297,"logger":"controller","msg":"resource count","metaKind":"upgrade","count":0}
{"level":"info","ts":1789745935.8365414,"logger":"controller","msg":"resource","metaKind":"upgrade","kind":"AssignImage","group":"mutations.gatekeeper.sh","version":"v1alpha1"}
{"level":"info","ts":1789745935.8373966,"logger":"controller","msg":"resource count","metaKind":"upgrade","count":0}
{"level":"info","ts":1789745935.8374054,"logger":"controller","msg":"resource","metaKind":"upgrade","kind":"Assign","group":"mutations.gatekeeper.sh","version":"v1alpha1"}
{"level":"info","ts":1789745935.8383524,"logger":"controller","msg":"resource count","metaKind":"upgrade","count":0}
{"level":"info","ts":1789745935.8383594,"logger":"controller","msg":"resource","metaKind":"upgrade","kind":"AssignMetadata","group":"mutations.gatekeeper.sh","version":"v1alpha1"}
{"level":"info","ts":1789745935.8393095,"logger":"controller","msg":"resource count","metaKind":"upgrade","count":0}
{"level":"info","ts":1789745935.8435576,"logger":"controller","msg":"resource","metaKind":"upgrade","kind":"Provider","group":"externaldata.gatekeeper.sh","version":"v1alpha1"}
{"level":"info","ts":1789745935.8445342,"msg":"externaldata.gatekeeper.sh/v1alpha1 is deprecated. Use externaldata.gatekeeper.sh/v1beta1 instead."}
{"level":"info","ts":1789745935.844563,"logger":"controller","msg":"resource count","metaKind":"upgrade","count":0}
{"level":"info","ts":1789745936.0169435,"msg":"Starting Controller","controller":"constraint-status-controller"}
{"level":"info","ts":1789745936.016969,"msg":"Starting workers","controller":"constraint-status-controller","worker count":1}
{"level":"info","ts":1789745936.016942,"msg":"Starting Controller","controller":"config-status-controller"}
{"level":"info","ts":1789745936.016985,"msg":"Starting Controller","controller":"connection-status-controller"}
{"level":"info","ts":1789745936.0169914,"msg":"Starting workers","controller":"config-status-controller","worker count":1}
{"level":"info","ts":1789745936.0169878,"msg":"Starting Controller","controller":"constraint-template-status-controller"}
{"level":"info","ts":1789745936.0169969,"msg":"Starting workers","controller":"constraint-template-status-controller","worker count":1}
{"level":"info","ts":1789745936.0169923,"msg":"Starting workers","controller":"connection-status-controller","worker count":1}
{"level":"info","ts":1789745936.0181627,"msg":"Starting Controller","controller":"externaldata-status-controller"}
{"level":"info","ts":1789745936.018169,"msg":"Starting workers","controller":"externaldata-status-controller","worker count":1}
{"level":"info","ts":1789745936.0182037,"msg":"Starting Controller","controller":"externaldata-controller"}
{"level":"info","ts":1789745936.0182116,"msg":"Starting workers","controller":"externaldata-controller","worker count":1}
{"level":"info","ts":1789745936.0182147,"msg":"Starting Controller","controller":"expansion-template-status-controller"}
{"level":"info","ts":1789745936.0182166,"msg":"Starting workers","controller":"expansion-template-status-controller","worker count":1}
{"level":"info","ts":1789745936.0193949,"msg":"Starting Controller","controller":"assign-controller"}
{"level":"info","ts":1789745936.0194001,"msg":"Starting workers","controller":"assign-controller","worker count":1}
{"level":"info","ts":1789745936.0206113,"msg":"Starting Controller","controller":"modifyset-controller"}
{"level":"info","ts":1789745936.020617,"msg":"Starting workers","controller":"modifyset-controller","worker count":1}
{"level":"info","ts":1789745936.020617,"msg":"Starting Controller","controller":"assignmetadata-controller"}
{"level":"info","ts":1789745936.0206213,"msg":"Starting workers","controller":"assignmetadata-controller","worker count":1}
{"level":"info","ts":1789745936.02064,"msg":"Starting Controller","controller":"mutator-status-controller"}
{"level":"info","ts":1789745936.0206413,"msg":"Starting workers","controller":"mutator-status-controller","worker count":1}
{"level":"info","ts":1789745936.0206444,"msg":"Starting Controller","controller":"webhookconfig-controller"}
{"level":"info","ts":1789745936.0206463,"msg":"Starting workers","controller":"webhookconfig-controller","worker count":1}
{"level":"info","ts":1789745936.020871,"logger":"webhook-config-cache","msg":"webhook config stored/updated in cache","key":"gatekeeper-validating-webhook-configuration","cacheSize":1}
{"level":"error","ts":1789745937.106218,"logger":"controller","msg":"error adding template to watch registry","kind":"ConstraintTemplate","process":"constraint_template_controller","name":"studyconformance","crdName":"studyconformance.constraints.gatekeeper.sh","error":"getting informer for kind: constraints.gatekeeper.sh/v1beta1, Kind=StudyConformance no matches for kind \"StudyConformance\" in version \"constraints.gatekeeper.sh/v1beta1\"","stacktrace":"github.com/open-policy-agent/gatekeeper/v3/pkg/controller/constrainttemplate.(*ReconcileConstraintTemplate).handleUpdate\n\t/go/src/github.com/open-policy-agent/gatekeeper/pkg/controller/constrainttemplate/constrainttemplate_controller.go:564\ngithub.com/open-policy-agent/gatekeeper/v3/pkg/controller/constrainttemplate.(*ReconcileConstraintTemplate).Reconcile\n\t/go/src/github.com/open-policy-agent/gatekeeper/pkg/controller/constrainttemplate/constrainttemplate_controller.go:477\nsigs.k8s.io/controller-runtime/pkg/internal/controller.(*Controller[...]).Reconcile\n\t/go/pkg/mod/sigs.k8s.io/controller-runtime@v0.24.1/pkg/internal/controller/controller.go:221\nsigs.k8s.io/controller-runtime/pkg/internal/controller.(*Controller[...]).reconcileHandler\n\t/go/pkg/mod/sigs.k8s.io/controller-runtime@v0.24.1/pkg/internal/controller/controller.go:478\nsigs.k8s.io/controller-runtime/pkg/internal/controller.(*Controller[...]).processNextWorkItem\n\t/go/pkg/mod/sigs.k8s.io/controller-runtime@v0.24.1/pkg/internal/controller/controller.go:437\nsigs.k8s.io/controller-runtime/pkg/internal/controller.(*Controller[...]).Start.func1.1\n\t/go/pkg/mod/sigs.k8s.io/controller-runtime@v0.24.1/pkg/internal/controller/controller.go:312"}
{"level":"error","ts":1789745937.1063144,"logger":"controller","msg":"handle update error","kind":"ConstraintTemplate","process":"constraint_template_controller","template_name":"studyconformance","error":"getting informer for kind: constraints.gatekeeper.sh/v1beta1, Kind=StudyConformance no matches for kind \"StudyConformance\" in version \"constraints.gatekeeper.sh/v1beta1\"","stacktrace":"github.com/open-policy-agent/gatekeeper/v3/pkg/controller/constrainttemplate.(*ReconcileConstraintTemplate).Reconcile\n\t/go/src/github.com/open-policy-agent/gatekeeper/pkg/controller/constrainttemplate/constrainttemplate_controller.go:479\nsigs.k8s.io/controller-runtime/pkg/internal/controller.(*Controller[...]).Reconcile\n\t/go/pkg/mod/sigs.k8s.io/controller-runtime@v0.24.1/pkg/internal/controller/controller.go:221\nsigs.k8s.io/controller-runtime/pkg/internal/controller.(*Controller[...]).reconcileHandler\n\t/go/pkg/mod/sigs.k8s.io/controller-runtime@v0.24.1/pkg/internal/controller/controller.go:478\nsigs.k8s.io/controller-runtime/pkg/internal/controller.(*Controller[...]).processNextWorkItem\n\t/go/pkg/mod/sigs.k8s.io/controller-runtime@v0.24.1/pkg/internal/controller/controller.go:437\nsigs.k8s.io/controller-runtime/pkg/internal/controller.(*Controller[...]).Start.func1.1\n\t/go/pkg/mod/sigs.k8s.io/controller-runtime@v0.24.1/pkg/internal/controller/controller.go:312"}
{"level":"error","ts":1789745937.106356,"msg":"Reconciler error","controller":"constrainttemplate-controller","object":{"name":"studyconformance"},"namespace":"","name":"studyconformance","reconcileID":"fe824dc8-7c14-45a1-9611-ae917b33aaf1","error":"getting informer for kind: constraints.gatekeeper.sh/v1beta1, Kind=StudyConformance no matches for kind \"StudyConformance\" in version \"constraints.gatekeeper.sh/v1beta1\"","stacktrace":"sigs.k8s.io/controller-runtime/pkg/internal/controller.(*Controller[...]).reconcileHandler\n\t/go/pkg/mod/sigs.k8s.io/controller-runtime@v0.24.1/pkg/internal/controller/controller.go:494\nsigs.k8s.io/controller-runtime/pkg/internal/controller.(*Controller[...]).processNextWorkItem\n\t/go/pkg/mod/sigs.k8s.io/controller-runtime@v0.24.1/pkg/internal/controller/controller.go:437\nsigs.k8s.io/controller-runtime/pkg/internal/controller.(*Controller[...]).Start.func1.1\n\t/go/pkg/mod/sigs.k8s.io/controller-runtime@v0.24.1/pkg/internal/controller/controller.go:312"}
{"level":"error","ts":1789745937.109584,"logger":"controller","msg":"error adding template to watch registry","kind":"ConstraintTemplate","process":"constraint_template_controller","name":"studyconformance","crdName":"studyconformance.constraints.gatekeeper.sh","error":"getting informer for kind: constraints.gatekeeper.sh/v1beta1, Kind=StudyConformance no matches for kind \"StudyConformance\" in version \"constraints.gatekeeper.sh/v1beta1\"","stacktrace":"github.com/open-policy-agent/gatekeeper/v3/pkg/controller/constrainttemplate.(*ReconcileConstraintTemplate).handleUpdate\n\t/go/src/github.com/open-policy-agent/gatekeeper/pkg/controller/constrainttemplate/constrainttemplate_controller.go:564\ngithub.com/open-policy-agent/gatekeeper/v3/pkg/controller/constrainttemplate.(*ReconcileConstraintTemplate).Reconcile\n\t/go/src/github.com/open-policy-agent/gatekeeper/pkg/controller/constrainttemplate/constrainttemplate_controller.go:477\nsigs.k8s.io/controller-runtime/pkg/internal/controller.(*Controller[...]).Reconcile\n\t/go/pkg/mod/sigs.k8s.io/controller-runtime@v0.24.1/pkg/internal/controller/controller.go:221\nsigs.k8s.io/controller-runtime/pkg/internal/controller.(*Controller[...]).reconcileHandler\n\t/go/pkg/mod/sigs.k8s.io/controller-runtime@v0.24.1/pkg/internal/controller/controller.go:478\nsigs.k8s.io/controller-runtime/pkg/internal/controller.(*Controller[...]).processNextWorkItem\n\t/go/pkg/mod/sigs.k8s.io/controller-runtime@v0.24.1/pkg/internal/controller/controller.go:437\nsigs.k8s.io/controller-runtime/pkg/internal/controller.(*Controller[...]).Start.func1.1\n\t/go/pkg/mod/sigs.k8s.io/controller-runtime@v0.24.1/pkg/internal/controller/controller.go:312"}
{"level":"error","ts":1789745937.1096728,"logger":"controller","msg":"handle update error","kind":"ConstraintTemplate","process":"constraint_template_controller","template_name":"studyconformance","error":"getting informer for kind: constraints.gatekeeper.sh/v1beta1, Kind=StudyConformance no matches for kind \"StudyConformance\" in version \"constraints.gatekeeper.sh/v1beta1\"","stacktrace":"github.com/open-policy-agent/gatekeeper/v3/pkg/controller/constrainttemplate.(*ReconcileConstraintTemplate).Reconcile\n\t/go/src/github.com/open-policy-agent/gatekeeper/pkg/controller/constrainttemplate/constrainttemplate_controller.go:479\nsigs.k8s.io/controller-runtime/pkg/internal/controller.(*Controller[...]).Reconcile\n\t/go/pkg/mod/sigs.k8s.io/controller-runtime@v0.24.1/pkg/internal/controller/controller.go:221\nsigs.k8s.io/controller-runtime/pkg/internal/controller.(*Controller[...]).reconcileHandler\n\t/go/pkg/mod/sigs.k8s.io/controller-runtime@v0.24.1/pkg/internal/controller/controller.go:478\nsigs.k8s.io/controller-runtime/pkg/internal/controller.(*Controller[...]).processNextWorkItem\n\t/go/pkg/mod/sigs.k8s.io/controller-runtime@v0.24.1/pkg/internal/controller/controller.go:437\nsigs.k8s.io/controller-runtime/pkg/internal/controller.(*Controller[...]).Start.func1.1\n\t/go/pkg/mod/sigs.k8s.io/controller-runtime@v0.24.1/pkg/internal/controller/controller.go:312"}
{"level":"error","ts":1789745937.1097164,"msg":"Reconciler error","controller":"constrainttemplate-controller","object":{"name":"studyconformance"},"namespace":"","name":"studyconformance","reconcileID":"823b4400-3eee-4fc7-aa75-acd2b6242bf0","error":"getting informer for kind: constraints.gatekeeper.sh/v1beta1, Kind=StudyConformance no matches for kind \"StudyConformance\" in version \"constraints.gatekeeper.sh/v1beta1\"","stacktrace":"sigs.k8s.io/controller-runtime/pkg/internal/controller.(*Controller[...]).reconcileHandler\n\t/go/pkg/mod/sigs.k8s.io/controller-runtime@v0.24.1/pkg/internal/controller/controller.go:494\nsigs.k8s.io/controller-runtime/pkg/internal/controller.(*Controller[...]).processNextWorkItem\n\t/go/pkg/mod/sigs.k8s.io/controller-runtime@v0.24.1/pkg/internal/controller/controller.go:437\nsigs.k8s.io/controller-runtime/pkg/internal/controller.(*Controller[...]).Start.func1.1\n\t/go/pkg/mod/sigs.k8s.io/controller-runtime@v0.24.1/pkg/internal/controller/controller.go:312"}
{"level":"error","ts":1789745937.1182358,"logger":"controller","msg":"error adding template to watch registry","kind":"ConstraintTemplate","process":"constraint_template_controller","name":"studyconformance","crdName":"studyconformance.constraints.gatekeeper.sh","error":"getting informer for kind: constraints.gatekeeper.sh/v1beta1, Kind=StudyConformance no matches for kind \"StudyConformance\" in version \"constraints.gatekeeper.sh/v1beta1\"","stacktrace":"github.com/open-policy-agent/gatekeeper/v3/pkg/controller/constrainttemplate.(*ReconcileConstraintTemplate).handleUpdate\n\t/go/src/github.com/open-policy-agent/gatekeeper/pkg/controller/constrainttemplate/constrainttemplate_controller.go:564\ngithub.com/open-policy-agent/gatekeeper/v3/pkg/controller/constrainttemplate.(*ReconcileConstraintTemplate).Reconcile\n\t/go/src/github.com/open-policy-agent/gatekeeper/pkg/controller/constrainttemplate/constrainttemplate_controller.go:477\nsigs.k8s.io/controller-runtime/pkg/internal/controller.(*Controller[...]).Reconcile\n\t/go/pkg/mod/sigs.k8s.io/controller-runtime@v0.24.1/pkg/internal/controller/controller.go:221\nsigs.k8s.io/controller-runtime/pkg/internal/controller.(*Controller[...]).reconcileHandler\n\t/go/pkg/mod/sigs.k8s.io/controller-runtime@v0.24.1/pkg/internal/controller/controller.go:478\nsigs.k8s.io/controller-runtime/pkg/internal/controller.(*Controller[...]).processNextWorkItem\n\t/go/pkg/mod/sigs.k8s.io/controller-runtime@v0.24.1/pkg/internal/controller/controller.go:437\nsigs.k8s.io/controller-runtime/pkg/internal/controller.(*Controller[...]).Start.func1.1\n\t/go/pkg/mod/sigs.k8s.io/controller-runtime@v0.24.1/pkg/internal/controller/controller.go:312"}
{"level":"error","ts":1789745937.1182904,"logger":"controller","msg":"handle update error","kind":"ConstraintTemplate","process":"constraint_template_controller","template_name":"studyconformance","error":"getting informer for kind: constraints.gatekeeper.sh/v1beta1, Kind=StudyConformance no matches for kind \"StudyConformance\" in version \"constraints.gatekeeper.sh/v1beta1\"","stacktrace":"github.com/open-policy-agent/gatekeeper/v3/pkg/controller/constrainttemplate.(*ReconcileConstraintTemplate).Reconcile\n\t/go/src/github.com/open-policy-agent/gatekeeper/pkg/controller/constrainttemplate/constrainttemplate_controller.go:479\nsigs.k8s.io/controller-runtime/pkg/internal/controller.(*Controller[...]).Reconcile\n\t/go/pkg/mod/sigs.k8s.io/controller-runtime@v0.24.1/pkg/internal/controller/controller.go:221\nsigs.k8s.io/controller-runtime/pkg/internal/controller.(*Controller[...]).reconcileHandler\n\t/go/pkg/mod/sigs.k8s.io/controller-runtime@v0.24.1/pkg/internal/controller/controller.go:478\nsigs.k8s.io/controller-runtime/pkg/internal/controller.(*Controller[...]).processNextWorkItem\n\t/go/pkg/mod/sigs.k8s.io/controller-runtime@v0.24.1/pkg/internal/controller/controller.go:437\nsigs.k8s.io/controller-runtime/pkg/internal/controller.(*Controller[...]).Start.func1.1\n\t/go/pkg/mod/sigs.k8s.io/controller-runtime@v0.24.1/pkg/internal/controller/controller.go:312"}
{"level":"error","ts":1789745937.1183155,"msg":"Reconciler error","controller":"constrainttemplate-controller","object":{"name":"studyconformance"},"namespace":"","name":"studyconformance","reconcileID":"53da7f53-c6e4-495e-b988-76e9d5d177e5","error":"getting informer for kind: constraints.gatekeeper.sh/v1beta1, Kind=StudyConformance no matches for kind \"StudyConformance\" in version \"constraints.gatekeeper.sh/v1beta1\"","stacktrace":"sigs.k8s.io/controller-runtime/pkg/internal/controller.(*Controller[...]).reconcileHandler\n\t/go/pkg/mod/sigs.k8s.io/controller-runtime@v0.24.1/pkg/internal/controller/controller.go:494\nsigs.k8s.io/controller-runtime/pkg/internal/controller.(*Controller[...]).processNextWorkItem\n\t/go/pkg/mod/sigs.k8s.io/controller-runtime@v0.24.1/pkg/internal/controller/controller.go:437\nsigs.k8s.io/controller-runtime/pkg/internal/controller.(*Controller[...]).Start.func1.1\n\t/go/pkg/mod/sigs.k8s.io/controller-runtime@v0.24.1/pkg/internal/controller/controller.go:312"}
{"level":"info","ts":1789745937.1282308,"logger":"watch-manager","msg":"replaying events","registrar":"constrainttemplate-controller-status","gvk":"constraints.gatekeeper.sh/v1beta1, Kind=StudyConformance"}
{"level":"info","ts":1789745937.1622646,"logger":"controller","msg":"handling constraint template status update","process":"constraint_template_status_controller","instance":{"apiVersion":"templates.gatekeeper.sh/v1beta1","kind":"ConstraintTemplate","name":"studyconformance"}}
{"level":"info","ts":1789745937.1694286,"logger":"controller","msg":"handling constraint template status update","process":"constraint_template_status_controller","instance":{"apiVersion":"templates.gatekeeper.sh/v1beta1","kind":"ConstraintTemplate","name":"studyconformance"}}
{"level":"info","ts":1789745937.1725624,"logger":"controller","msg":"handling constraint template status update","process":"constraint_template_status_controller","instance":{"apiVersion":"templates.gatekeeper.sh/v1beta1","kind":"ConstraintTemplate","name":"studyconformance"}}
{"level":"info","ts":1789745938.311372,"logger":"readiness-tracker","msg":"readiness satisfied, no further collection"}
{"level":"info","ts":1789745939.6735735,"logger":"controller","msg":"handling constraint status update","process":"constraint_status_controller","instance":{"apiVersion":"constraints.gatekeeper.sh/v1beta1","kind":"StudyConformance","name":"study-conformance"}}
{"level":"info","ts":1789745939.6855283,"logger":"controller","msg":"handling constraint status update","process":"constraint_status_controller","instance":{"apiVersion":"constraints.gatekeeper.sh/v1beta1","kind":"StudyConformance","name":"study-conformance"}}
{"level":"info","ts":1789745939.6896183,"logger":"controller","msg":"handling constraint status update","process":"constraint_status_controller","instance":{"apiVersion":"constraints.gatekeeper.sh/v1beta1","kind":"StudyConformance","name":"study-conformance"}}
